interactions:
- request:
    body: '{"uuid":"6dae9be7-4f93-4aad-b56a-10b683b16dcc","publisher":{"uuid":"2958f200-4f2d-4d8d-9e20-2c18257f7ce7","naam":"Best,
      Silva and Jimenez"},"informatie_categorieen":[{"uuid":"d36426dc-d6b2-44b2-bc33-fe9c39990353","naam":"Key
      computer court."}],"officiele_titel":"Forget week tell address evidence make.","verkorte_titel":"Young.","omschrijving":"Relate
      suddenly throw democratic. Real difference interesting. Our ever pass century
      sign everything network identify.","registratiedatum":"2025-03-03T12:48:36.682922","laatst_gewijzigd_datum":"2026-01-05T12:00:00+00:00"}'
    headers:
      accept:
      - application/vnd.elasticsearch+json; compatible-with=8
      connection:
      - keep-alive
      content-type:
      - application/vnd.elasticsearch+json; compatible-with=8
      user-agent:
      - elasticsearch-dsl-py/8.17.1
      x-elastic-client-meta:
      - es=8.17.1,py=3.12.8,t=8.17.0,ur=2.2.2
    method: PUT
    uri: http://localhost:9201/publication/_doc/6dae9be7-4f93-4aad-b56a-10b683b16dcc?refresh=wait_for
  response:
    body:
      string: '{"_index":"publication","_id":"6dae9be7-4f93-4aad-b56a-10b683b16dcc","_version":3,"result":"created","_shards":{"total":2,"successful":1,"failed":0},"_seq_no":22,"_primary_term":1}'
    headers:
      Location:
      - /publication/_doc/6dae9be7-4f93-4aad-b56a-10b683b16dcc
      X-elastic-product:
      - Elasticsearch
      content-length:
      - '180'
      content-type:
      - application/vnd.elasticsearch+json;compatible-with=8
    status:
      code: 201
      message: Created
- request:
    body: '{"uuid":"525747fd-7e58-4005-8efa-59bcf4403385","publicatie":"bfe85290-c23c-43cf-bba0-a691ab05f7e1","informatie_categorieen":[{"uuid":"f2c7ce40-466a-4448-984e-57348cbf99fe","naam":"Line."}],"publisher":{"uuid":"b05786e7-68e0-4828-948f-b9a7d4281ee7","naam":"Gibbs
      PLC"},"identifier":"identifier-20","officiele_titel":"Research around second
      agent stay age.","verkorte_titel":"Often another law.","omschrijving":"Experience
      want social remember money question grow. Bar foreign full garden law its involve.
      Popular challenge window just final really.","creatiedatum":"2025-02-25","registratiedatum":"2025-03-06T05:14:49.389646","laatst_gewijzigd_datum":"2026-01-05T12:00:00+00:00"}'
    headers:
      accept:
      - application/vnd.elasticsearch+json; compatible-with=8
      connection:
      - keep-alive
      content-type:
      - application/vnd.elasticsearch+json; compatible-with=8
      user-agent:
      - elasticsearch-dsl-py/8.17.1
      x-elastic-client-meta:
      - es=8.17.1,py=3.12.8,t=8.17.0,ur=2.2.2
    method: PUT
    uri: http://localhost:9201/document/_doc/525747fd-7e58-4005-8efa-59bcf4403385?refresh=wait_for
  response:
    body:
      string: '{"_index":"document","_id":"525747fd-7e58-4005-8efa-59bcf4403385","_version":1,"result":"created","_shards":{"total":2,"successful":1,"failed":0},"_seq_no":36,"_primary_term":1}'
    headers:
      Location:
      - /document/_doc/525747fd-7e58-4005-8efa-59bcf4403385
      X-elastic-product:
      - Elasticsearch
      content-length:
      - '177'
      content-type:
      - application/vnd.elasticsearch+json;compatible-with=8
    status:
      code: 201
      message: Created
- request:
    body: '{"query":{"function_score":{"functions":[{"gauss":{"registratiedatum":{"origin":"now","scale":"15d","offset":"7d","decay":0.5}}}],"query":{"match_all":{}},"score_mode":"multiply"}},"aggs":{"ResultType":{"terms":{"field":"_index"}},"Publisher":{"filter":{"match_all":{}},"aggs":{"FilteredPublisher":{"multi_terms":{"terms":[{"field":"publisher.uuid.keyword"},{"field":"publisher.naam.keyword"}]}}}},"InformationCategories":{"filter":{"match_all":{}},"aggs":{"Categories":{"nested":{"path":"informatie_categorieen"},"aggs":{"FilteredCategories":{"multi_terms":{"terms":[{"field":"informatie_categorieen.uuid.keyword"},{"field":"informatie_categorieen.naam.keyword"}]}}}}}}},"sort":["_score",{"laatst_gewijzigd_datum":{"order":"desc"}}],"indices_boost":[{"publication":2.0},{"document":1.0}],"from":0,"size":10}'
    headers:
      accept:
      - application/vnd.elasticsearch+json; compatible-with=8
      connection:
      - keep-alive
      content-type:
      - application/vnd.elasticsearch+json; compatible-with=8
      user-agent:
      - elasticsearch-dsl-py/8.17.1
      x-elastic-client-meta:
      - es=8.17.1,py=3.12.8,t=8.17.0,ur=2.2.2
    method: POST
    uri: http://localhost:9201/publication,document/_search
  response:
    body:
      string: '{"took":5,"timed_out":false,"_shards":{"total":2,"successful":2,"skipped":0,"failed":0},"hits":{"total":{"value":2,"relation":"eq"},"max_score":null,"hits":[{"_index":"publication","_id":"6dae9be7-4f93-4aad-b56a-10b683b16dcc","_score":2.0,"_source":{"uuid":"6dae9be7-4f93-4aad-b56a-10b683b16dcc","publisher":{"uuid":"2958f200-4f2d-4d8d-9e20-2c18257f7ce7","naam":"Best,
        Silva and Jimenez"},"informatie_categorieen":[{"uuid":"d36426dc-d6b2-44b2-bc33-fe9c39990353","naam":"Key
        computer court."}],"officiele_titel":"Forget week tell address evidence make.","verkorte_titel":"Young.","omschrijving":"Relate
        suddenly throw democratic. Real difference interesting. Our ever pass century
        sign everything network identify.","registratiedatum":"2025-03-03T12:48:36.682922","laatst_gewijzigd_datum":"2026-01-05T12:00:00+00:00"},"sort":[2.0,1767614400000]},{"_index":"document","_id":"525747fd-7e58-4005-8efa-59bcf4403385","_score":1.0,"_source":{"uuid":"525747fd-7e58-4005-8efa-59bcf4403385","publicatie":"bfe85290-c23c-43cf-bba0-a691ab05f7e1","informatie_categorieen":[{"uuid":"f2c7ce40-466a-4448-984e-57348cbf99fe","naam":"Line."}],"publisher":{"uuid":"b05786e7-68e0-4828-948f-b9a7d4281ee7","naam":"Gibbs
        PLC"},"identifier":"identifier-20","officiele_titel":"Research around second
        agent stay age.","verkorte_titel":"Often another law.","omschrijving":"Experience
        want social remember money question grow. Bar foreign full garden law its
        involve. Popular challenge window just final really.","creatiedatum":"2025-02-25","registratiedatum":"2025-03-06T05:14:49.389646","laatst_gewijzigd_datum":"2026-01-05T12:00:00+00:00"},"sort":[1.0,1767614400000]}]},"aggregations":{"InformationCategories":{"doc_count":2,"Categories":{"doc_count":2,"FilteredCategories":{"doc_count_error_upper_bound":0,"sum_other_doc_count":0,"buckets":[{"key":["d36426dc-d6b2-44b2-bc33-fe9c39990353","Key
        computer court."],"key_as_string":"d36426dc-d6b2-44b2-bc33-fe9c39990353|Key
        computer court.","doc_count":1},{"key":["f2c7ce40-466a-4448-984e-57348cbf99fe","Line."],"key_as_string":"f2c7ce40-466a-4448-984e-57348cbf99fe|Line.","doc_count":1}]}}},"Publisher":{"doc_count":2,"FilteredPublisher":{"doc_count_error_upper_bound":0,"sum_other_doc_count":0,"buckets":[{"key":["2958f200-4f2d-4d8d-9e20-2c18257f7ce7","Best,
        Silva and Jimenez"],"key_as_string":"2958f200-4f2d-4d8d-9e20-2c18257f7ce7|Best,
        Silva and Jimenez","doc_count":1},{"key":["b05786e7-68e0-4828-948f-b9a7d4281ee7","Gibbs
        PLC"],"key_as_string":"b05786e7-68e0-4828-948f-b9a7d4281ee7|Gibbs PLC","doc_count":1}]}},"ResultType":{"doc_count_error_upper_bound":0,"sum_other_doc_count":0,"buckets":[{"key":"document","doc_count":1},{"key":"publication","doc_count":1}]}}}'
    headers:
      X-elastic-product:
      - Elasticsearch
      content-type:
      - application/vnd.elasticsearch+json;compatible-with=8
    status:
      code: 200
      message: OK
- request:
    body: '{"uuid":"525747fd-7e58-4005-8efa-59bcf4403385","publicatie":"8a3d044e-e504-4469-9607-79e99c85a6f2","informatie_categorieen":[{"uuid":"0d7bf050-0443-4064-a3d5-c10dc425a652","naam":"Military
      member."}],"publisher":{"uuid":"ef820120-fae4-4142-84af-ca80a3d5e247","naam":"Pearson
      Ltd"},"identifier":"identifier-19","officiele_titel":"That sort unit morning
      forward.","verkorte_titel":"Public international.","omschrijving":"Religious
      thought feeling price single impact present return.","creatiedatum":"2025-02-10","registratiedatum":"2025-03-02T06:29:32.518670","laatst_gewijzigd_datum":"2026-01-05T12:00:00+00:00"}'
    headers:
      accept:
      - application/vnd.elasticsearch+json; compatible-with=8
      connection:
      - keep-alive
      content-type:
      - application/vnd.elasticsearch+json; compatible-with=8
      user-agent:
      - elasticsearch-dsl-py/8.17.1
      x-elastic-client-meta:
      - es=8.17.1,py=3.12.6,t=8.17.0,ur=2.2.2
    method: PUT
    uri: http://localhost:9201/document/_doc/525747fd-7e58-4005-8efa-59bcf4403385?pipeline=document_attachment&refresh=wait_for
  response:
    body:
      string: '{"_index":"document","_id":"525747fd-7e58-4005-8efa-59bcf4403385","_version":1,"result":"created","_shards":{"total":2,"successful":1,"failed":0},"_seq_no":36,"_primary_term":1}'
    headers:
      Location:
      - /document/_doc/525747fd-7e58-4005-8efa-59bcf4403385
      X-elastic-product:
      - Elasticsearch
      content-length:
      - '177'
      content-type:
      - application/vnd.elasticsearch+json;compatible-with=8
    status:
      code: 201
      message: Created
- request:
    body: '{"uuid":"6dae9be7-4f93-4aad-b56a-10b683b16dcc","publisher":{"uuid":"0a67c114-9cc8-4f7b-bdbe-e7f3c25a6c81","naam":"Mitchell-Smith"},"informatie_categorieen":[{"uuid":"be0a3240-ab62-4a32-9164-3fd3061f4756","naam":"Travel
      change."}],"officiele_titel":"Management work entire similar resource get.","verkorte_titel":"A.","omschrijving":"Specific
      soldier scene source young. Course author stand many finally.","registratiedatum":"2025-03-04T18:49:42.422960","laatst_gewijzigd_datum":"2026-01-05T12:00:00+00:00"}'
    headers:
      accept:
      - application/vnd.elasticsearch+json; compatible-with=8
      connection:
      - keep-alive
      content-type:
      - application/vnd.elasticsearch+json; compatible-with=8
      user-agent:
      - elasticsearch-dsl-py/8.17.1
      x-elastic-client-meta:
      - es=8.17.1,py=3.12.6,t=8.17.0,ur=2.2.2
    method: PUT
    uri: http://localhost:9201/publication/_doc/6dae9be7-4f93-4aad-b56a-10b683b16dcc?refresh=wait_for
  response:
    body:
      string: '{"_index":"publication","_id":"6dae9be7-4f93-4aad-b56a-10b683b16dcc","_version":3,"result":"created","_shards":{"total":2,"successful":1,"failed":0},"_seq_no":22,"_primary_term":1}'
    headers:
      Location:
      - /publication/_doc/6dae9be7-4f93-4aad-b56a-10b683b16dcc
      X-elastic-product:
      - Elasticsearch
      content-length:
      - '180'
      content-type:
      - application/vnd.elasticsearch+json;compatible-with=8
    status:
      code: 201
      message: Created
- request:
    body: '{"uuid":"525747fd-7e58-4005-8efa-59bcf4403385","publicatie":"3c5670a5-b6e2-4935-a4e8-6d66839572cc","informatie_categorieen":[{"uuid":"1add1eae-71d5-48f1-9dbd-67ec8f2c6f47","naam":"Stand."}],"publisher":{"uuid":"104975f4-4a56-41c2-aecf-acfc34e49c3d","naam":"Hurst-Moore"},"identifier":"identifier-19","officiele_titel":"Should
      imagine least manage finally who.","verkorte_titel":"Admit something stay control.","omschrijving":"Sure
      front land nature. Rule him operation effect why wonder test. Fall audience
      read future bed.","creatiedatum":"2025-02-28","registratiedatum":"2025-03-01T19:57:44.368226","laatst_gewijzigd_datum":"2026-01-05T12:00:00+00:00"}'
    headers:
      accept:
      - application/vnd.elasticsearch+json; compatible-with=8
      connection:
      - keep-alive
      content-type:
      - application/vnd.elasticsearch+json; compatible-with=8
      user-agent:
      - elasticsearch-dsl-py/8.17.1
      x-elastic-client-meta:
      - es=8.17.1,py=3.12.6,t=8.17.0,ur=2.2.2
    method: PUT
    uri: http://localhost:9201/document/_doc/525747fd-7e58-4005-8efa-59bcf4403385?pipeline=document_attachment&refresh=wait_for
  response:
    body:
      string: '{"_index":"document","_id":"525747fd-7e58-4005-8efa-59bcf4403385","_version":1,"result":"created","_shards":{"total":2,"successful":1,"failed":0},"_seq_no":36,"_primary_term":1}'
    headers:
      Location:
      - /document/_doc/525747fd-7e58-4005-8efa-59bcf4403385
      X-elastic-product:
      - Elasticsearch
      content-length:
      - '177'
      content-type:
      - application/vnd.elasticsearch+json;compatible-with=8
    status:
      code: 201
      message: Created
- request:
    body: '{"query":{"function_score":{"functions":[{"gauss":{"registratiedatum":{"origin":"now","scale":"15d","offset":"7d","decay":0.5}}}],"query":{"match_all":{}},"score_mode":"multiply"}},"aggs":{"ResultType":{"terms":{"field":"_index"}},"Publisher":{"multi_terms":{"terms":[{"field":"publisher.uuid.keyword"},{"field":"publisher.naam.keyword"}]}},"InformationCategories":{"nested":{"path":"informatie_categorieen"},"aggs":{"Categories":{"multi_terms":{"terms":[{"field":"informatie_categorieen.uuid.keyword"},{"field":"informatie_categorieen.naam.keyword"}]}}}}},"sort":["_score",{"laatst_gewijzigd_datum":{"order":"desc"}}],"indices_boost":[{"publication":2.0},{"document":1.0}],"from":0,"size":10}'
    headers:
      accept:
      - application/vnd.elasticsearch+json; compatible-with=8
      connection:
      - keep-alive
      content-type:
      - application/vnd.elasticsearch+json; compatible-with=8
      user-agent:
      - elasticsearch-dsl-py/8.17.1
      x-elastic-client-meta:
      - es=8.17.1,py=3.12.6,t=8.17.0,ur=2.2.2
    method: POST
    uri: http://localhost:9201/publication,document/_search
  response:
    body:
      string: '{"took":3,"timed_out":false,"_shards":{"total":2,"successful":2,"skipped":0,"failed":0},"hits":{"total":{"value":2,"relation":"eq"},"max_score":null,"hits":[{"_index":"publication","_id":"6dae9be7-4f93-4aad-b56a-10b683b16dcc","_score":2.0,"_source":{"uuid":"6dae9be7-4f93-4aad-b56a-10b683b16dcc","publisher":{"uuid":"0a67c114-9cc8-4f7b-bdbe-e7f3c25a6c81","naam":"Mitchell-Smith"},"informatie_categorieen":[{"uuid":"be0a3240-ab62-4a32-9164-3fd3061f4756","naam":"Travel
        change."}],"officiele_titel":"Management work entire similar resource get.","verkorte_titel":"A.","omschrijving":"Specific
        soldier scene source young. Course author stand many finally.","registratiedatum":"2025-03-04T18:49:42.422960","laatst_gewijzigd_datum":"2026-01-05T12:00:00+00:00"},"sort":[2.0,1767614400000]},{"_index":"document","_id":"525747fd-7e58-4005-8efa-59bcf4403385","_score":1.0,"_source":{"omschrijving":"Sure
        front land nature. Rule him operation effect why wonder test. Fall audience
        read future bed.","identifier":"identifier-19","publicatie":"3c5670a5-b6e2-4935-a4e8-6d66839572cc","officiele_titel":"Should
        imagine least manage finally who.","informatie_categorieen":[{"naam":"Stand.","uuid":"1add1eae-71d5-48f1-9dbd-67ec8f2c6f47"}],"publisher":{"naam":"Hurst-Moore","uuid":"104975f4-4a56-41c2-aecf-acfc34e49c3d"},"creatiedatum":"2025-02-28","registratiedatum":"2025-03-01T19:57:44.368226","uuid":"525747fd-7e58-4005-8efa-59bcf4403385","verkorte_titel":"Admit
        something stay control.","laatst_gewijzigd_datum":"2026-01-05T12:00:00+00:00"},"sort":[1.0,1767614400000]}]},"aggregations":{"InformationCategories":{"doc_count":2,"Categories":{"doc_count_error_upper_bound":0,"sum_other_doc_count":0,"buckets":[{"key":["1add1eae-71d5-48f1-9dbd-67ec8f2c6f47","Stand."],"key_as_string":"1add1eae-71d5-48f1-9dbd-67ec8f2c6f47|Stand.","doc_count":1},{"key":["be0a3240-ab62-4a32-9164-3fd3061f4756","Travel
        change."],"key_as_string":"be0a3240-ab62-4a32-9164-3fd3061f4756|Travel change.","doc_count":1}]}},"Publisher":{"doc_count_error_upper_bound":0,"sum_other_doc_count":0,"buckets":[{"key":["0a67c114-9cc8-4f7b-bdbe-e7f3c25a6c81","Mitchell-Smith"],"key_as_string":"0a67c114-9cc8-4f7b-bdbe-e7f3c25a6c81|Mitchell-Smith","doc_count":1},{"key":["104975f4-4a56-41c2-aecf-acfc34e49c3d","Hurst-Moore"],"key_as_string":"104975f4-4a56-41c2-aecf-acfc34e49c3d|Hurst-Moore","doc_count":1}]},"ResultType":{"doc_count_error_upper_bound":0,"sum_other_doc_count":0,"buckets":[{"key":"document","doc_count":1},{"key":"publication","doc_count":1}]}}}'
    headers:
      Transfer-Encoding:
      - chunked
      X-elastic-product:
      - Elasticsearch
      content-type:
      - application/vnd.elasticsearch+json;compatible-with=8
    status:
      code: 200
      message: OK
- request:
    body: '{"uuid":"6dae9be7-4f93-4aad-b56a-10b683b16dcc","publisher":{"uuid":"a421ce12-66a1-484a-8722-6fb08eaab1c9","naam":"Chan
      PLC"},"informatie_categorieen":[{"uuid":"c2989794-f4a2-4e9a-b694-f30b3538b2d7","naam":"Part
      price call."}],"officiele_titel":"Write three quickly.","verkorte_titel":"Radio
      ahead skin social.","omschrijving":"Far picture who mission statement radio
      increase late.","registratiedatum":"2025-03-02T16:13:20.977902","laatst_gewijzigd_datum":"2026-01-05T12:00:00+00:00"}'
    headers:
      accept:
      - application/vnd.elasticsearch+json; compatible-with=8
      connection:
      - keep-alive
      content-type:
      - application/vnd.elasticsearch+json; compatible-with=8
      user-agent:
      - elasticsearch-dsl-py/8.17.1
      x-elastic-client-meta:
      - es=8.17.1,py=3.12.6,t=8.17.0,ur=2.2.2
    method: PUT
    uri: http://localhost:9201/publication/_doc/6dae9be7-4f93-4aad-b56a-10b683b16dcc?refresh=wait_for
  response:
    body:
      string: '{"_index":"publication","_id":"6dae9be7-4f93-4aad-b56a-10b683b16dcc","_version":3,"result":"created","_shards":{"total":2,"successful":1,"failed":0},"_seq_no":22,"_primary_term":1}'
    headers:
      Location:
      - /publication/_doc/6dae9be7-4f93-4aad-b56a-10b683b16dcc
      X-elastic-product:
      - Elasticsearch
      content-length:
      - '180'
      content-type:
      - application/vnd.elasticsearch+json;compatible-with=8
    status:
      code: 201
      message: Created
- request:
    body: '{"uuid":"525747fd-7e58-4005-8efa-59bcf4403385","publicatie":"99ff61c5-d754-47b1-b1cf-ba14ad0d19b8","informatie_categorieen":[{"uuid":"249176b2-a362-4554-b229-63ffc2efe03f","naam":"Stand
      guy down."}],"publisher":{"uuid":"562e6ec8-bcbd-45ed-a248-7494f5347faf","naam":"Miller-Sanders"},"identifier":"identifier-19","officiele_titel":"Home
      sign some here oil.","verkorte_titel":"Choose season purpose.","omschrijving":"Minute
      able clear sometimes. Act or agree now wait remember.","creatiedatum":"2025-03-01","registratiedatum":"2025-03-04T08:22:31.347744","laatst_gewijzigd_datum":"2026-01-05T12:00:00+00:00"}'
    headers:
      accept:
      - application/vnd.elasticsearch+json; compatible-with=8
      connection:
      - keep-alive
      content-type:
      - application/vnd.elasticsearch+json; compatible-with=8
      user-agent:
      - elasticsearch-dsl-py/8.17.1
      x-elastic-client-meta:
      - es=8.17.1,py=3.12.6,t=8.17.0,ur=2.2.2
    method: PUT
    uri: http://localhost:9201/document/_doc/525747fd-7e58-4005-8efa-59bcf4403385?pipeline=document_attachment&refresh=wait_for
  response:
    body:
      string: '{"_index":"document","_id":"525747fd-7e58-4005-8efa-59bcf4403385","_version":1,"result":"created","_shards":{"total":2,"successful":1,"failed":0},"_seq_no":36,"_primary_term":1}'
    headers:
      Location:
      - /document/_doc/525747fd-7e58-4005-8efa-59bcf4403385
      X-elastic-product:
      - Elasticsearch
      content-length:
      - '177'
      content-type:
      - application/vnd.elasticsearch+json;compatible-with=8
    status:
      code: 201
      message: Created
- request:
    body: '{"query":{"function_score":{"functions":[{"gauss":{"registratiedatum":{"origin":"now","scale":"15d","offset":"7d","decay":0.5}}}],"query":{"match_all":{}},"score_mode":"multiply"}},"aggs":{"ResultType":{"terms":{"field":"_index"}},"Publisher":{"multi_terms":{"terms":[{"field":"publisher.uuid.keyword"},{"field":"publisher.naam.keyword"}]}},"InformationCategories":{"nested":{"path":"informatie_categorieen"},"aggs":{"Categories":{"multi_terms":{"terms":[{"field":"informatie_categorieen.uuid.keyword"},{"field":"informatie_categorieen.naam.keyword"}]}}}}},"sort":["_score",{"laatst_gewijzigd_datum":{"order":"desc"}}],"indices_boost":[{"publication":2.0},{"document":1.0}],"from":0,"size":10}'
    headers:
      accept:
      - application/vnd.elasticsearch+json; compatible-with=8
      connection:
      - keep-alive
      content-type:
      - application/vnd.elasticsearch+json; compatible-with=8
      user-agent:
      - elasticsearch-dsl-py/8.17.1
      x-elastic-client-meta:
      - es=8.17.1,py=3.12.6,t=8.17.0,ur=2.2.2
    method: POST
    uri: http://localhost:9201/publication,document/_search
  response:
    body:
      string: '{"took":3,"timed_out":false,"_shards":{"total":2,"successful":2,"skipped":0,"failed":0},"hits":{"total":{"value":2,"relation":"eq"},"max_score":null,"hits":[{"_index":"publication","_id":"6dae9be7-4f93-4aad-b56a-10b683b16dcc","_score":2.0,"_source":{"uuid":"6dae9be7-4f93-4aad-b56a-10b683b16dcc","publisher":{"uuid":"a421ce12-66a1-484a-8722-6fb08eaab1c9","naam":"Chan
        PLC"},"informatie_categorieen":[{"uuid":"c2989794-f4a2-4e9a-b694-f30b3538b2d7","naam":"Part
        price call."}],"officiele_titel":"Write three quickly.","verkorte_titel":"Radio
        ahead skin social.","omschrijving":"Far picture who mission statement radio
        increase late.","registratiedatum":"2025-03-02T16:13:20.977902","laatst_gewijzigd_datum":"2026-01-05T12:00:00+00:00"},"sort":[2.0,1767614400000]},{"_index":"document","_id":"525747fd-7e58-4005-8efa-59bcf4403385","_score":1.0,"_source":{"omschrijving":"Minute
        able clear sometimes. Act or agree now wait remember.","identifier":"identifier-19","publicatie":"99ff61c5-d754-47b1-b1cf-ba14ad0d19b8","officiele_titel":"Home
        sign some here oil.","informatie_categorieen":[{"naam":"Stand guy down.","uuid":"249176b2-a362-4554-b229-63ffc2efe03f"}],"publisher":{"naam":"Miller-Sanders","uuid":"562e6ec8-bcbd-45ed-a248-7494f5347faf"},"creatiedatum":"2025-03-01","registratiedatum":"2025-03-04T08:22:31.347744","uuid":"525747fd-7e58-4005-8efa-59bcf4403385","verkorte_titel":"Choose
        season purpose.","laatst_gewijzigd_datum":"2026-01-05T12:00:00+00:00"},"sort":[1.0,1767614400000]}]},"aggregations":{"InformationCategories":{"doc_count":2,"Categories":{"doc_count_error_upper_bound":0,"sum_other_doc_count":0,"buckets":[{"key":["249176b2-a362-4554-b229-63ffc2efe03f","Stand
        guy down."],"key_as_string":"249176b2-a362-4554-b229-63ffc2efe03f|Stand guy
        down.","doc_count":1},{"key":["c2989794-f4a2-4e9a-b694-f30b3538b2d7","Part
        price call."],"key_as_string":"c2989794-f4a2-4e9a-b694-f30b3538b2d7|Part price
        call.","doc_count":1}]}},"Publisher":{"doc_count_error_upper_bound":0,"sum_other_doc_count":0,"buckets":[{"key":["562e6ec8-bcbd-45ed-a248-7494f5347faf","Miller-Sanders"],"key_as_string":"562e6ec8-bcbd-45ed-a248-7494f5347faf|Miller-Sanders","doc_count":1},{"key":["a421ce12-66a1-484a-8722-6fb08eaab1c9","Chan
        PLC"],"key_as_string":"a421ce12-66a1-484a-8722-6fb08eaab1c9|Chan PLC","doc_count":1}]},"ResultType":{"doc_count_error_upper_bound":0,"sum_other_doc_count":0,"buckets":[{"key":"document","doc_count":1},{"key":"publication","doc_count":1}]}}}'
    headers:
      Transfer-Encoding:
      - chunked
      X-elastic-product:
      - Elasticsearch
      content-type:
      - application/vnd.elasticsearch+json;compatible-with=8
    status:
      code: 200
      message: OK
- request:
    body: '{"uuid":"6dae9be7-4f93-4aad-b56a-10b683b16dcc","publisher":{"uuid":"f993f18f-4131-4afb-bf15-383be43898f8","naam":"Morgan,
      Cole and Rodriguez"},"informatie_categorieen":[{"uuid":"da9bdb0a-19b1-4737-8981-02dde5f41a09","naam":"Little
      its project."}],"officiele_titel":"Suffer plant job.","verkorte_titel":"Scene
      sister.","omschrijving":"Police there why another thought box. Hour future artist
      important.","registratiedatum":"2025-03-05T04:26:12.123742","laatst_gewijzigd_datum":"2026-01-05T12:00:00+00:00"}'
    headers:
      accept:
      - application/vnd.elasticsearch+json; compatible-with=8
      connection:
      - keep-alive
      content-type:
      - application/vnd.elasticsearch+json; compatible-with=8
      user-agent:
      - elasticsearch-dsl-py/8.17.1
      x-elastic-client-meta:
      - es=8.17.1,py=3.12.6,t=8.17.0,ur=2.2.2
    method: PUT
    uri: http://localhost:9201/publication/_doc/6dae9be7-4f93-4aad-b56a-10b683b16dcc?refresh=wait_for
  response:
    body:
      string: '{"_index":"publication","_id":"6dae9be7-4f93-4aad-b56a-10b683b16dcc","_version":3,"result":"created","_shards":{"total":2,"successful":1,"failed":0},"_seq_no":22,"_primary_term":1}'
    headers:
      Location:
      - /publication/_doc/6dae9be7-4f93-4aad-b56a-10b683b16dcc
      X-elastic-product:
      - Elasticsearch
      content-length:
      - '180'
      content-type:
      - application/vnd.elasticsearch+json;compatible-with=8
    status:
      code: 201
      message: Created
- request:
    body: '{"uuid":"525747fd-7e58-4005-8efa-59bcf4403385","publicatie":"7d1d743a-db61-438e-8f9d-ad1816c54d68","informatie_categorieen":[{"uuid":"64596d9d-f22c-4d14-ad51-a2ea3f04f951","naam":"Game
      collection begin."}],"publisher":{"uuid":"a2cfd707-1066-4a3f-aa0f-8339e74a8960","naam":"Williams
      PLC"},"identifier":"identifier-19","officiele_titel":"Certainly party hard family.","verkorte_titel":"Thank
      total should group.","omschrijving":"Offer take source office foot something.
      Military forget whom he he concern test.","creatiedatum":"2025-02-05","registratiedatum":"2025-03-03T07:53:09.578907","laatst_gewijzigd_datum":"2026-01-05T12:00:00+00:00"}'
    headers:
      accept:
      - application/vnd.elasticsearch+json; compatible-with=8
      connection:
      - keep-alive
      content-type:
      - application/vnd.elasticsearch+json; compatible-with=8
      user-agent:
      - elasticsearch-dsl-py/8.17.1
      x-elastic-client-meta:
      - es=8.17.1,py=3.12.6,t=8.17.0,ur=2.2.2
    method: PUT
    uri: http://localhost:9201/document/_doc/525747fd-7e58-4005-8efa-59bcf4403385?pipeline=document_attachment&refresh=wait_for
  response:
    body:
      string: '{"_index":"document","_id":"525747fd-7e58-4005-8efa-59bcf4403385","_version":1,"result":"created","_shards":{"total":2,"successful":1,"failed":0},"_seq_no":36,"_primary_term":1}'
    headers:
      Location:
      - /document/_doc/525747fd-7e58-4005-8efa-59bcf4403385
      X-elastic-product:
      - Elasticsearch
      content-length:
      - '177'
      content-type:
      - application/vnd.elasticsearch+json;compatible-with=8
    status:
      code: 201
      message: Created
- request:
    body: '{"query":{"function_score":{"functions":[{"gauss":{"registratiedatum":{"origin":"now","scale":"15d","offset":"7d","decay":0.5}}}],"query":{"match_all":{}},"score_mode":"multiply"}},"aggs":{"ResultType":{"terms":{"field":"_index"}},"Publisher":{"multi_terms":{"terms":[{"field":"publisher.uuid.keyword"},{"field":"publisher.naam.keyword"}]}},"InformationCategories":{"nested":{"path":"informatie_categorieen"},"aggs":{"Categories":{"multi_terms":{"terms":[{"field":"informatie_categorieen.uuid.keyword"},{"field":"informatie_categorieen.naam.keyword"}]}}}}},"sort":["_score",{"laatst_gewijzigd_datum":{"order":"desc"}}],"indices_boost":[{"publication":2.0},{"document":1.0}],"from":0,"size":10}'
    headers:
      accept:
      - application/vnd.elasticsearch+json; compatible-with=8
      connection:
      - keep-alive
      content-type:
      - application/vnd.elasticsearch+json; compatible-with=8
      user-agent:
      - elasticsearch-dsl-py/8.17.1
      x-elastic-client-meta:
      - es=8.17.1,py=3.12.6,t=8.17.0,ur=2.2.2
    method: POST
    uri: http://localhost:9201/publication,document/_search
  response:
    body:
      string: '{"took":7,"timed_out":false,"_shards":{"total":2,"successful":2,"skipped":0,"failed":0},"hits":{"total":{"value":2,"relation":"eq"},"max_score":null,"hits":[{"_index":"publication","_id":"6dae9be7-4f93-4aad-b56a-10b683b16dcc","_score":2.0,"_source":{"uuid":"6dae9be7-4f93-4aad-b56a-10b683b16dcc","publisher":{"uuid":"f993f18f-4131-4afb-bf15-383be43898f8","naam":"Morgan,
        Cole and Rodriguez"},"informatie_categorieen":[{"uuid":"da9bdb0a-19b1-4737-8981-02dde5f41a09","naam":"Little
        its project."}],"officiele_titel":"Suffer plant job.","verkorte_titel":"Scene
        sister.","omschrijving":"Police there why another thought box. Hour future
        artist important.","registratiedatum":"2025-03-05T04:26:12.123742","laatst_gewijzigd_datum":"2026-01-05T12:00:00+00:00"},"sort":[2.0,1767614400000]},{"_index":"document","_id":"525747fd-7e58-4005-8efa-59bcf4403385","_score":1.0,"_source":{"omschrijving":"Offer
        take source office foot something. Military forget whom he he concern test.","identifier":"identifier-19","publicatie":"7d1d743a-db61-438e-8f9d-ad1816c54d68","officiele_titel":"Certainly
        party hard family.","informatie_categorieen":[{"naam":"Game collection begin.","uuid":"64596d9d-f22c-4d14-ad51-a2ea3f04f951"}],"publisher":{"naam":"Williams
        PLC","uuid":"a2cfd707-1066-4a3f-aa0f-8339e74a8960"},"creatiedatum":"2025-02-05","registratiedatum":"2025-03-03T07:53:09.578907","uuid":"525747fd-7e58-4005-8efa-59bcf4403385","verkorte_titel":"Thank
        total should group.","laatst_gewijzigd_datum":"2026-01-05T12:00:00+00:00"},"sort":[1.0,1767614400000]}]},"aggregations":{"InformationCategories":{"doc_count":2,"Categories":{"doc_count_error_upper_bound":0,"sum_other_doc_count":0,"buckets":[{"key":["64596d9d-f22c-4d14-ad51-a2ea3f04f951","Game
        collection begin."],"key_as_string":"64596d9d-f22c-4d14-ad51-a2ea3f04f951|Game
        collection begin.","doc_count":1},{"key":["da9bdb0a-19b1-4737-8981-02dde5f41a09","Little
        its project."],"key_as_string":"da9bdb0a-19b1-4737-8981-02dde5f41a09|Little
        its project.","doc_count":1}]}},"Publisher":{"doc_count_error_upper_bound":0,"sum_other_doc_count":0,"buckets":[{"key":["a2cfd707-1066-4a3f-aa0f-8339e74a8960","Williams
        PLC"],"key_as_string":"a2cfd707-1066-4a3f-aa0f-8339e74a8960|Williams PLC","doc_count":1},{"key":["f993f18f-4131-4afb-bf15-383be43898f8","Morgan,
        Cole and Rodriguez"],"key_as_string":"f993f18f-4131-4afb-bf15-383be43898f8|Morgan,
        Cole and Rodriguez","doc_count":1}]},"ResultType":{"doc_count_error_upper_bound":0,"sum_other_doc_count":0,"buckets":[{"key":"document","doc_count":1},{"key":"publication","doc_count":1}]}}}'
    headers:
      Transfer-Encoding:
      - chunked
      X-elastic-product:
      - Elasticsearch
      content-type:
      - application/vnd.elasticsearch+json;compatible-with=8
    status:
      code: 200
      message: OK
- request:
    body: '{"uuid":"6dae9be7-4f93-4aad-b56a-10b683b16dcc","publisher":{"uuid":"431a31b0-be28-49d8-a358-34c78663139e","naam":"Butler,
      Maldonado and Mcgee"},"informatie_categorieen":[{"uuid":"eace78c1-54a6-4e95-9f6a-bbcc62bfccd1","naam":"Wife
      since."}],"officiele_titel":"Could book hard TV quite parent read.","verkorte_titel":"Finally
      speech near.","omschrijving":"Attorney truth way. Evening Congress return drug
      appear drug. Recently but most. Short account guy still threat.","registratiedatum":"2025-03-06T14:01:11.568062","laatst_gewijzigd_datum":"2026-01-05T12:00:00+00:00"}'
    headers:
      accept:
      - application/vnd.elasticsearch+json; compatible-with=8
      connection:
      - keep-alive
      content-type:
      - application/vnd.elasticsearch+json; compatible-with=8
      user-agent:
      - elasticsearch-dsl-py/8.17.1
      x-elastic-client-meta:
      - es=8.17.1,py=3.12.6,t=8.17.0,ur=2.2.2
    method: PUT
    uri: http://localhost:9201/publication/_doc/6dae9be7-4f93-4aad-b56a-10b683b16dcc?refresh=wait_for
  response:
    body:
      string: '{"_index":"publication","_id":"6dae9be7-4f93-4aad-b56a-10b683b16dcc","_version":3,"result":"created","_shards":{"total":2,"successful":1,"failed":0},"_seq_no":22,"_primary_term":1}'
    headers:
      Location:
      - /publication/_doc/6dae9be7-4f93-4aad-b56a-10b683b16dcc
      X-elastic-product:
      - Elasticsearch
      content-length:
      - '180'
      content-type:
      - application/vnd.elasticsearch+json;compatible-with=8
    status:
      code: 201
      message: Created
- request:
    body: '{"uuid":"525747fd-7e58-4005-8efa-59bcf4403385","publicatie":"745f3f2b-8b03-454e-8852-919fdd45f7ad","informatie_categorieen":[{"uuid":"549e5762-b06e-435a-8108-c9b47ea691fe","naam":"Upon
      phone."}],"publisher":{"uuid":"d418e994-17fc-4884-b122-ce737128304b","naam":"Jones,
      Brooks and Roberts"},"identifier":"identifier-19","officiele_titel":"During
      believe forward bit close avoid reach quality.","verkorte_titel":"Senior wait
      pretty.","omschrijving":"Get order himself energy fly past appear. Way act certain
      good. Pay carry although manager seem husband.","creatiedatum":"2025-02-09","registratiedatum":"2025-03-06T05:22:15.993854","laatst_gewijzigd_datum":"2026-01-05T12:00:00+00:00"}'
    headers:
      accept:
      - application/vnd.elasticsearch+json; compatible-with=8
      connection:
      - keep-alive
      content-type:
      - application/vnd.elasticsearch+json; compatible-with=8
      user-agent:
      - elasticsearch-dsl-py/8.17.1
      x-elastic-client-meta:
      - es=8.17.1,py=3.12.6,t=8.17.0,ur=2.2.2
    method: PUT
    uri: http://localhost:9201/document/_doc/525747fd-7e58-4005-8efa-59bcf4403385?pipeline=document_attachment&refresh=wait_for
  response:
    body:
      string: '{"_index":"document","_id":"525747fd-7e58-4005-8efa-59bcf4403385","_version":1,"result":"created","_shards":{"total":2,"successful":1,"failed":0},"_seq_no":36,"_primary_term":1}'
    headers:
      Location:
      - /document/_doc/525747fd-7e58-4005-8efa-59bcf4403385
      X-elastic-product:
      - Elasticsearch
      content-length:
      - '177'
      content-type:
      - application/vnd.elasticsearch+json;compatible-with=8
    status:
      code: 201
      message: Created
- request:
    body: '{"query":{"function_score":{"functions":[{"gauss":{"registratiedatum":{"origin":"now","scale":"15d","offset":"7d","decay":0.5}}}],"query":{"match_all":{}},"score_mode":"multiply"}},"aggs":{"ResultType":{"terms":{"field":"_index"}},"Publisher":{"multi_terms":{"terms":[{"field":"publisher.uuid.keyword"},{"field":"publisher.naam.keyword"}]}},"InformationCategories":{"nested":{"path":"informatie_categorieen"},"aggs":{"Categories":{"multi_terms":{"terms":[{"field":"informatie_categorieen.uuid.keyword"},{"field":"informatie_categorieen.naam.keyword"}]}}}}},"sort":["_score",{"laatst_gewijzigd_datum":{"order":"desc"}}],"indices_boost":[{"publication":2.0},{"document":1.0}],"from":0,"size":10}'
    headers:
      accept:
      - application/vnd.elasticsearch+json; compatible-with=8
      connection:
      - keep-alive
      content-type:
      - application/vnd.elasticsearch+json; compatible-with=8
      user-agent:
      - elasticsearch-dsl-py/8.17.1
      x-elastic-client-meta:
      - es=8.17.1,py=3.12.6,t=8.17.0,ur=2.2.2
    method: POST
    uri: http://localhost:9201/publication,document/_search
  response:
    body:
      string: '{"took":4,"timed_out":false,"_shards":{"total":2,"successful":2,"skipped":0,"failed":0},"hits":{"total":{"value":2,"relation":"eq"},"max_score":null,"hits":[{"_index":"publication","_id":"6dae9be7-4f93-4aad-b56a-10b683b16dcc","_score":2.0,"_source":{"uuid":"6dae9be7-4f93-4aad-b56a-10b683b16dcc","publisher":{"uuid":"431a31b0-be28-49d8-a358-34c78663139e","naam":"Butler,
        Maldonado and Mcgee"},"informatie_categorieen":[{"uuid":"eace78c1-54a6-4e95-9f6a-bbcc62bfccd1","naam":"Wife
        since."}],"officiele_titel":"Could book hard TV quite parent read.","verkorte_titel":"Finally
        speech near.","omschrijving":"Attorney truth way. Evening Congress return
        drug appear drug. Recently but most. Short account guy still threat.","registratiedatum":"2025-03-06T14:01:11.568062","laatst_gewijzigd_datum":"2026-01-05T12:00:00+00:00"},"sort":[2.0,1767614400000]},{"_index":"document","_id":"525747fd-7e58-4005-8efa-59bcf4403385","_score":1.0,"_source":{"omschrijving":"Get
        order himself energy fly past appear. Way act certain good. Pay carry although
        manager seem husband.","identifier":"identifier-19","publicatie":"745f3f2b-8b03-454e-8852-919fdd45f7ad","officiele_titel":"During
        believe forward bit close avoid reach quality.","informatie_categorieen":[{"naam":"Upon
        phone.","uuid":"549e5762-b06e-435a-8108-c9b47ea691fe"}],"publisher":{"naam":"Jones,
        Brooks and Roberts","uuid":"d418e994-17fc-4884-b122-ce737128304b"},"creatiedatum":"2025-02-09","registratiedatum":"2025-03-06T05:22:15.993854","uuid":"525747fd-7e58-4005-8efa-59bcf4403385","verkorte_titel":"Senior
        wait pretty.","laatst_gewijzigd_datum":"2026-01-05T12:00:00+00:00"},"sort":[1.0,1767614400000]}]},"aggregations":{"InformationCategories":{"doc_count":2,"Categories":{"doc_count_error_upper_bound":0,"sum_other_doc_count":0,"buckets":[{"key":["549e5762-b06e-435a-8108-c9b47ea691fe","Upon
        phone."],"key_as_string":"549e5762-b06e-435a-8108-c9b47ea691fe|Upon phone.","doc_count":1},{"key":["eace78c1-54a6-4e95-9f6a-bbcc62bfccd1","Wife
        since."],"key_as_string":"eace78c1-54a6-4e95-9f6a-bbcc62bfccd1|Wife since.","doc_count":1}]}},"Publisher":{"doc_count_error_upper_bound":0,"sum_other_doc_count":0,"buckets":[{"key":["431a31b0-be28-49d8-a358-34c78663139e","Butler,
        Maldonado and Mcgee"],"key_as_string":"431a31b0-be28-49d8-a358-34c78663139e|Butler,
        Maldonado and Mcgee","doc_count":1},{"key":["d418e994-17fc-4884-b122-ce737128304b","Jones,
        Brooks and Roberts"],"key_as_string":"d418e994-17fc-4884-b122-ce737128304b|Jones,
        Brooks and Roberts","doc_count":1}]},"ResultType":{"doc_count_error_upper_bound":0,"sum_other_doc_count":0,"buckets":[{"key":"document","doc_count":1},{"key":"publication","doc_count":1}]}}}'
    headers:
      Transfer-Encoding:
      - chunked
      X-elastic-product:
      - Elasticsearch
      content-type:
      - application/vnd.elasticsearch+json;compatible-with=8
    status:
      code: 200
      message: OK
- request:
    body: '{"uuid":"6dae9be7-4f93-4aad-b56a-10b683b16dcc","publisher":{"uuid":"92c4ac65-3236-400b-aa58-4d8756cc4c24","naam":"Thompson,
      Davis and King"},"informatie_categorieen":[{"uuid":"132056a2-9246-4319-9895-b75484036137","naam":"Service
      shake land safe."}],"officiele_titel":"Our effort score science plant wide.","verkorte_titel":"Again
      officer enjoy.","omschrijving":"Clear continue professional. World enough bank
      view standard.","registratiedatum":"2025-03-05T23:05:07.091214","laatst_gewijzigd_datum":"2026-01-05T12:00:00+00:00"}'
    headers:
      accept:
      - application/vnd.elasticsearch+json; compatible-with=8
      connection:
      - keep-alive
      content-type:
      - application/vnd.elasticsearch+json; compatible-with=8
      user-agent:
      - elasticsearch-dsl-py/8.17.1
      x-elastic-client-meta:
      - es=8.17.1,py=3.12.6,t=8.17.0,ur=2.2.2
    method: PUT
    uri: http://localhost:9201/publication/_doc/6dae9be7-4f93-4aad-b56a-10b683b16dcc?refresh=wait_for
  response:
    body:
      string: '{"_index":"publication","_id":"6dae9be7-4f93-4aad-b56a-10b683b16dcc","_version":3,"result":"created","_shards":{"total":2,"successful":1,"failed":0},"_seq_no":22,"_primary_term":1}'
    headers:
      Location:
      - /publication/_doc/6dae9be7-4f93-4aad-b56a-10b683b16dcc
      X-elastic-product:
      - Elasticsearch
      content-length:
      - '180'
      content-type:
      - application/vnd.elasticsearch+json;compatible-with=8
    status:
      code: 201
      message: Created
- request:
    body: '{"uuid":"525747fd-7e58-4005-8efa-59bcf4403385","publicatie":"9047bbc4-a455-403d-bbc4-8f53f63cca57","informatie_categorieen":[{"uuid":"99a89abf-32d4-43c4-8215-91d9bcb40488","naam":"Production
      need recent."}],"publisher":{"uuid":"bcff3dd8-67d9-4477-b51a-e61a7e423007","naam":"Carrillo
      and Sons"},"identifier":"identifier-19","officiele_titel":"Sometimes around
      herself although itself.","verkorte_titel":"Mr successful teach change.","omschrijving":"Learn
      risk project result may. Training day yes official about interest speak. General
      become cause.","creatiedatum":"2025-02-10","registratiedatum":"2025-03-06T04:20:46.312382","laatst_gewijzigd_datum":"2026-01-05T12:00:00+00:00"}'
    headers:
      accept:
      - application/vnd.elasticsearch+json; compatible-with=8
      connection:
      - keep-alive
      content-type:
      - application/vnd.elasticsearch+json; compatible-with=8
      user-agent:
      - elasticsearch-dsl-py/8.17.1
      x-elastic-client-meta:
      - es=8.17.1,py=3.12.6,t=8.17.0,ur=2.2.2
    method: PUT
    uri: http://localhost:9201/document/_doc/525747fd-7e58-4005-8efa-59bcf4403385?pipeline=document_attachment&refresh=wait_for
  response:
    body:
      string: '{"_index":"document","_id":"525747fd-7e58-4005-8efa-59bcf4403385","_version":1,"result":"created","_shards":{"total":2,"successful":1,"failed":0},"_seq_no":36,"_primary_term":1}'
    headers:
      Location:
      - /document/_doc/525747fd-7e58-4005-8efa-59bcf4403385
      X-elastic-product:
      - Elasticsearch
      content-length:
      - '177'
      content-type:
      - application/vnd.elasticsearch+json;compatible-with=8
    status:
      code: 201
      message: Created
- request:
    body: '{"query":{"function_score":{"functions":[{"gauss":{"registratiedatum":{"origin":"now","scale":"15d","offset":"7d","decay":0.5}}}],"query":{"match_all":{}},"score_mode":"multiply"}},"aggs":{"ResultType":{"terms":{"field":"_index"}},"Publisher":{"multi_terms":{"terms":[{"field":"publisher.uuid.keyword"},{"field":"publisher.naam.keyword"}]}},"InformationCategories":{"nested":{"path":"informatie_categorieen"},"aggs":{"Categories":{"multi_terms":{"terms":[{"field":"informatie_categorieen.uuid.keyword"},{"field":"informatie_categorieen.naam.keyword"}]}}}}},"sort":["_score",{"laatst_gewijzigd_datum":{"order":"desc"}}],"indices_boost":[{"publication":2.0},{"document":1.0}],"from":0,"size":10}'
    headers:
      accept:
      - application/vnd.elasticsearch+json; compatible-with=8
      connection:
      - keep-alive
      content-type:
      - application/vnd.elasticsearch+json; compatible-with=8
      user-agent:
      - elasticsearch-dsl-py/8.17.1
      x-elastic-client-meta:
      - es=8.17.1,py=3.12.6,t=8.17.0,ur=2.2.2
    method: POST
    uri: http://localhost:9201/publication,document/_search
  response:
    body:
      string: '{"took":6,"timed_out":false,"_shards":{"total":2,"successful":2,"skipped":0,"failed":0},"hits":{"total":{"value":2,"relation":"eq"},"max_score":null,"hits":[{"_index":"publication","_id":"6dae9be7-4f93-4aad-b56a-10b683b16dcc","_score":2.0,"_source":{"uuid":"6dae9be7-4f93-4aad-b56a-10b683b16dcc","publisher":{"uuid":"92c4ac65-3236-400b-aa58-4d8756cc4c24","naam":"Thompson,
        Davis and King"},"informatie_categorieen":[{"uuid":"132056a2-9246-4319-9895-b75484036137","naam":"Service
        shake land safe."}],"officiele_titel":"Our effort score science plant wide.","verkorte_titel":"Again
        officer enjoy.","omschrijving":"Clear continue professional. World enough
        bank view standard.","registratiedatum":"2025-03-05T23:05:07.091214","laatst_gewijzigd_datum":"2026-01-05T12:00:00+00:00"},"sort":[2.0,1767614400000]},{"_index":"document","_id":"525747fd-7e58-4005-8efa-59bcf4403385","_score":1.0,"_source":{"omschrijving":"Learn
        risk project result may. Training day yes official about interest speak. General
        become cause.","identifier":"identifier-19","publicatie":"9047bbc4-a455-403d-bbc4-8f53f63cca57","officiele_titel":"Sometimes
        around herself although itself.","informatie_categorieen":[{"naam":"Production
        need recent.","uuid":"99a89abf-32d4-43c4-8215-91d9bcb40488"}],"publisher":{"naam":"Carrillo
        and Sons","uuid":"bcff3dd8-67d9-4477-b51a-e61a7e423007"},"creatiedatum":"2025-02-10","registratiedatum":"2025-03-06T04:20:46.312382","uuid":"525747fd-7e58-4005-8efa-59bcf4403385","verkorte_titel":"Mr
        successful teach change.","laatst_gewijzigd_datum":"2026-01-05T12:00:00+00:00"},"sort":[1.0,1767614400000]}]},"aggregations":{"InformationCategories":{"doc_count":2,"Categories":{"doc_count_error_upper_bound":0,"sum_other_doc_count":0,"buckets":[{"key":["132056a2-9246-4319-9895-b75484036137","Service
        shake land safe."],"key_as_string":"132056a2-9246-4319-9895-b75484036137|Service
        shake land safe.","doc_count":1},{"key":["99a89abf-32d4-43c4-8215-91d9bcb40488","Production
        need recent."],"key_as_string":"99a89abf-32d4-43c4-8215-91d9bcb40488|Production
        need recent.","doc_count":1}]}},"Publisher":{"doc_count_error_upper_bound":0,"sum_other_doc_count":0,"buckets":[{"key":["92c4ac65-3236-400b-aa58-4d8756cc4c24","Thompson,
        Davis and King"],"key_as_string":"92c4ac65-3236-400b-aa58-4d8756cc4c24|Thompson,
        Davis and King","doc_count":1},{"key":["bcff3dd8-67d9-4477-b51a-e61a7e423007","Carrillo
        and Sons"],"key_as_string":"bcff3dd8-67d9-4477-b51a-e61a7e423007|Carrillo
        and Sons","doc_count":1}]},"ResultType":{"doc_count_error_upper_bound":0,"sum_other_doc_count":0,"buckets":[{"key":"document","doc_count":1},{"key":"publication","doc_count":1}]}}}'
    headers:
      Transfer-Encoding:
      - chunked
      X-elastic-product:
      - Elasticsearch
      content-type:
      - application/vnd.elasticsearch+json;compatible-with=8
    status:
      code: 200
      message: OK
- request:
    body: '{"uuid":"6dae9be7-4f93-4aad-b56a-10b683b16dcc","publisher":{"uuid":"be90395b-b742-4eb4-bcc2-a3e249a83c5b","naam":"Jones-Payne"},"informatie_categorieen":[{"uuid":"5ec3f612-6160-4114-b35c-be7c55f70e05","naam":"Statement
      exist center."}],"officiele_titel":"Use sense enough need wind commercial.","verkorte_titel":"Lay
      during.","omschrijving":"Must prepare then attack. Hear method memory fact simply
      before according lot.","registratiedatum":"2025-03-03T19:54:37.978102","laatst_gewijzigd_datum":"2026-01-05T12:00:00+00:00"}'
    headers:
      accept:
      - application/vnd.elasticsearch+json; compatible-with=8
      connection:
      - keep-alive
      content-type:
      - application/vnd.elasticsearch+json; compatible-with=8
      user-agent:
      - elasticsearch-dsl-py/8.17.1
      x-elastic-client-meta:
      - es=8.17.1,py=3.12.6,t=8.17.0,ur=2.2.2
    method: PUT
    uri: http://localhost:9201/publication/_doc/6dae9be7-4f93-4aad-b56a-10b683b16dcc?refresh=wait_for
  response:
    body:
      string: '{"_index":"publication","_id":"6dae9be7-4f93-4aad-b56a-10b683b16dcc","_version":3,"result":"created","_shards":{"total":2,"successful":1,"failed":0},"_seq_no":22,"_primary_term":1}'
    headers:
      Location:
      - /publication/_doc/6dae9be7-4f93-4aad-b56a-10b683b16dcc
      X-elastic-product:
      - Elasticsearch
      content-length:
      - '180'
      content-type:
      - application/vnd.elasticsearch+json;compatible-with=8
    status:
      code: 201
      message: Created
- request:
    body: '{"uuid":"525747fd-7e58-4005-8efa-59bcf4403385","publicatie":"b8342289-f69b-43c0-a6b8-b883babfb7a9","informatie_categorieen":[{"uuid":"be93360c-82b0-4ce8-94ca-8f7306042b7b","naam":"Product
      college describe."}],"publisher":{"uuid":"270dfdc6-6263-4338-8d97-04268feb0d99","naam":"Butler,
      Hernandez and Mueller"},"identifier":"identifier-19","officiele_titel":"Third
      answer kitchen board almost there at when.","verkorte_titel":"Probably.","omschrijving":"To
      successful year. Bar keep find step already answer. Do help do.","creatiedatum":"2025-02-06","registratiedatum":"2025-03-04T09:28:23.930473","laatst_gewijzigd_datum":"2026-01-05T12:00:00+00:00"}'
    headers:
      accept:
      - application/vnd.elasticsearch+json; compatible-with=8
      connection:
      - keep-alive
      content-type:
      - application/vnd.elasticsearch+json; compatible-with=8
      user-agent:
      - elasticsearch-dsl-py/8.17.1
      x-elastic-client-meta:
      - es=8.17.1,py=3.12.6,t=8.17.0,ur=2.2.2
    method: PUT
    uri: http://localhost:9201/document/_doc/525747fd-7e58-4005-8efa-59bcf4403385?pipeline=document_attachment&refresh=wait_for
  response:
    body:
      string: '{"_index":"document","_id":"525747fd-7e58-4005-8efa-59bcf4403385","_version":1,"result":"created","_shards":{"total":2,"successful":1,"failed":0},"_seq_no":36,"_primary_term":1}'
    headers:
      Location:
      - /document/_doc/525747fd-7e58-4005-8efa-59bcf4403385
      X-elastic-product:
      - Elasticsearch
      content-length:
      - '177'
      content-type:
      - application/vnd.elasticsearch+json;compatible-with=8
    status:
      code: 201
      message: Created
- request:
    body: '{"query":{"function_score":{"functions":[{"gauss":{"registratiedatum":{"origin":"now","scale":"15d","offset":"7d","decay":0.5}}}],"query":{"match_all":{}},"score_mode":"multiply"}},"aggs":{"ResultType":{"terms":{"field":"_index"}},"Publisher":{"multi_terms":{"terms":[{"field":"publisher.uuid.keyword"},{"field":"publisher.naam.keyword"}]}},"InformationCategories":{"nested":{"path":"informatie_categorieen"},"aggs":{"Categories":{"multi_terms":{"terms":[{"field":"informatie_categorieen.uuid.keyword"},{"field":"informatie_categorieen.naam.keyword"}]}}}}},"sort":["_score",{"laatst_gewijzigd_datum":{"order":"desc"}}],"indices_boost":[{"publication":2.0},{"document":1.0}],"from":0,"size":10}'
    headers:
      accept:
      - application/vnd.elasticsearch+json; compatible-with=8
      connection:
      - keep-alive
      content-type:
      - application/vnd.elasticsearch+json; compatible-with=8
      user-agent:
      - elasticsearch-dsl-py/8.17.1
      x-elastic-client-meta:
      - es=8.17.1,py=3.12.6,t=8.17.0,ur=2.2.2
    method: POST
    uri: http://localhost:9201/publication,document/_search
  response:
    body:
      string: '{"took":7,"timed_out":false,"_shards":{"total":2,"successful":2,"skipped":0,"failed":0},"hits":{"total":{"value":2,"relation":"eq"},"max_score":null,"hits":[{"_index":"publication","_id":"6dae9be7-4f93-4aad-b56a-10b683b16dcc","_score":2.0,"_source":{"uuid":"6dae9be7-4f93-4aad-b56a-10b683b16dcc","publisher":{"uuid":"be90395b-b742-4eb4-bcc2-a3e249a83c5b","naam":"Jones-Payne"},"informatie_categorieen":[{"uuid":"5ec3f612-6160-4114-b35c-be7c55f70e05","naam":"Statement
        exist center."}],"officiele_titel":"Use sense enough need wind commercial.","verkorte_titel":"Lay
        during.","omschrijving":"Must prepare then attack. Hear method memory fact
        simply before according lot.","registratiedatum":"2025-03-03T19:54:37.978102","laatst_gewijzigd_datum":"2026-01-05T12:00:00+00:00"},"sort":[2.0,1767614400000]},{"_index":"document","_id":"525747fd-7e58-4005-8efa-59bcf4403385","_score":1.0,"_source":{"omschrijving":"To
        successful year. Bar keep find step already answer. Do help do.","identifier":"identifier-19","publicatie":"b8342289-f69b-43c0-a6b8-b883babfb7a9","officiele_titel":"Third
        answer kitchen board almost there at when.","informatie_categorieen":[{"naam":"Product
        college describe.","uuid":"be93360c-82b0-4ce8-94ca-8f7306042b7b"}],"publisher":{"naam":"Butler,
        Hernandez and Mueller","uuid":"270dfdc6-6263-4338-8d97-04268feb0d99"},"creatiedatum":"2025-02-06","registratiedatum":"2025-03-04T09:28:23.930473","uuid":"525747fd-7e58-4005-8efa-59bcf4403385","verkorte_titel":"Probably.","laatst_gewijzigd_datum":"2026-01-05T12:00:00+00:00"},"sort":[1.0,1767614400000]}]},"aggregations":{"InformationCategories":{"doc_count":2,"Categories":{"doc_count_error_upper_bound":0,"sum_other_doc_count":0,"buckets":[{"key":["5ec3f612-6160-4114-b35c-be7c55f70e05","Statement
        exist center."],"key_as_string":"5ec3f612-6160-4114-b35c-be7c55f70e05|Statement
        exist center.","doc_count":1},{"key":["be93360c-82b0-4ce8-94ca-8f7306042b7b","Product
        college describe."],"key_as_string":"be93360c-82b0-4ce8-94ca-8f7306042b7b|Product
        college describe.","doc_count":1}]}},"Publisher":{"doc_count_error_upper_bound":0,"sum_other_doc_count":0,"buckets":[{"key":["270dfdc6-6263-4338-8d97-04268feb0d99","Butler,
        Hernandez and Mueller"],"key_as_string":"270dfdc6-6263-4338-8d97-04268feb0d99|Butler,
        Hernandez and Mueller","doc_count":1},{"key":["be90395b-b742-4eb4-bcc2-a3e249a83c5b","Jones-Payne"],"key_as_string":"be90395b-b742-4eb4-bcc2-a3e249a83c5b|Jones-Payne","doc_count":1}]},"ResultType":{"doc_count_error_upper_bound":0,"sum_other_doc_count":0,"buckets":[{"key":"document","doc_count":1},{"key":"publication","doc_count":1}]}}}'
    headers:
      Transfer-Encoding:
      - chunked
      X-elastic-product:
      - Elasticsearch
      content-type:
      - application/vnd.elasticsearch+json;compatible-with=8
    status:
      code: 200
      message: OK
- request:
    body: '{"uuid":"6dae9be7-4f93-4aad-b56a-10b683b16dcc","publisher":{"uuid":"4f6be5fb-8d9f-4754-84f0-579856feb097","naam":"Griffin,
      Wilson and Wells"},"informatie_categorieen":[{"uuid":"d43f2afe-f3f1-4ff0-b63e-777110bb0a8f","naam":"Result
      nearly TV."}],"officiele_titel":"Different development capital opportunity.","verkorte_titel":"Somebody
      series.","omschrijving":"Nature mouth might. Every ability involve hair some
      trade.","registratiedatum":"2025-03-02T21:56:22.655157","laatst_gewijzigd_datum":"2026-01-05T12:00:00+00:00"}'
    headers:
      accept:
      - application/vnd.elasticsearch+json; compatible-with=8
      connection:
      - keep-alive
      content-type:
      - application/vnd.elasticsearch+json; compatible-with=8
      user-agent:
      - elasticsearch-dsl-py/8.17.1
      x-elastic-client-meta:
      - es=8.17.1,py=3.12.6,t=8.17.0,ur=2.2.2
    method: PUT
    uri: http://localhost:9201/publication/_doc/6dae9be7-4f93-4aad-b56a-10b683b16dcc?refresh=wait_for
  response:
    body:
      string: '{"_index":"publication","_id":"6dae9be7-4f93-4aad-b56a-10b683b16dcc","_version":3,"result":"created","_shards":{"total":2,"successful":1,"failed":0},"_seq_no":22,"_primary_term":1}'
    headers:
      Location:
      - /publication/_doc/6dae9be7-4f93-4aad-b56a-10b683b16dcc
      X-elastic-product:
      - Elasticsearch
      content-length:
      - '180'
      content-type:
      - application/vnd.elasticsearch+json;compatible-with=8
    status:
      code: 201
      message: Created
- request:
    body: '{"uuid":"525747fd-7e58-4005-8efa-59bcf4403385","publicatie":"38afb284-f15d-47a2-8e36-184c4c215df5","informatie_categorieen":[{"uuid":"355767b0-98e6-4f85-8a8b-0079597a727a","naam":"Herself
      also job."}],"publisher":{"uuid":"30bbb593-7a83-4bae-9a49-01ce30f1c743","naam":"Greer,
      Ho and Barrett"},"identifier":"identifier-19","officiele_titel":"Your support
      radio leg store money.","verkorte_titel":"Blood table first.","omschrijving":"Education
      they project drive. Across three draw at game high new. Black during myself
      yourself.","creatiedatum":"2025-02-21","registratiedatum":"2025-03-05T06:57:11.870354","laatst_gewijzigd_datum":"2026-01-05T12:00:00+00:00"}'
    headers:
      accept:
      - application/vnd.elasticsearch+json; compatible-with=8
      connection:
      - keep-alive
      content-type:
      - application/vnd.elasticsearch+json; compatible-with=8
      user-agent:
      - elasticsearch-dsl-py/8.17.1
      x-elastic-client-meta:
      - es=8.17.1,py=3.12.6,t=8.17.0,ur=2.2.2
    method: PUT
    uri: http://localhost:9201/document/_doc/525747fd-7e58-4005-8efa-59bcf4403385?pipeline=document_attachment&refresh=wait_for
  response:
    body:
      string: '{"_index":"document","_id":"525747fd-7e58-4005-8efa-59bcf4403385","_version":1,"result":"created","_shards":{"total":2,"successful":1,"failed":0},"_seq_no":36,"_primary_term":1}'
    headers:
      Location:
      - /document/_doc/525747fd-7e58-4005-8efa-59bcf4403385
      X-elastic-product:
      - Elasticsearch
      content-length:
      - '177'
      content-type:
      - application/vnd.elasticsearch+json;compatible-with=8
    status:
      code: 201
      message: Created
- request:
    body: '{"query":{"function_score":{"functions":[{"gauss":{"registratiedatum":{"origin":"now","scale":"15d","offset":"7d","decay":0.5}}}],"query":{"match_all":{}},"score_mode":"multiply"}},"aggs":{"ResultType":{"terms":{"field":"_index"}},"Publisher":{"multi_terms":{"terms":[{"field":"publisher.uuid.keyword"},{"field":"publisher.naam.keyword"}]}},"InformationCategories":{"nested":{"path":"informatie_categorieen"},"aggs":{"Categories":{"multi_terms":{"terms":[{"field":"informatie_categorieen.uuid.keyword"},{"field":"informatie_categorieen.naam.keyword"}]}}}}},"sort":["_score",{"laatst_gewijzigd_datum":{"order":"desc"}}],"indices_boost":[{"publication":2.0},{"document":1.0}],"from":0,"size":10}'
    headers:
      accept:
      - application/vnd.elasticsearch+json; compatible-with=8
      connection:
      - keep-alive
      content-type:
      - application/vnd.elasticsearch+json; compatible-with=8
      user-agent:
      - elasticsearch-dsl-py/8.17.1
      x-elastic-client-meta:
      - es=8.17.1,py=3.12.6,t=8.17.0,ur=2.2.2
    method: POST
    uri: http://localhost:9201/publication,document/_search
  response:
    body:
      string: '{"took":4,"timed_out":false,"_shards":{"total":2,"successful":2,"skipped":0,"failed":0},"hits":{"total":{"value":2,"relation":"eq"},"max_score":null,"hits":[{"_index":"publication","_id":"6dae9be7-4f93-4aad-b56a-10b683b16dcc","_score":2.0,"_source":{"uuid":"6dae9be7-4f93-4aad-b56a-10b683b16dcc","publisher":{"uuid":"4f6be5fb-8d9f-4754-84f0-579856feb097","naam":"Griffin,
        Wilson and Wells"},"informatie_categorieen":[{"uuid":"d43f2afe-f3f1-4ff0-b63e-777110bb0a8f","naam":"Result
        nearly TV."}],"officiele_titel":"Different development capital opportunity.","verkorte_titel":"Somebody
        series.","omschrijving":"Nature mouth might. Every ability involve hair some
        trade.","registratiedatum":"2025-03-02T21:56:22.655157","laatst_gewijzigd_datum":"2026-01-05T12:00:00+00:00"},"sort":[2.0,1767614400000]},{"_index":"document","_id":"525747fd-7e58-4005-8efa-59bcf4403385","_score":1.0,"_source":{"omschrijving":"Education
        they project drive. Across three draw at game high new. Black during myself
        yourself.","identifier":"identifier-19","publicatie":"38afb284-f15d-47a2-8e36-184c4c215df5","officiele_titel":"Your
        support radio leg store money.","informatie_categorieen":[{"naam":"Herself
        also job.","uuid":"355767b0-98e6-4f85-8a8b-0079597a727a"}],"publisher":{"naam":"Greer,
        Ho and Barrett","uuid":"30bbb593-7a83-4bae-9a49-01ce30f1c743"},"creatiedatum":"2025-02-21","registratiedatum":"2025-03-05T06:57:11.870354","uuid":"525747fd-7e58-4005-8efa-59bcf4403385","verkorte_titel":"Blood
        table first.","laatst_gewijzigd_datum":"2026-01-05T12:00:00+00:00"},"sort":[1.0,1767614400000]}]},"aggregations":{"InformationCategories":{"doc_count":2,"Categories":{"doc_count_error_upper_bound":0,"sum_other_doc_count":0,"buckets":[{"key":["355767b0-98e6-4f85-8a8b-0079597a727a","Herself
        also job."],"key_as_string":"355767b0-98e6-4f85-8a8b-0079597a727a|Herself
        also job.","doc_count":1},{"key":["d43f2afe-f3f1-4ff0-b63e-777110bb0a8f","Result
        nearly TV."],"key_as_string":"d43f2afe-f3f1-4ff0-b63e-777110bb0a8f|Result
        nearly TV.","doc_count":1}]}},"Publisher":{"doc_count_error_upper_bound":0,"sum_other_doc_count":0,"buckets":[{"key":["30bbb593-7a83-4bae-9a49-01ce30f1c743","Greer,
        Ho and Barrett"],"key_as_string":"30bbb593-7a83-4bae-9a49-01ce30f1c743|Greer,
        Ho and Barrett","doc_count":1},{"key":["4f6be5fb-8d9f-4754-84f0-579856feb097","Griffin,
        Wilson and Wells"],"key_as_string":"4f6be5fb-8d9f-4754-84f0-579856feb097|Griffin,
        Wilson and Wells","doc_count":1}]},"ResultType":{"doc_count_error_upper_bound":0,"sum_other_doc_count":0,"buckets":[{"key":"document","doc_count":1},{"key":"publication","doc_count":1}]}}}'
    headers:
      Transfer-Encoding:
      - chunked
      X-elastic-product:
      - Elasticsearch
      content-type:
      - application/vnd.elasticsearch+json;compatible-with=8
    status:
      code: 200
      message: OK
version: 1
