interactions:
- request:
    body: '{"uuid":"5fc73bff-3cc2-4619-90d7-74b3eb3e4101","publisher":{"uuid":"96aa9414-b38a-4075-adeb-e8495cc5bc8e","naam":"Allen,
      Reed and Eaton"},"informatie_categorieen":[{"uuid":"839b0310-f77c-4766-b1c9-97fdd3943c31","naam":"Whole
      one trouble."}],"officiele_titel":"War cultural picture fund human language.","verkorte_titel":"Prevent
      television.","omschrijving":"Coach lead by mouth none. Responsibility class
      head whose fly. Mind carry technology perhaps air physical finally room.","registratiedatum":"2025-02-22T21:37:45.434544","laatst_gewijzigd_datum":"2025-02-02T22:14:51.770158"}'
    headers:
      accept:
      - application/vnd.elasticsearch+json; compatible-with=8
      connection:
      - keep-alive
      content-type:
      - application/vnd.elasticsearch+json; compatible-with=8
      user-agent:
      - elasticsearch-dsl-py/8.17.1
      x-elastic-client-meta:
      - es=8.17.1,py=3.12.8,t=8.17.0,ur=2.2.2
    method: PUT
    uri: http://localhost:9201/publication/_doc/5fc73bff-3cc2-4619-90d7-74b3eb3e4101?refresh=wait_for
  response:
    body:
      string: '{"_index":"publication","_id":"5fc73bff-3cc2-4619-90d7-74b3eb3e4101","_version":3,"result":"created","_shards":{"total":2,"successful":1,"failed":0},"_seq_no":30,"_primary_term":1}'
    headers:
      Location:
      - /publication/_doc/5fc73bff-3cc2-4619-90d7-74b3eb3e4101
      X-elastic-product:
      - Elasticsearch
      content-length:
      - '180'
      content-type:
      - application/vnd.elasticsearch+json;compatible-with=8
    status:
      code: 201
      message: Created
- request:
    body: '{"uuid":"387d982b-d7c8-48e8-9665-2dbfb6f8688c","publicatie":"7de0524b-d5f4-4cb5-9ccb-6d653add79b6","informatie_categorieen":[{"uuid":"9437f319-5a9c-4e6f-ac7c-4790099e70c1","naam":"Within
      husband."}],"publisher":{"uuid":"cdc0486d-8680-40d6-a8ca-a22e28953b91","naam":"Matthews-Johnson"},"identifier":"identifier-27","officiele_titel":"Possible
      alone suggest pattern source fill draw.","verkorte_titel":"Member process audience.","omschrijving":"See
      word tonight try mother. Politics action know dog clearly. Leader whose space
      history today.","creatiedatum":"2025-02-03","registratiedatum":"2025-02-22T17:17:32.185071","laatst_gewijzigd_datum":"2025-02-03T16:47:57.512470"}'
    headers:
      accept:
      - application/vnd.elasticsearch+json; compatible-with=8
      connection:
      - keep-alive
      content-type:
      - application/vnd.elasticsearch+json; compatible-with=8
      user-agent:
      - elasticsearch-dsl-py/8.17.1
      x-elastic-client-meta:
      - es=8.17.1,py=3.12.8,t=8.17.0,ur=2.2.2
    method: PUT
    uri: http://localhost:9201/document/_doc/387d982b-d7c8-48e8-9665-2dbfb6f8688c?refresh=wait_for
  response:
    body:
      string: '{"_index":"document","_id":"387d982b-d7c8-48e8-9665-2dbfb6f8688c","_version":3,"result":"created","_shards":{"total":2,"successful":1,"failed":0},"_seq_no":52,"_primary_term":1}'
    headers:
      Location:
      - /document/_doc/387d982b-d7c8-48e8-9665-2dbfb6f8688c
      X-elastic-product:
      - Elasticsearch
      content-length:
      - '177'
      content-type:
      - application/vnd.elasticsearch+json;compatible-with=8
    status:
      code: 201
      message: Created
- request:
    body: '{"query":{"function_score":{"functions":[{"gauss":{"registratiedatum":{"origin":"now","scale":"15d","offset":"7d","decay":0.5}}}],"query":{"match_all":{}},"score_mode":"multiply"}},"aggs":{"ResultType":{"terms":{"field":"_index"}},"Publisher":{"multi_terms":{"terms":[{"field":"publisher.uuid.keyword"},{"field":"publisher.naam.keyword"}]}},"InformationCategories":{"nested":{"path":"informatie_categorieen"},"aggs":{"Categories":{"multi_terms":{"terms":[{"field":"informatie_categorieen.uuid.keyword"},{"field":"informatie_categorieen.naam.keyword"}]}}}}},"sort":["_score",{"laatst_gewijzigd_datum":{"order":"desc"}}],"from":0,"size":10}'
    headers:
      accept:
      - application/vnd.elasticsearch+json; compatible-with=8
      connection:
      - keep-alive
      content-type:
      - application/vnd.elasticsearch+json; compatible-with=8
      user-agent:
      - elasticsearch-dsl-py/8.17.1
      x-elastic-client-meta:
      - es=8.17.1,py=3.12.8,t=8.17.0,ur=2.2.2
    method: POST
    uri: http://localhost:9201/document/_search
  response:
    body:
      string: '{"took":4,"timed_out":false,"_shards":{"total":1,"successful":1,"skipped":0,"failed":0},"hits":{"total":{"value":1,"relation":"eq"},"max_score":null,"hits":[{"_index":"document","_id":"387d982b-d7c8-48e8-9665-2dbfb6f8688c","_score":1.0,"_source":{"uuid":"387d982b-d7c8-48e8-9665-2dbfb6f8688c","publicatie":"7de0524b-d5f4-4cb5-9ccb-6d653add79b6","informatie_categorieen":[{"uuid":"9437f319-5a9c-4e6f-ac7c-4790099e70c1","naam":"Within
        husband."}],"publisher":{"uuid":"cdc0486d-8680-40d6-a8ca-a22e28953b91","naam":"Matthews-Johnson"},"identifier":"identifier-27","officiele_titel":"Possible
        alone suggest pattern source fill draw.","verkorte_titel":"Member process
        audience.","omschrijving":"See word tonight try mother. Politics action know
        dog clearly. Leader whose space history today.","creatiedatum":"2025-02-03","registratiedatum":"2025-02-22T17:17:32.185071","laatst_gewijzigd_datum":"2025-02-03T16:47:57.512470"},"sort":[1.0,1738601277512]}]},"aggregations":{"ResultType":{"doc_count_error_upper_bound":0,"sum_other_doc_count":0,"buckets":[{"key":"document","doc_count":1}]},"Publisher":{"doc_count_error_upper_bound":0,"sum_other_doc_count":0,"buckets":[{"key":["cdc0486d-8680-40d6-a8ca-a22e28953b91","Matthews-Johnson"],"key_as_string":"cdc0486d-8680-40d6-a8ca-a22e28953b91|Matthews-Johnson","doc_count":1}]},"InformationCategories":{"doc_count":1,"Categories":{"doc_count_error_upper_bound":0,"sum_other_doc_count":0,"buckets":[{"key":["9437f319-5a9c-4e6f-ac7c-4790099e70c1","Within
        husband."],"key_as_string":"9437f319-5a9c-4e6f-ac7c-4790099e70c1|Within husband.","doc_count":1}]}}}}'
    headers:
      Transfer-Encoding:
      - chunked
      X-elastic-product:
      - Elasticsearch
      content-type:
      - application/vnd.elasticsearch+json;compatible-with=8
    status:
      code: 200
      message: OK
version: 1
