interactions:
- request:
    body: '{"uuid":"d6eacab4-cb9f-42f7-abdf-719b358da923","publicatie":"99ade611-d4f2-4718-8eef-b873077fd314","informatie_categorieen":[{"uuid":"97c19dfc-8728-41b4-aa36-ea22d6de1380","naam":"Rest
      quality again."}],"publisher":{"uuid":"a742fbff-ab90-4b0b-85a4-b747842fa00c","naam":"Lopez-Campbell"},"identifier":"Document
      one","officiele_titel":"","verkorte_titel":"","omschrijving":"snowflake1","creatiedatum":"2025-03-26","registratiedatum":"2025-04-15T03:00:02.385130","laatst_gewijzigd_datum":"2025-04-03T13:00:22.163774"}'
    headers:
      accept:
      - application/vnd.elasticsearch+json; compatible-with=8
      connection:
      - keep-alive
      content-type:
      - application/vnd.elasticsearch+json; compatible-with=8
      user-agent:
      - elasticsearch-dsl-py/8.17.1
      x-elastic-client-meta:
      - es=8.17.1,py=3.12.6,t=8.17.0,ur=2.2.2
    method: PUT
    uri: http://localhost:9201/document/_doc/d6eacab4-cb9f-42f7-abdf-719b358da923?pipeline=document_attachment&refresh=wait_for
  response:
    body:
      string: '{"_index":"document","_id":"d6eacab4-cb9f-42f7-abdf-719b358da923","_version":1,"result":"created","_shards":{"total":2,"successful":1,"failed":0},"_seq_no":10,"_primary_term":1}'
    headers:
      Location:
      - /document/_doc/d6eacab4-cb9f-42f7-abdf-719b358da923
      X-elastic-product:
      - Elasticsearch
      content-length:
      - '177'
      content-type:
      - application/vnd.elasticsearch+json;compatible-with=8
    status:
      code: 201
      message: Created
- request:
    body: '{"uuid":"a8fce14e-88d1-4f60-a69b-bbcc7033afe9","publicatie":"c0300a70-5728-4a28-b562-80a4f88b4886","informatie_categorieen":[{"uuid":"abe85ed9-0e92-4b48-90c9-4ca02f3d236e","naam":"Ready
      accept."}],"publisher":{"uuid":"f108c7f3-4bd7-44bb-94ad-580b9e945b78","naam":"Smith
      and Sons"},"identifier":"Document two","officiele_titel":"","verkorte_titel":"","omschrijving":"snowflake2","creatiedatum":"2025-04-04","registratiedatum":"2025-04-14T08:13:59.965471","laatst_gewijzigd_datum":"2025-03-27T02:55:38.087278"}'
    headers:
      accept:
      - application/vnd.elasticsearch+json; compatible-with=8
      connection:
      - keep-alive
      content-type:
      - application/vnd.elasticsearch+json; compatible-with=8
      user-agent:
      - elasticsearch-dsl-py/8.17.1
      x-elastic-client-meta:
      - es=8.17.1,py=3.12.6,t=8.17.0,ur=2.2.2
    method: PUT
    uri: http://localhost:9201/document/_doc/a8fce14e-88d1-4f60-a69b-bbcc7033afe9?pipeline=document_attachment&refresh=wait_for
  response:
    body:
      string: '{"_index":"document","_id":"a8fce14e-88d1-4f60-a69b-bbcc7033afe9","_version":1,"result":"created","_shards":{"total":2,"successful":1,"failed":0},"_seq_no":11,"_primary_term":1}'
    headers:
      Location:
      - /document/_doc/a8fce14e-88d1-4f60-a69b-bbcc7033afe9
      X-elastic-product:
      - Elasticsearch
      content-length:
      - '177'
      content-type:
      - application/vnd.elasticsearch+json;compatible-with=8
    status:
      code: 201
      message: Created
- request:
    body: '{"query":{"function_score":{"functions":[{"gauss":{"registratiedatum":{"origin":"now","scale":"15d","offset":"7d","decay":0.5}}}],"query":{"simple_query_string":{"query":"document
      + one","default_operator":"AND","fields":["identifier^3","officiele_titel^2","verkorte_titel^1.5","omschrijving^1.2","attachment.content"],"flags":"OR|AND|PHRASE|PRECEDENCE|WHITESPACE"}},"score_mode":"multiply"}},"aggs":{"ResultType":{"filter":{"match_all":{}},"aggs":{"FilteredResultType":{"terms":{"field":"_index"}}}},"Publisher":{"filter":{"match_all":{}},"aggs":{"FilteredPublisher":{"multi_terms":{"terms":[{"field":"publisher.uuid.keyword"},{"field":"publisher.naam.keyword"}]}}}},"InformationCategories":{"filter":{"match_all":{}},"aggs":{"Categories":{"nested":{"path":"informatie_categorieen"},"aggs":{"FilteredCategories":{"multi_terms":{"terms":[{"field":"informatie_categorieen.uuid.keyword"},{"field":"informatie_categorieen.naam.keyword"}]}}}}}},"Topics":{"filter":{"match_all":{}},"aggs":{"Topics":{"nested":{"path":"onderwerpen"},"aggs":{"FilteredTopics":{"multi_terms":{"terms":[{"field":"onderwerpen.uuid.keyword"},{"field":"onderwerpen.officiele_titel.keyword"}]}}}}}}},"sort":["_score",{"laatst_gewijzigd_datum":{"order":"desc"}}],"indices_boost":[{"topic":3.0},{"publication":2.0},{"document":1.0}],"from":0,"size":10}'
    headers:
      accept:
      - application/vnd.elasticsearch+json; compatible-with=8
      connection:
      - keep-alive
      content-type:
      - application/vnd.elasticsearch+json; compatible-with=8
      user-agent:
      - elasticsearch-dsl-py/8.17.1
      x-elastic-client-meta:
      - es=8.17.1,py=3.12.6,t=8.17.0,ur=2.2.2
    method: POST
    uri: http://localhost:9201/publication,document,topic/_search
  response:
    body:
      string: '{"took":4,"timed_out":false,"_shards":{"total":3,"successful":3,"skipped":0,"failed":0},"hits":{"total":{"value":1,"relation":"eq"},"max_score":null,"hits":[{"_index":"document","_id":"d6eacab4-cb9f-42f7-abdf-719b358da923","_score":8.251713,"_source":{"omschrijving":"snowflake1","identifier":"Document
        one","publicatie":"99ade611-d4f2-4718-8eef-b873077fd314","officiele_titel":"","informatie_categorieen":[{"naam":"Rest
        quality again.","uuid":"97c19dfc-8728-41b4-aa36-ea22d6de1380"}],"publisher":{"naam":"Lopez-Campbell","uuid":"a742fbff-ab90-4b0b-85a4-b747842fa00c"},"creatiedatum":"2025-03-26","registratiedatum":"2025-04-15T03:00:02.385130","uuid":"d6eacab4-cb9f-42f7-abdf-719b358da923","verkorte_titel":"","laatst_gewijzigd_datum":"2025-04-03T13:00:22.163774"},"sort":[8.251713,1743685222163]}]},"aggregations":{"InformationCategories":{"doc_count":1,"Categories":{"doc_count":1,"FilteredCategories":{"doc_count_error_upper_bound":0,"sum_other_doc_count":0,"buckets":[{"key":["97c19dfc-8728-41b4-aa36-ea22d6de1380","Rest
        quality again."],"key_as_string":"97c19dfc-8728-41b4-aa36-ea22d6de1380|Rest
        quality again.","doc_count":1}]}}},"Topics":{"doc_count":1,"Topics":{"doc_count":0,"FilteredTopics":{"doc_count_error_upper_bound":0,"sum_other_doc_count":0,"buckets":[]}}},"Publisher":{"doc_count":1,"FilteredPublisher":{"doc_count_error_upper_bound":0,"sum_other_doc_count":0,"buckets":[{"key":["a742fbff-ab90-4b0b-85a4-b747842fa00c","Lopez-Campbell"],"key_as_string":"a742fbff-ab90-4b0b-85a4-b747842fa00c|Lopez-Campbell","doc_count":1}]}},"ResultType":{"doc_count":1,"FilteredResultType":{"doc_count_error_upper_bound":0,"sum_other_doc_count":0,"buckets":[{"key":"document","doc_count":1}]}}}}'
    headers:
      Transfer-Encoding:
      - chunked
      X-elastic-product:
      - Elasticsearch
      content-type:
      - application/vnd.elasticsearch+json;compatible-with=8
    status:
      code: 200
      message: OK
- request:
    body: '{"query":{"function_score":{"functions":[{"gauss":{"registratiedatum":{"origin":"now","scale":"15d","offset":"7d","decay":0.5}}}],"query":{"simple_query_string":{"query":"document
      + one","default_operator":"AND","fields":["identifier^3","officiele_titel^2","verkorte_titel^1.5","omschrijving^1.2","attachment.content"],"flags":"OR|AND|PHRASE|PRECEDENCE|WHITESPACE"}},"score_mode":"multiply"}},"aggs":{"ResultType":{"filter":{"match_all":{}},"aggs":{"FilteredResultType":{"terms":{"field":"_index"}}}},"Publisher":{"filter":{"match_all":{}},"aggs":{"FilteredPublisher":{"multi_terms":{"terms":[{"field":"publisher.uuid.keyword"},{"field":"publisher.naam.keyword"}]}}}},"InformationCategories":{"filter":{"match_all":{}},"aggs":{"Categories":{"nested":{"path":"informatie_categorieen"},"aggs":{"FilteredCategories":{"multi_terms":{"terms":[{"field":"informatie_categorieen.uuid.keyword"},{"field":"informatie_categorieen.naam.keyword"}]}}}}}},"Topics":{"filter":{"match_all":{}},"aggs":{"Topics":{"nested":{"path":"onderwerpen"},"aggs":{"FilteredTopics":{"multi_terms":{"terms":[{"field":"onderwerpen.uuid.keyword"},{"field":"onderwerpen.officiele_titel.keyword"}]}}}}}}},"sort":["_score",{"laatst_gewijzigd_datum":{"order":"desc"}}],"indices_boost":[{"topic":3.0},{"publication":2.0},{"document":1.0}],"from":0,"size":10}'
    headers:
      accept:
      - application/vnd.elasticsearch+json; compatible-with=8
      connection:
      - keep-alive
      content-type:
      - application/vnd.elasticsearch+json; compatible-with=8
      user-agent:
      - elasticsearch-dsl-py/8.17.1
      x-elastic-client-meta:
      - es=8.17.1,py=3.12.6,t=8.17.0,ur=2.2.2
    method: POST
    uri: http://localhost:9201/publication,document,topic/_search
  response:
    body:
      string: '{"took":3,"timed_out":false,"_shards":{"total":3,"successful":3,"skipped":0,"failed":0},"hits":{"total":{"value":1,"relation":"eq"},"max_score":null,"hits":[{"_index":"document","_id":"d6eacab4-cb9f-42f7-abdf-719b358da923","_score":8.251713,"_source":{"omschrijving":"snowflake1","identifier":"Document
        one","publicatie":"99ade611-d4f2-4718-8eef-b873077fd314","officiele_titel":"","informatie_categorieen":[{"naam":"Rest
        quality again.","uuid":"97c19dfc-8728-41b4-aa36-ea22d6de1380"}],"publisher":{"naam":"Lopez-Campbell","uuid":"a742fbff-ab90-4b0b-85a4-b747842fa00c"},"creatiedatum":"2025-03-26","registratiedatum":"2025-04-15T03:00:02.385130","uuid":"d6eacab4-cb9f-42f7-abdf-719b358da923","verkorte_titel":"","laatst_gewijzigd_datum":"2025-04-03T13:00:22.163774"},"sort":[8.251713,1743685222163]}]},"aggregations":{"InformationCategories":{"doc_count":1,"Categories":{"doc_count":1,"FilteredCategories":{"doc_count_error_upper_bound":0,"sum_other_doc_count":0,"buckets":[{"key":["97c19dfc-8728-41b4-aa36-ea22d6de1380","Rest
        quality again."],"key_as_string":"97c19dfc-8728-41b4-aa36-ea22d6de1380|Rest
        quality again.","doc_count":1}]}}},"Topics":{"doc_count":1,"Topics":{"doc_count":0,"FilteredTopics":{"doc_count_error_upper_bound":0,"sum_other_doc_count":0,"buckets":[]}}},"Publisher":{"doc_count":1,"FilteredPublisher":{"doc_count_error_upper_bound":0,"sum_other_doc_count":0,"buckets":[{"key":["a742fbff-ab90-4b0b-85a4-b747842fa00c","Lopez-Campbell"],"key_as_string":"a742fbff-ab90-4b0b-85a4-b747842fa00c|Lopez-Campbell","doc_count":1}]}},"ResultType":{"doc_count":1,"FilteredResultType":{"doc_count_error_upper_bound":0,"sum_other_doc_count":0,"buckets":[{"key":"document","doc_count":1}]}}}}'
    headers:
      Transfer-Encoding:
      - chunked
      X-elastic-product:
      - Elasticsearch
      content-type:
      - application/vnd.elasticsearch+json;compatible-with=8
    status:
      code: 200
      message: OK
- request:
    body: '{"query":{"function_score":{"functions":[{"gauss":{"registratiedatum":{"origin":"now","scale":"15d","offset":"7d","decay":0.5}}}],"query":{"simple_query_string":{"query":"one
      |two","default_operator":"AND","fields":["identifier^3","officiele_titel^2","verkorte_titel^1.5","omschrijving^1.2","attachment.content"],"flags":"OR|AND|PHRASE|PRECEDENCE|WHITESPACE"}},"score_mode":"multiply"}},"aggs":{"ResultType":{"filter":{"match_all":{}},"aggs":{"FilteredResultType":{"terms":{"field":"_index"}}}},"Publisher":{"filter":{"match_all":{}},"aggs":{"FilteredPublisher":{"multi_terms":{"terms":[{"field":"publisher.uuid.keyword"},{"field":"publisher.naam.keyword"}]}}}},"InformationCategories":{"filter":{"match_all":{}},"aggs":{"Categories":{"nested":{"path":"informatie_categorieen"},"aggs":{"FilteredCategories":{"multi_terms":{"terms":[{"field":"informatie_categorieen.uuid.keyword"},{"field":"informatie_categorieen.naam.keyword"}]}}}}}},"Topics":{"filter":{"match_all":{}},"aggs":{"Topics":{"nested":{"path":"onderwerpen"},"aggs":{"FilteredTopics":{"multi_terms":{"terms":[{"field":"onderwerpen.uuid.keyword"},{"field":"onderwerpen.officiele_titel.keyword"}]}}}}}}},"sort":["_score",{"laatst_gewijzigd_datum":{"order":"desc"}}],"indices_boost":[{"topic":3.0},{"publication":2.0},{"document":1.0}],"from":0,"size":10}'
    headers:
      accept:
      - application/vnd.elasticsearch+json; compatible-with=8
      connection:
      - keep-alive
      content-type:
      - application/vnd.elasticsearch+json; compatible-with=8
      user-agent:
      - elasticsearch-dsl-py/8.17.1
      x-elastic-client-meta:
      - es=8.17.1,py=3.12.6,t=8.17.0,ur=2.2.2
    method: POST
    uri: http://localhost:9201/publication,document,topic/_search
  response:
    body:
      string: '{"took":3,"timed_out":false,"_shards":{"total":3,"successful":3,"skipped":0,"failed":0},"hits":{"total":{"value":2,"relation":"eq"},"max_score":null,"hits":[{"_index":"document","_id":"d6eacab4-cb9f-42f7-abdf-719b358da923","_score":4.868718,"_source":{"omschrijving":"snowflake1","identifier":"Document
        one","publicatie":"99ade611-d4f2-4718-8eef-b873077fd314","officiele_titel":"","informatie_categorieen":[{"naam":"Rest
        quality again.","uuid":"97c19dfc-8728-41b4-aa36-ea22d6de1380"}],"publisher":{"naam":"Lopez-Campbell","uuid":"a742fbff-ab90-4b0b-85a4-b747842fa00c"},"creatiedatum":"2025-03-26","registratiedatum":"2025-04-15T03:00:02.385130","uuid":"d6eacab4-cb9f-42f7-abdf-719b358da923","verkorte_titel":"","laatst_gewijzigd_datum":"2025-04-03T13:00:22.163774"},"sort":[4.868718,1743685222163]},{"_index":"document","_id":"a8fce14e-88d1-4f60-a69b-bbcc7033afe9","_score":4.868718,"_source":{"omschrijving":"snowflake2","identifier":"Document
        two","publicatie":"c0300a70-5728-4a28-b562-80a4f88b4886","officiele_titel":"","informatie_categorieen":[{"naam":"Ready
        accept.","uuid":"abe85ed9-0e92-4b48-90c9-4ca02f3d236e"}],"publisher":{"naam":"Smith
        and Sons","uuid":"f108c7f3-4bd7-44bb-94ad-580b9e945b78"},"creatiedatum":"2025-04-04","registratiedatum":"2025-04-14T08:13:59.965471","uuid":"a8fce14e-88d1-4f60-a69b-bbcc7033afe9","verkorte_titel":"","laatst_gewijzigd_datum":"2025-03-27T02:55:38.087278"},"sort":[4.868718,1743044138087]}]},"aggregations":{"InformationCategories":{"doc_count":2,"Categories":{"doc_count":2,"FilteredCategories":{"doc_count_error_upper_bound":0,"sum_other_doc_count":0,"buckets":[{"key":["97c19dfc-8728-41b4-aa36-ea22d6de1380","Rest
        quality again."],"key_as_string":"97c19dfc-8728-41b4-aa36-ea22d6de1380|Rest
        quality again.","doc_count":1},{"key":["abe85ed9-0e92-4b48-90c9-4ca02f3d236e","Ready
        accept."],"key_as_string":"abe85ed9-0e92-4b48-90c9-4ca02f3d236e|Ready accept.","doc_count":1}]}}},"Topics":{"doc_count":2,"Topics":{"doc_count":0,"FilteredTopics":{"doc_count_error_upper_bound":0,"sum_other_doc_count":0,"buckets":[]}}},"Publisher":{"doc_count":2,"FilteredPublisher":{"doc_count_error_upper_bound":0,"sum_other_doc_count":0,"buckets":[{"key":["a742fbff-ab90-4b0b-85a4-b747842fa00c","Lopez-Campbell"],"key_as_string":"a742fbff-ab90-4b0b-85a4-b747842fa00c|Lopez-Campbell","doc_count":1},{"key":["f108c7f3-4bd7-44bb-94ad-580b9e945b78","Smith
        and Sons"],"key_as_string":"f108c7f3-4bd7-44bb-94ad-580b9e945b78|Smith and
        Sons","doc_count":1}]}},"ResultType":{"doc_count":2,"FilteredResultType":{"doc_count_error_upper_bound":0,"sum_other_doc_count":0,"buckets":[{"key":"document","doc_count":2}]}}}}'
    headers:
      Transfer-Encoding:
      - chunked
      X-elastic-product:
      - Elasticsearch
      content-type:
      - application/vnd.elasticsearch+json;compatible-with=8
    status:
      code: 200
      message: OK
- request:
    body: '{"query":{"function_score":{"functions":[{"gauss":{"registratiedatum":{"origin":"now","scale":"15d","offset":"7d","decay":0.5}}}],"query":{"simple_query_string":{"query":"one
      | two","default_operator":"AND","fields":["identifier^3","officiele_titel^2","verkorte_titel^1.5","omschrijving^1.2","attachment.content"],"flags":"OR|AND|PHRASE|PRECEDENCE|WHITESPACE"}},"score_mode":"multiply"}},"aggs":{"ResultType":{"filter":{"match_all":{}},"aggs":{"FilteredResultType":{"terms":{"field":"_index"}}}},"Publisher":{"filter":{"match_all":{}},"aggs":{"FilteredPublisher":{"multi_terms":{"terms":[{"field":"publisher.uuid.keyword"},{"field":"publisher.naam.keyword"}]}}}},"InformationCategories":{"filter":{"match_all":{}},"aggs":{"Categories":{"nested":{"path":"informatie_categorieen"},"aggs":{"FilteredCategories":{"multi_terms":{"terms":[{"field":"informatie_categorieen.uuid.keyword"},{"field":"informatie_categorieen.naam.keyword"}]}}}}}},"Topics":{"filter":{"match_all":{}},"aggs":{"Topics":{"nested":{"path":"onderwerpen"},"aggs":{"FilteredTopics":{"multi_terms":{"terms":[{"field":"onderwerpen.uuid.keyword"},{"field":"onderwerpen.officiele_titel.keyword"}]}}}}}}},"sort":["_score",{"laatst_gewijzigd_datum":{"order":"desc"}}],"indices_boost":[{"topic":3.0},{"publication":2.0},{"document":1.0}],"from":0,"size":10}'
    headers:
      accept:
      - application/vnd.elasticsearch+json; compatible-with=8
      connection:
      - keep-alive
      content-type:
      - application/vnd.elasticsearch+json; compatible-with=8
      user-agent:
      - elasticsearch-dsl-py/8.17.1
      x-elastic-client-meta:
      - es=8.17.1,py=3.12.6,t=8.17.0,ur=2.2.2
    method: POST
    uri: http://localhost:9201/publication,document,topic/_search
  response:
    body:
      string: '{"took":4,"timed_out":false,"_shards":{"total":3,"successful":3,"skipped":0,"failed":0},"hits":{"total":{"value":2,"relation":"eq"},"max_score":null,"hits":[{"_index":"document","_id":"d6eacab4-cb9f-42f7-abdf-719b358da923","_score":4.868718,"_source":{"omschrijving":"snowflake1","identifier":"Document
        one","publicatie":"99ade611-d4f2-4718-8eef-b873077fd314","officiele_titel":"","informatie_categorieen":[{"naam":"Rest
        quality again.","uuid":"97c19dfc-8728-41b4-aa36-ea22d6de1380"}],"publisher":{"naam":"Lopez-Campbell","uuid":"a742fbff-ab90-4b0b-85a4-b747842fa00c"},"creatiedatum":"2025-03-26","registratiedatum":"2025-04-15T03:00:02.385130","uuid":"d6eacab4-cb9f-42f7-abdf-719b358da923","verkorte_titel":"","laatst_gewijzigd_datum":"2025-04-03T13:00:22.163774"},"sort":[4.868718,1743685222163]},{"_index":"document","_id":"a8fce14e-88d1-4f60-a69b-bbcc7033afe9","_score":4.868718,"_source":{"omschrijving":"snowflake2","identifier":"Document
        two","publicatie":"c0300a70-5728-4a28-b562-80a4f88b4886","officiele_titel":"","informatie_categorieen":[{"naam":"Ready
        accept.","uuid":"abe85ed9-0e92-4b48-90c9-4ca02f3d236e"}],"publisher":{"naam":"Smith
        and Sons","uuid":"f108c7f3-4bd7-44bb-94ad-580b9e945b78"},"creatiedatum":"2025-04-04","registratiedatum":"2025-04-14T08:13:59.965471","uuid":"a8fce14e-88d1-4f60-a69b-bbcc7033afe9","verkorte_titel":"","laatst_gewijzigd_datum":"2025-03-27T02:55:38.087278"},"sort":[4.868718,1743044138087]}]},"aggregations":{"InformationCategories":{"doc_count":2,"Categories":{"doc_count":2,"FilteredCategories":{"doc_count_error_upper_bound":0,"sum_other_doc_count":0,"buckets":[{"key":["97c19dfc-8728-41b4-aa36-ea22d6de1380","Rest
        quality again."],"key_as_string":"97c19dfc-8728-41b4-aa36-ea22d6de1380|Rest
        quality again.","doc_count":1},{"key":["abe85ed9-0e92-4b48-90c9-4ca02f3d236e","Ready
        accept."],"key_as_string":"abe85ed9-0e92-4b48-90c9-4ca02f3d236e|Ready accept.","doc_count":1}]}}},"Topics":{"doc_count":2,"Topics":{"doc_count":0,"FilteredTopics":{"doc_count_error_upper_bound":0,"sum_other_doc_count":0,"buckets":[]}}},"Publisher":{"doc_count":2,"FilteredPublisher":{"doc_count_error_upper_bound":0,"sum_other_doc_count":0,"buckets":[{"key":["a742fbff-ab90-4b0b-85a4-b747842fa00c","Lopez-Campbell"],"key_as_string":"a742fbff-ab90-4b0b-85a4-b747842fa00c|Lopez-Campbell","doc_count":1},{"key":["f108c7f3-4bd7-44bb-94ad-580b9e945b78","Smith
        and Sons"],"key_as_string":"f108c7f3-4bd7-44bb-94ad-580b9e945b78|Smith and
        Sons","doc_count":1}]}},"ResultType":{"doc_count":2,"FilteredResultType":{"doc_count_error_upper_bound":0,"sum_other_doc_count":0,"buckets":[{"key":"document","doc_count":2}]}}}}'
    headers:
      Transfer-Encoding:
      - chunked
      X-elastic-product:
      - Elasticsearch
      content-type:
      - application/vnd.elasticsearch+json;compatible-with=8
    status:
      code: 200
      message: OK
- request:
    body: '{"query":{"function_score":{"functions":[{"gauss":{"registratiedatum":{"origin":"now","scale":"15d","offset":"7d","decay":0.5}}}],"query":{"simple_query_string":{"query":"(\"snowflake1\"
      +  one) | (\"Document two\")","default_operator":"AND","fields":["identifier^3","officiele_titel^2","verkorte_titel^1.5","omschrijving^1.2","attachment.content"],"flags":"OR|AND|PHRASE|PRECEDENCE|WHITESPACE"}},"score_mode":"multiply"}},"aggs":{"ResultType":{"filter":{"match_all":{}},"aggs":{"FilteredResultType":{"terms":{"field":"_index"}}}},"Publisher":{"filter":{"match_all":{}},"aggs":{"FilteredPublisher":{"multi_terms":{"terms":[{"field":"publisher.uuid.keyword"},{"field":"publisher.naam.keyword"}]}}}},"InformationCategories":{"filter":{"match_all":{}},"aggs":{"Categories":{"nested":{"path":"informatie_categorieen"},"aggs":{"FilteredCategories":{"multi_terms":{"terms":[{"field":"informatie_categorieen.uuid.keyword"},{"field":"informatie_categorieen.naam.keyword"}]}}}}}},"Topics":{"filter":{"match_all":{}},"aggs":{"Topics":{"nested":{"path":"onderwerpen"},"aggs":{"FilteredTopics":{"multi_terms":{"terms":[{"field":"onderwerpen.uuid.keyword"},{"field":"onderwerpen.officiele_titel.keyword"}]}}}}}}},"sort":["_score",{"laatst_gewijzigd_datum":{"order":"desc"}}],"indices_boost":[{"topic":3.0},{"publication":2.0},{"document":1.0}],"from":0,"size":10}'
    headers:
      accept:
      - application/vnd.elasticsearch+json; compatible-with=8
      connection:
      - keep-alive
      content-type:
      - application/vnd.elasticsearch+json; compatible-with=8
      user-agent:
      - elasticsearch-dsl-py/8.17.1
      x-elastic-client-meta:
      - es=8.17.1,py=3.12.6,t=8.17.0,ur=2.2.2
    method: POST
    uri: http://localhost:9201/publication,document,topic/_search
  response:
    body:
      string: '{"took":10,"timed_out":false,"_shards":{"total":3,"successful":3,"skipped":0,"failed":0},"hits":{"total":{"value":2,"relation":"eq"},"max_score":null,"hits":[{"_index":"document","_id":"a8fce14e-88d1-4f60-a69b-bbcc7033afe9","_score":8.251713,"_source":{"omschrijving":"snowflake2","identifier":"Document
        two","publicatie":"c0300a70-5728-4a28-b562-80a4f88b4886","officiele_titel":"","informatie_categorieen":[{"naam":"Ready
        accept.","uuid":"abe85ed9-0e92-4b48-90c9-4ca02f3d236e"}],"publisher":{"naam":"Smith
        and Sons","uuid":"f108c7f3-4bd7-44bb-94ad-580b9e945b78"},"creatiedatum":"2025-04-04","registratiedatum":"2025-04-14T08:13:59.965471","uuid":"a8fce14e-88d1-4f60-a69b-bbcc7033afe9","verkorte_titel":"","laatst_gewijzigd_datum":"2025-03-27T02:55:38.087278"},"sort":[8.251713,1743044138087]},{"_index":"document","_id":"d6eacab4-cb9f-42f7-abdf-719b358da923","_score":8.035642,"_source":{"omschrijving":"snowflake1","identifier":"Document
        one","publicatie":"99ade611-d4f2-4718-8eef-b873077fd314","officiele_titel":"","informatie_categorieen":[{"naam":"Rest
        quality again.","uuid":"97c19dfc-8728-41b4-aa36-ea22d6de1380"}],"publisher":{"naam":"Lopez-Campbell","uuid":"a742fbff-ab90-4b0b-85a4-b747842fa00c"},"creatiedatum":"2025-03-26","registratiedatum":"2025-04-15T03:00:02.385130","uuid":"d6eacab4-cb9f-42f7-abdf-719b358da923","verkorte_titel":"","laatst_gewijzigd_datum":"2025-04-03T13:00:22.163774"},"sort":[8.035642,1743685222163]}]},"aggregations":{"InformationCategories":{"doc_count":2,"Categories":{"doc_count":2,"FilteredCategories":{"doc_count_error_upper_bound":0,"sum_other_doc_count":0,"buckets":[{"key":["97c19dfc-8728-41b4-aa36-ea22d6de1380","Rest
        quality again."],"key_as_string":"97c19dfc-8728-41b4-aa36-ea22d6de1380|Rest
        quality again.","doc_count":1},{"key":["abe85ed9-0e92-4b48-90c9-4ca02f3d236e","Ready
        accept."],"key_as_string":"abe85ed9-0e92-4b48-90c9-4ca02f3d236e|Ready accept.","doc_count":1}]}}},"Topics":{"doc_count":2,"Topics":{"doc_count":0,"FilteredTopics":{"doc_count_error_upper_bound":0,"sum_other_doc_count":0,"buckets":[]}}},"Publisher":{"doc_count":2,"FilteredPublisher":{"doc_count_error_upper_bound":0,"sum_other_doc_count":0,"buckets":[{"key":["a742fbff-ab90-4b0b-85a4-b747842fa00c","Lopez-Campbell"],"key_as_string":"a742fbff-ab90-4b0b-85a4-b747842fa00c|Lopez-Campbell","doc_count":1},{"key":["f108c7f3-4bd7-44bb-94ad-580b9e945b78","Smith
        and Sons"],"key_as_string":"f108c7f3-4bd7-44bb-94ad-580b9e945b78|Smith and
        Sons","doc_count":1}]}},"ResultType":{"doc_count":2,"FilteredResultType":{"doc_count_error_upper_bound":0,"sum_other_doc_count":0,"buckets":[{"key":"document","doc_count":2}]}}}}'
    headers:
      Transfer-Encoding:
      - chunked
      X-elastic-product:
      - Elasticsearch
      content-type:
      - application/vnd.elasticsearch+json;compatible-with=8
    status:
      code: 200
      message: OK
version: 1
