interactions:
- request:
    body: '{"uuid":"0ce718e4-8fb5-42f1-a07e-cbf82a869efd","publisher":{"uuid":"62da7e9d-2481-4d46-9c77-563b490126aa","naam":"Utrecht"},"informatie_categorieen":[{"uuid":"2ff3d47c-7945-4267-b3b2-e63aca280b8d","naam":"WOO"}],"officiele_titel":"Lorem
      ipsum dolor sit amet, consectetur adipiscing elit.","verkorte_titel":"Donec
      finibus non tortor quis sollicitudin.","omschrijving":"Nulla at nisi at enim
      eleifend facilisis at vitae velit.","registratiedatum":"2026-01-01T12:00:00+00:00","laatst_gewijzigd_datum":"2026-01-02T12:00:00+00:00"}'
    headers:
      accept:
      - application/vnd.elasticsearch+json; compatible-with=8
      connection:
      - keep-alive
      content-type:
      - application/vnd.elasticsearch+json; compatible-with=8
      user-agent:
      - elasticsearch-dsl-py/8.17.1
      x-elastic-client-meta:
      - es=8.17.1,py=3.12.6,t=8.17.0,ur=2.2.2
    method: PUT
    uri: http://localhost:9201/publication/_doc/0ce718e4-8fb5-42f1-a07e-cbf82a869efd?refresh=wait_for
  response:
    body:
      string: '{"_index":"publication","_id":"0ce718e4-8fb5-42f1-a07e-cbf82a869efd","_version":1,"result":"created","_shards":{"total":2,"successful":1,"failed":0},"_seq_no":0,"_primary_term":1}'
    headers:
      Location:
      - /publication/_doc/0ce718e4-8fb5-42f1-a07e-cbf82a869efd
      X-elastic-product:
      - Elasticsearch
      content-length:
      - '179'
      content-type:
      - application/vnd.elasticsearch+json;compatible-with=8
    status:
      code: 201
      message: Created
- request:
    body: '{"uuid":"3b3f4514-7d8b-4e31-83ca-fa9376ff6522","publicatie":"6dae9be7-4f93-4aad-b56a-10b683b16dcc","publisher":{"uuid":"2f809be7-b585-4cb8-8010-9682c4281aec","naam":"Utrecht"},"identifier":"https://www.example.com/1","officiele_titel":"A
      test document","verkorte_titel":"A document","omschrijving":"Lorem ipsum dolor
      sit amet, consectetur adipiscing elit.","creatiedatum":"2026-01-01T00:00:00+01:00","registratiedatum":"2026-01-05T12:00:00+00:00","laatst_gewijzigd_datum":"2026-01-05T12:00:00+00:00"}'
    headers:
      accept:
      - application/vnd.elasticsearch+json; compatible-with=8
      connection:
      - keep-alive
      content-type:
      - application/vnd.elasticsearch+json; compatible-with=8
      user-agent:
      - elasticsearch-dsl-py/8.17.1
      x-elastic-client-meta:
      - es=8.17.1,py=3.12.6,t=8.17.0,ur=2.2.2
    method: PUT
    uri: http://localhost:9201/document/_doc/3b3f4514-7d8b-4e31-83ca-fa9376ff6522?refresh=wait_for
  response:
    body:
      string: '{"_index":"document","_id":"3b3f4514-7d8b-4e31-83ca-fa9376ff6522","_version":1,"result":"created","_shards":{"total":2,"successful":1,"failed":0},"_seq_no":0,"_primary_term":1}'
    headers:
      Location:
      - /document/_doc/3b3f4514-7d8b-4e31-83ca-fa9376ff6522
      X-elastic-product:
      - Elasticsearch
      content-length:
      - '176'
      content-type:
      - application/vnd.elasticsearch+json;compatible-with=8
    status:
      code: 201
      message: Created
- request:
    body: '{"from":0,"size":10,"sort":[{"_score":{"order":"desc"}},{"laatst_gewijzigd_datum":{"order":"desc"}}],"track_total_hits":true}'
    headers:
      accept:
      - application/vnd.elasticsearch+json; compatible-with=8
      connection:
      - keep-alive
      content-type:
      - application/vnd.elasticsearch+json; compatible-with=8
      user-agent:
      - elasticsearch-py/8.17.1 (Python/3.12.6; elastic-transport/8.17.0)
      x-elastic-client-meta:
      - es=8.17.1,py=3.12.6,t=8.17.0,ur=2.2.2
    method: POST
    uri: http://localhost:9201/*/_search
  response:
    body:
      string: '{"took":2,"timed_out":false,"_shards":{"total":2,"successful":2,"skipped":0,"failed":0},"hits":{"total":{"value":2,"relation":"eq"},"max_score":null,"hits":[{"_index":"document","_id":"3b3f4514-7d8b-4e31-83ca-fa9376ff6522","_score":1.0,"_source":{"uuid":"3b3f4514-7d8b-4e31-83ca-fa9376ff6522","publicatie":"6dae9be7-4f93-4aad-b56a-10b683b16dcc","publisher":{"uuid":"2f809be7-b585-4cb8-8010-9682c4281aec","naam":"Utrecht"},"identifier":"https://www.example.com/1","officiele_titel":"A
        test document","verkorte_titel":"A document","omschrijving":"Lorem ipsum dolor
        sit amet, consectetur adipiscing elit.","creatiedatum":"2026-01-01T00:00:00+01:00","registratiedatum":"2026-01-05T12:00:00+00:00","laatst_gewijzigd_datum":"2026-01-05T12:00:00+00:00"},"sort":[1.0,1767614400000]},{"_index":"publication","_id":"0ce718e4-8fb5-42f1-a07e-cbf82a869efd","_score":1.0,"_source":{"uuid":"0ce718e4-8fb5-42f1-a07e-cbf82a869efd","publisher":{"uuid":"62da7e9d-2481-4d46-9c77-563b490126aa","naam":"Utrecht"},"informatie_categorieen":[{"uuid":"2ff3d47c-7945-4267-b3b2-e63aca280b8d","naam":"WOO"}],"officiele_titel":"Lorem
        ipsum dolor sit amet, consectetur adipiscing elit.","verkorte_titel":"Donec
        finibus non tortor quis sollicitudin.","omschrijving":"Nulla at nisi at enim
        eleifend facilisis at vitae velit.","registratiedatum":"2026-01-01T12:00:00+00:00","laatst_gewijzigd_datum":"2026-01-02T12:00:00+00:00"},"sort":[1.0,1767355200000]}]}}'
    headers:
      Transfer-Encoding:
      - chunked
      X-elastic-product:
      - Elasticsearch
      content-type:
      - application/vnd.elasticsearch+json;compatible-with=8
    status:
      code: 200
      message: OK
version: 1
