interactions:
- request:
    body: '{"uuid":"d6eacab4-cb9f-42f7-abdf-719b358da923","publicatie":"a728aabf-7062-46e9-b895-6d04a85e8717","informatie_categorieen":[{"uuid":"2bd8b0b0-3b0f-4dec-9888-09f1b9d117fa","naam":"Much
      air whom."}],"publisher":{"uuid":"65b5b495-faa5-410e-9727-3104e0155d1a","naam":"Schneider,
      Ford and Torres"},"identifier":"","officiele_titel":"","verkorte_titel":"","omschrijving":"Document
      one, on which we expect an exact phrase match.","creatiedatum":"2025-03-20","registratiedatum":"2025-04-02T20:50:20.949685","laatst_gewijzigd_datum":"2025-03-15T23:55:17.492494"}'
    headers:
      accept:
      - application/vnd.elasticsearch+json; compatible-with=8
      connection:
      - keep-alive
      content-type:
      - application/vnd.elasticsearch+json; compatible-with=8
      user-agent:
      - elasticsearch-dsl-py/8.17.1
      x-elastic-client-meta:
      - es=8.17.1,py=3.12.6,t=8.17.0,ur=2.2.2
    method: PUT
    uri: http://localhost:9201/document/_doc/d6eacab4-cb9f-42f7-abdf-719b358da923?pipeline=document_attachment&refresh=wait_for
  response:
    body:
      string: '{"_index":"document","_id":"d6eacab4-cb9f-42f7-abdf-719b358da923","_version":3,"result":"created","_shards":{"total":2,"successful":1,"failed":0},"_seq_no":28,"_primary_term":1}'
    headers:
      Location:
      - /document/_doc/d6eacab4-cb9f-42f7-abdf-719b358da923
      X-elastic-product:
      - Elasticsearch
      content-length:
      - '177'
      content-type:
      - application/vnd.elasticsearch+json;compatible-with=8
    status:
      code: 201
      message: Created
- request:
    body: '{"uuid":"a8fce14e-88d1-4f60-a69b-bbcc7033afe9","publicatie":"c06adbb7-d58f-4370-a73a-6d39861ad92e","informatie_categorieen":[{"uuid":"65486c09-dbb1-4a48-9bd2-a38eb2d2ccb4","naam":"Professor."}],"publisher":{"uuid":"10a1d20c-a5d6-4473-a2f9-8e2066467687","naam":"Hall-Brooks"},"identifier":"","officiele_titel":"","verkorte_titel":"","omschrijving":"Document
      two, the document that came after one.","creatiedatum":"2025-03-19","registratiedatum":"2025-03-30T22:51:51.148076","laatst_gewijzigd_datum":"2025-03-14T15:12:16.090867"}'
    headers:
      accept:
      - application/vnd.elasticsearch+json; compatible-with=8
      connection:
      - keep-alive
      content-type:
      - application/vnd.elasticsearch+json; compatible-with=8
      user-agent:
      - elasticsearch-dsl-py/8.17.1
      x-elastic-client-meta:
      - es=8.17.1,py=3.12.6,t=8.17.0,ur=2.2.2
    method: PUT
    uri: http://localhost:9201/document/_doc/a8fce14e-88d1-4f60-a69b-bbcc7033afe9?pipeline=document_attachment&refresh=wait_for
  response:
    body:
      string: '{"_index":"document","_id":"a8fce14e-88d1-4f60-a69b-bbcc7033afe9","_version":3,"result":"created","_shards":{"total":2,"successful":1,"failed":0},"_seq_no":29,"_primary_term":1}'
    headers:
      Location:
      - /document/_doc/a8fce14e-88d1-4f60-a69b-bbcc7033afe9
      X-elastic-product:
      - Elasticsearch
      content-length:
      - '177'
      content-type:
      - application/vnd.elasticsearch+json;compatible-with=8
    status:
      code: 201
      message: Created
- request:
    body: '{"query":{"function_score":{"functions":[{"gauss":{"registratiedatum":{"origin":"now","scale":"15d","offset":"7d","decay":0.5}}}],"query":{"simple_query_string":{"query":"\"document
      one\"","default_operator":"AND","fields":["identifier^3","officiele_titel^2","verkorte_titel^1.5","omschrijving^1.2","attachment.content"],"flags":"OR|AND|PHRASE|PRECEDENCE|WHITESPACE"}},"score_mode":"multiply"}},"aggs":{"ResultType":{"filter":{"match_all":{}},"aggs":{"FilteredResultType":{"terms":{"field":"_index"}}}},"Publisher":{"filter":{"match_all":{}},"aggs":{"FilteredPublisher":{"multi_terms":{"terms":[{"field":"publisher.uuid.keyword"},{"field":"publisher.naam.keyword"}]}}}},"InformationCategories":{"filter":{"match_all":{}},"aggs":{"Categories":{"nested":{"path":"informatie_categorieen"},"aggs":{"FilteredCategories":{"multi_terms":{"terms":[{"field":"informatie_categorieen.uuid.keyword"},{"field":"informatie_categorieen.naam.keyword"}]}}}}}},"Topics":{"filter":{"match_all":{}},"aggs":{"Topics":{"nested":{"path":"onderwerpen"},"aggs":{"FilteredTopics":{"multi_terms":{"terms":[{"field":"onderwerpen.uuid.keyword"},{"field":"onderwerpen.officiele_titel.keyword"}]}}}}}}},"sort":["_score",{"laatst_gewijzigd_datum":{"order":"desc"}}],"indices_boost":[{"publication":2.0},{"document":1.0}],"from":0,"size":10}'
    headers:
      accept:
      - application/vnd.elasticsearch+json; compatible-with=8
      connection:
      - keep-alive
      content-type:
      - application/vnd.elasticsearch+json; compatible-with=8
      user-agent:
      - elasticsearch-dsl-py/8.17.1
      x-elastic-client-meta:
      - es=8.17.1,py=3.12.6,t=8.17.0,ur=2.2.2
    method: POST
    uri: http://localhost:9201/publication,document/_search
  response:
    body:
      string: '{"took":9,"timed_out":false,"_shards":{"total":2,"successful":2,"skipped":0,"failed":0},"hits":{"total":{"value":1,"relation":"eq"},"max_score":null,"hits":[{"_index":"document","_id":"d6eacab4-cb9f-42f7-abdf-719b358da923","_score":3.9316354,"_source":{"omschrijving":"Document
        one, on which we expect an exact phrase match.","identifier":"","publicatie":"a728aabf-7062-46e9-b895-6d04a85e8717","officiele_titel":"","informatie_categorieen":[{"naam":"Much
        air whom.","uuid":"2bd8b0b0-3b0f-4dec-9888-09f1b9d117fa"}],"publisher":{"naam":"Schneider,
        Ford and Torres","uuid":"65b5b495-faa5-410e-9727-3104e0155d1a"},"creatiedatum":"2025-03-20","registratiedatum":"2025-04-02T20:50:20.949685","uuid":"d6eacab4-cb9f-42f7-abdf-719b358da923","verkorte_titel":"","laatst_gewijzigd_datum":"2025-03-15T23:55:17.492494"},"sort":[3.9316354,1742082917492]}]},"aggregations":{"InformationCategories":{"doc_count":1,"Categories":{"doc_count":1,"FilteredCategories":{"doc_count_error_upper_bound":0,"sum_other_doc_count":0,"buckets":[{"key":["2bd8b0b0-3b0f-4dec-9888-09f1b9d117fa","Much
        air whom."],"key_as_string":"2bd8b0b0-3b0f-4dec-9888-09f1b9d117fa|Much air
        whom.","doc_count":1}]}}},"Topics":{"doc_count":1,"Topics":{"doc_count":0,"FilteredTopics":{"doc_count_error_upper_bound":0,"sum_other_doc_count":0,"buckets":[]}}},"Publisher":{"doc_count":1,"FilteredPublisher":{"doc_count_error_upper_bound":0,"sum_other_doc_count":0,"buckets":[{"key":["65b5b495-faa5-410e-9727-3104e0155d1a","Schneider,
        Ford and Torres"],"key_as_string":"65b5b495-faa5-410e-9727-3104e0155d1a|Schneider,
        Ford and Torres","doc_count":1}]}},"ResultType":{"doc_count":1,"FilteredResultType":{"doc_count_error_upper_bound":0,"sum_other_doc_count":0,"buckets":[{"key":"document","doc_count":1}]}}}}'
    headers:
      Transfer-Encoding:
      - chunked
      X-elastic-product:
      - Elasticsearch
      content-type:
      - application/vnd.elasticsearch+json;compatible-with=8
    status:
      code: 200
      message: OK
- request:
    body: '{"query":{"function_score":{"functions":[{"gauss":{"registratiedatum":{"origin":"now","scale":"15d","offset":"7d","decay":0.5}}}],"query":{"simple_query_string":{"query":"document
      one","default_operator":"AND","fields":["identifier^3","officiele_titel^2","verkorte_titel^1.5","omschrijving^1.2","attachment.content"],"flags":"OR|AND|PHRASE|PRECEDENCE|WHITESPACE"}},"score_mode":"multiply"}},"aggs":{"ResultType":{"filter":{"match_all":{}},"aggs":{"FilteredResultType":{"terms":{"field":"_index"}}}},"Publisher":{"filter":{"match_all":{}},"aggs":{"FilteredPublisher":{"multi_terms":{"terms":[{"field":"publisher.uuid.keyword"},{"field":"publisher.naam.keyword"}]}}}},"InformationCategories":{"filter":{"match_all":{}},"aggs":{"Categories":{"nested":{"path":"informatie_categorieen"},"aggs":{"FilteredCategories":{"multi_terms":{"terms":[{"field":"informatie_categorieen.uuid.keyword"},{"field":"informatie_categorieen.naam.keyword"}]}}}}}},"Topics":{"filter":{"match_all":{}},"aggs":{"Topics":{"nested":{"path":"onderwerpen"},"aggs":{"FilteredTopics":{"multi_terms":{"terms":[{"field":"onderwerpen.uuid.keyword"},{"field":"onderwerpen.officiele_titel.keyword"}]}}}}}}},"sort":["_score",{"laatst_gewijzigd_datum":{"order":"desc"}}],"indices_boost":[{"publication":2.0},{"document":1.0}],"from":0,"size":10}'
    headers:
      accept:
      - application/vnd.elasticsearch+json; compatible-with=8
      connection:
      - keep-alive
      content-type:
      - application/vnd.elasticsearch+json; compatible-with=8
      user-agent:
      - elasticsearch-dsl-py/8.17.1
      x-elastic-client-meta:
      - es=8.17.1,py=3.12.6,t=8.17.0,ur=2.2.2
    method: POST
    uri: http://localhost:9201/publication,document/_search
  response:
    body:
      string: '{"took":5,"timed_out":false,"_shards":{"total":2,"successful":2,"skipped":0,"failed":0},"hits":{"total":{"value":2,"relation":"eq"},"max_score":null,"hits":[{"_index":"document","_id":"a8fce14e-88d1-4f60-a69b-bbcc7033afe9","_score":5.230912,"_source":{"omschrijving":"Document
        two, the document that came after one.","identifier":"","publicatie":"c06adbb7-d58f-4370-a73a-6d39861ad92e","officiele_titel":"","informatie_categorieen":[{"naam":"Professor.","uuid":"65486c09-dbb1-4a48-9bd2-a38eb2d2ccb4"}],"publisher":{"naam":"Hall-Brooks","uuid":"10a1d20c-a5d6-4473-a2f9-8e2066467687"},"creatiedatum":"2025-03-19","registratiedatum":"2025-03-30T22:51:51.148076","uuid":"a8fce14e-88d1-4f60-a69b-bbcc7033afe9","verkorte_titel":"","laatst_gewijzigd_datum":"2025-03-14T15:12:16.090867"},"sort":[5.230912,1741965136090]},{"_index":"document","_id":"d6eacab4-cb9f-42f7-abdf-719b358da923","_score":3.9316354,"_source":{"omschrijving":"Document
        one, on which we expect an exact phrase match.","identifier":"","publicatie":"a728aabf-7062-46e9-b895-6d04a85e8717","officiele_titel":"","informatie_categorieen":[{"naam":"Much
        air whom.","uuid":"2bd8b0b0-3b0f-4dec-9888-09f1b9d117fa"}],"publisher":{"naam":"Schneider,
        Ford and Torres","uuid":"65b5b495-faa5-410e-9727-3104e0155d1a"},"creatiedatum":"2025-03-20","registratiedatum":"2025-04-02T20:50:20.949685","uuid":"d6eacab4-cb9f-42f7-abdf-719b358da923","verkorte_titel":"","laatst_gewijzigd_datum":"2025-03-15T23:55:17.492494"},"sort":[3.9316354,1742082917492]}]},"aggregations":{"InformationCategories":{"doc_count":2,"Categories":{"doc_count":2,"FilteredCategories":{"doc_count_error_upper_bound":0,"sum_other_doc_count":0,"buckets":[{"key":["2bd8b0b0-3b0f-4dec-9888-09f1b9d117fa","Much
        air whom."],"key_as_string":"2bd8b0b0-3b0f-4dec-9888-09f1b9d117fa|Much air
        whom.","doc_count":1},{"key":["65486c09-dbb1-4a48-9bd2-a38eb2d2ccb4","Professor."],"key_as_string":"65486c09-dbb1-4a48-9bd2-a38eb2d2ccb4|Professor.","doc_count":1}]}}},"Topics":{"doc_count":2,"Topics":{"doc_count":0,"FilteredTopics":{"doc_count_error_upper_bound":0,"sum_other_doc_count":0,"buckets":[]}}},"Publisher":{"doc_count":2,"FilteredPublisher":{"doc_count_error_upper_bound":0,"sum_other_doc_count":0,"buckets":[{"key":["10a1d20c-a5d6-4473-a2f9-8e2066467687","Hall-Brooks"],"key_as_string":"10a1d20c-a5d6-4473-a2f9-8e2066467687|Hall-Brooks","doc_count":1},{"key":["65b5b495-faa5-410e-9727-3104e0155d1a","Schneider,
        Ford and Torres"],"key_as_string":"65b5b495-faa5-410e-9727-3104e0155d1a|Schneider,
        Ford and Torres","doc_count":1}]}},"ResultType":{"doc_count":2,"FilteredResultType":{"doc_count_error_upper_bound":0,"sum_other_doc_count":0,"buckets":[{"key":"document","doc_count":2}]}}}}'
    headers:
      Transfer-Encoding:
      - chunked
      X-elastic-product:
      - Elasticsearch
      content-type:
      - application/vnd.elasticsearch+json;compatible-with=8
    status:
      code: 200
      message: OK
version: 1
