interactions:
- request:
    body: '{"uuid":"b38065ee-322e-46c7-ae64-c47112a4b408","publisher":{"uuid":"10b3470d-7289-45a1-9c84-eacf3510994a","naam":"Odom-Stephens"},"informatie_categorieen":[{"uuid":"9be6ee6d-6394-4524-b9f4-45d5dc0242d0","naam":"Without
      prove."}],"officiele_titel":"Series offer lay among eight college.","verkorte_titel":"Own.","omschrijving":"Science
      time population strong first ask sister. Force suffer teacher itself near.","registratiedatum":"2025-03-14T12:51:39.747649","laatst_gewijzigd_datum":"2024-02-11T10:00:00+00:00"}'
    headers:
      accept:
      - application/vnd.elasticsearch+json; compatible-with=8
      connection:
      - keep-alive
      content-type:
      - application/vnd.elasticsearch+json; compatible-with=8
      user-agent:
      - elasticsearch-dsl-py/8.17.1
      x-elastic-client-meta:
      - es=8.17.1,py=3.12.9,t=8.17.0,ur=2.2.2
    method: PUT
    uri: http://localhost:9201/publication/_doc/b38065ee-322e-46c7-ae64-c47112a4b408?refresh=wait_for
  response:
    body:
      string: '{"_index":"publication","_id":"b38065ee-322e-46c7-ae64-c47112a4b408","_version":1,"result":"created","_shards":{"total":2,"successful":1,"failed":0},"_seq_no":14,"_primary_term":1}'
    headers:
      Location:
      - /publication/_doc/b38065ee-322e-46c7-ae64-c47112a4b408
      X-elastic-product:
      - Elasticsearch
      content-length:
      - '180'
      content-type:
      - application/vnd.elasticsearch+json;compatible-with=8
    status:
      code: 201
      message: Created
- request:
    body: '{"uuid":"de225c2e-2700-4fee-a6ea-efa276db42d4","publisher":{"uuid":"b719d962-0ade-4e54-9e36-1ac1b1e45861","naam":"Hickman-Allen"},"informatie_categorieen":[{"uuid":"0df7354e-34f8-4aa8-b896-fdf2e3973a7f","naam":"Blood
      work."}],"officiele_titel":"Election church success first where big father book.","verkorte_titel":"Section
      dog daughter.","omschrijving":"Wonder brother their hospital standard most.
      Price per leave a seek possible foreign. Loss very discover pull yes.","registratiedatum":"2025-03-14T14:05:23.069569","laatst_gewijzigd_datum":"2022-12-10T18:00:00+00:00"}'
    headers:
      accept:
      - application/vnd.elasticsearch+json; compatible-with=8
      connection:
      - keep-alive
      content-type:
      - application/vnd.elasticsearch+json; compatible-with=8
      user-agent:
      - elasticsearch-dsl-py/8.17.1
      x-elastic-client-meta:
      - es=8.17.1,py=3.12.9,t=8.17.0,ur=2.2.2
    method: PUT
    uri: http://localhost:9201/publication/_doc/de225c2e-2700-4fee-a6ea-efa276db42d4?refresh=wait_for
  response:
    body:
      string: '{"_index":"publication","_id":"de225c2e-2700-4fee-a6ea-efa276db42d4","_version":1,"result":"created","_shards":{"total":2,"successful":1,"failed":0},"_seq_no":15,"_primary_term":1}'
    headers:
      Location:
      - /publication/_doc/de225c2e-2700-4fee-a6ea-efa276db42d4
      X-elastic-product:
      - Elasticsearch
      content-length:
      - '180'
      content-type:
      - application/vnd.elasticsearch+json;compatible-with=8
    status:
      code: 201
      message: Created
- request:
    body: '{"uuid":"6aac4fb2-d532-490b-bd6b-87b0257c0236","publicatie":"ff645e4c-378d-483a-a739-ffddbde3425c","informatie_categorieen":[{"uuid":"cf4dc90f-d902-4704-becd-121f620804c5","naam":"Technology
      material around."}],"publisher":{"uuid":"589cbb01-ad35-431d-b7f7-7f5899fb5982","naam":"Evans-White"},"identifier":"identifier-14","officiele_titel":"Evidence
      kid low quite environmental before than.","verkorte_titel":"Organization simple.","omschrijving":"Whatever
      technology economic chance. War however election ask research. Traditional laugh
      film. Expert yes watch decision thought business help.","creatiedatum":"2025-03-07","registratiedatum":"2025-03-16T16:21:43.274066","laatst_gewijzigd_datum":"2024-02-11T10:00:00+00:00"}'
    headers:
      accept:
      - application/vnd.elasticsearch+json; compatible-with=8
      connection:
      - keep-alive
      content-type:
      - application/vnd.elasticsearch+json; compatible-with=8
      user-agent:
      - elasticsearch-dsl-py/8.17.1
      x-elastic-client-meta:
      - es=8.17.1,py=3.12.9,t=8.17.0,ur=2.2.2
    method: PUT
    uri: http://localhost:9201/document/_doc/6aac4fb2-d532-490b-bd6b-87b0257c0236?pipeline=document_attachment&refresh=wait_for
  response:
    body:
      string: '{"_index":"document","_id":"6aac4fb2-d532-490b-bd6b-87b0257c0236","_version":5,"result":"created","_shards":{"total":2,"successful":1,"failed":0},"_seq_no":26,"_primary_term":1}'
    headers:
      Location:
      - /document/_doc/6aac4fb2-d532-490b-bd6b-87b0257c0236
      X-elastic-product:
      - Elasticsearch
      content-length:
      - '177'
      content-type:
      - application/vnd.elasticsearch+json;compatible-with=8
    status:
      code: 201
      message: Created
- request:
    body: '{"uuid":"62fceb92-98bd-475c-b184-49ee8a274787","publicatie":"a3ff7c09-876f-4ad2-8937-0bb5c05a8c7c","informatie_categorieen":[{"uuid":"6a437f50-47fc-42d8-b678-ed8fb230f9d2","naam":"Do
      low stock."}],"publisher":{"uuid":"f41c1dc4-734c-44af-a9fd-508a7b409be4","naam":"Padilla
      PLC"},"identifier":"identifier-15","officiele_titel":"Would begin item serious
      note.","verkorte_titel":"Charge expect.","omschrijving":"Writer yet offer. Office
      glass seek market rock father bit.","creatiedatum":"2025-03-15","registratiedatum":"2025-03-17T01:01:44.842875","laatst_gewijzigd_datum":"2022-12-10T18:00:00+00:00"}'
    headers:
      accept:
      - application/vnd.elasticsearch+json; compatible-with=8
      connection:
      - keep-alive
      content-type:
      - application/vnd.elasticsearch+json; compatible-with=8
      user-agent:
      - elasticsearch-dsl-py/8.17.1
      x-elastic-client-meta:
      - es=8.17.1,py=3.12.9,t=8.17.0,ur=2.2.2
    method: PUT
    uri: http://localhost:9201/document/_doc/62fceb92-98bd-475c-b184-49ee8a274787?pipeline=document_attachment&refresh=wait_for
  response:
    body:
      string: '{"_index":"document","_id":"62fceb92-98bd-475c-b184-49ee8a274787","_version":5,"result":"created","_shards":{"total":2,"successful":1,"failed":0},"_seq_no":27,"_primary_term":1}'
    headers:
      Location:
      - /document/_doc/62fceb92-98bd-475c-b184-49ee8a274787
      X-elastic-product:
      - Elasticsearch
      content-length:
      - '177'
      content-type:
      - application/vnd.elasticsearch+json;compatible-with=8
    status:
      code: 201
      message: Created
- request:
    body: '{"query":{"function_score":{"functions":[{"gauss":{"registratiedatum":{"origin":"now","scale":"15d","offset":"7d","decay":0.5}}}],"query":{"bool":{"filter":[{"range":{"laatst_gewijzigd_datum":{"gte":"2024-01-01T00:00:00+01:00","lt":"2024-12-31T23:59:59.999999+01:00"}}}]}},"score_mode":"multiply"}},"aggs":{"ResultType":{"terms":{"field":"_index"}},"Publisher":{"filter":{"match_all":{}},"aggs":{"FilteredPublisher":{"multi_terms":{"terms":[{"field":"publisher.uuid.keyword"},{"field":"publisher.naam.keyword"}]}}}},"InformationCategories":{"filter":{"match_all":{}},"aggs":{"Categories":{"nested":{"path":"informatie_categorieen"},"aggs":{"FilteredCategories":{"multi_terms":{"terms":[{"field":"informatie_categorieen.uuid.keyword"},{"field":"informatie_categorieen.naam.keyword"}]}}}}}}},"sort":["_score",{"laatst_gewijzigd_datum":{"order":"desc"}}],"indices_boost":[{"publication":2.0},{"document":1.0}],"from":0,"size":10}'
    headers:
      accept:
      - application/vnd.elasticsearch+json; compatible-with=8
      connection:
      - keep-alive
      content-type:
      - application/vnd.elasticsearch+json; compatible-with=8
      user-agent:
      - elasticsearch-dsl-py/8.17.1
      x-elastic-client-meta:
      - es=8.17.1,py=3.12.9,t=8.17.0,ur=2.2.2
    method: POST
    uri: http://localhost:9201/publication,document/_search
  response:
    body:
      string: '{"took":7,"timed_out":false,"_shards":{"total":2,"successful":2,"skipped":0,"failed":0},"hits":{"total":{"value":2,"relation":"eq"},"max_score":null,"hits":[{"_index":"document","_id":"6aac4fb2-d532-490b-bd6b-87b0257c0236","_score":0.0,"_source":{"omschrijving":"Whatever
        technology economic chance. War however election ask research. Traditional
        laugh film. Expert yes watch decision thought business help.","identifier":"identifier-14","publicatie":"ff645e4c-378d-483a-a739-ffddbde3425c","officiele_titel":"Evidence
        kid low quite environmental before than.","informatie_categorieen":[{"naam":"Technology
        material around.","uuid":"cf4dc90f-d902-4704-becd-121f620804c5"}],"publisher":{"naam":"Evans-White","uuid":"589cbb01-ad35-431d-b7f7-7f5899fb5982"},"creatiedatum":"2025-03-07","registratiedatum":"2025-03-16T16:21:43.274066","uuid":"6aac4fb2-d532-490b-bd6b-87b0257c0236","verkorte_titel":"Organization
        simple.","laatst_gewijzigd_datum":"2024-02-11T10:00:00+00:00"},"sort":[0.0,1707645600000]},{"_index":"publication","_id":"b38065ee-322e-46c7-ae64-c47112a4b408","_score":0.0,"_source":{"uuid":"b38065ee-322e-46c7-ae64-c47112a4b408","publisher":{"uuid":"10b3470d-7289-45a1-9c84-eacf3510994a","naam":"Odom-Stephens"},"informatie_categorieen":[{"uuid":"9be6ee6d-6394-4524-b9f4-45d5dc0242d0","naam":"Without
        prove."}],"officiele_titel":"Series offer lay among eight college.","verkorte_titel":"Own.","omschrijving":"Science
        time population strong first ask sister. Force suffer teacher itself near.","registratiedatum":"2025-03-14T12:51:39.747649","laatst_gewijzigd_datum":"2024-02-11T10:00:00+00:00"},"sort":[0.0,1707645600000]}]},"aggregations":{"InformationCategories":{"doc_count":2,"Categories":{"doc_count":2,"FilteredCategories":{"doc_count_error_upper_bound":0,"sum_other_doc_count":0,"buckets":[{"key":["9be6ee6d-6394-4524-b9f4-45d5dc0242d0","Without
        prove."],"key_as_string":"9be6ee6d-6394-4524-b9f4-45d5dc0242d0|Without prove.","doc_count":1},{"key":["cf4dc90f-d902-4704-becd-121f620804c5","Technology
        material around."],"key_as_string":"cf4dc90f-d902-4704-becd-121f620804c5|Technology
        material around.","doc_count":1}]}}},"Publisher":{"doc_count":2,"FilteredPublisher":{"doc_count_error_upper_bound":0,"sum_other_doc_count":0,"buckets":[{"key":["10b3470d-7289-45a1-9c84-eacf3510994a","Odom-Stephens"],"key_as_string":"10b3470d-7289-45a1-9c84-eacf3510994a|Odom-Stephens","doc_count":1},{"key":["589cbb01-ad35-431d-b7f7-7f5899fb5982","Evans-White"],"key_as_string":"589cbb01-ad35-431d-b7f7-7f5899fb5982|Evans-White","doc_count":1}]}},"ResultType":{"doc_count_error_upper_bound":0,"sum_other_doc_count":0,"buckets":[{"key":"document","doc_count":1},{"key":"publication","doc_count":1}]}}}'
    headers:
      Transfer-Encoding:
      - chunked
      X-elastic-product:
      - Elasticsearch
      content-type:
      - application/vnd.elasticsearch+json;compatible-with=8
    status:
      code: 200
      message: OK
version: 1
