interactions:
- request:
    body: '{"uuid":"d6eacab4-cb9f-42f7-abdf-719b358da923","publicatie":"48556e09-2faf-471e-a2ef-2cbd0359bd8a","informatie_categorieen":[{"uuid":"833f56cc-b1f9-4427-8020-1adeab610db8","naam":"Everything
      research knowledge."}],"publisher":{"uuid":"602d4c0e-d63e-4890-8d28-fa7cf44b6098","naam":"Burns-Williams"},"identifier":"","officiele_titel":"","verkorte_titel":"","omschrijving":"Document
      one, on which we expect an exact phrase match.","creatiedatum":"2025-06-02","registratiedatum":"2025-06-24T19:43:15.846278","laatst_gewijzigd_datum":"2025-06-08T00:26:29.415098"}'
    headers:
      accept:
      - application/vnd.elasticsearch+json; compatible-with=8
      connection:
      - keep-alive
      content-type:
      - application/vnd.elasticsearch+json; compatible-with=8
      user-agent:
      - elasticsearch-dsl-py/8.17.1
      x-elastic-client-meta:
      - es=8.17.1,py=3.12.6,t=8.17.0,ur=2.2.2
    method: PUT
    uri: http://localhost:9201/document/_doc/d6eacab4-cb9f-42f7-abdf-719b358da923?pipeline=document_attachment&refresh=wait_for
  response:
    body:
      string: '{"_index":"document","_id":"d6eacab4-cb9f-42f7-abdf-719b358da923","_version":3,"result":"created","_shards":{"total":2,"successful":1,"failed":0},"_seq_no":28,"_primary_term":1}'
    headers:
      Location:
      - /document/_doc/d6eacab4-cb9f-42f7-abdf-719b358da923
      X-elastic-product:
      - Elasticsearch
      content-length:
      - '177'
      content-type:
      - application/vnd.elasticsearch+json;compatible-with=8
    status:
      code: 201
      message: Created
- request:
    body: '{"uuid":"a8fce14e-88d1-4f60-a69b-bbcc7033afe9","publicatie":"a7bd5823-defc-4ad9-8cb5-6773b14e79dd","informatie_categorieen":[{"uuid":"4e52bb4a-8276-4951-ae53-3298b87c5a03","naam":"Both
      garden statement."}],"publisher":{"uuid":"203ce608-54d8-4ef6-8774-b2c3ec95df41","naam":"Young,
      Cooke and Harris"},"identifier":"","officiele_titel":"","verkorte_titel":"","omschrijving":"Document
      two, the document that came after one.","creatiedatum":"2025-06-05","registratiedatum":"2025-06-22T03:39:19.272104","laatst_gewijzigd_datum":"2025-05-29T20:54:37.011496"}'
    headers:
      accept:
      - application/vnd.elasticsearch+json; compatible-with=8
      connection:
      - keep-alive
      content-type:
      - application/vnd.elasticsearch+json; compatible-with=8
      user-agent:
      - elasticsearch-dsl-py/8.17.1
      x-elastic-client-meta:
      - es=8.17.1,py=3.12.6,t=8.17.0,ur=2.2.2
    method: PUT
    uri: http://localhost:9201/document/_doc/a8fce14e-88d1-4f60-a69b-bbcc7033afe9?pipeline=document_attachment&refresh=wait_for
  response:
    body:
      string: '{"_index":"document","_id":"a8fce14e-88d1-4f60-a69b-bbcc7033afe9","_version":3,"result":"created","_shards":{"total":2,"successful":1,"failed":0},"_seq_no":29,"_primary_term":1}'
    headers:
      Location:
      - /document/_doc/a8fce14e-88d1-4f60-a69b-bbcc7033afe9
      X-elastic-product:
      - Elasticsearch
      content-length:
      - '177'
      content-type:
      - application/vnd.elasticsearch+json;compatible-with=8
    status:
      code: 201
      message: Created
- request:
    body: '{"query":{"function_score":{"functions":[{"gauss":{"registratiedatum":{"origin":"now","scale":"15d","offset":"7d","decay":0.5}}}],"query":{"simple_query_string":{"query":"\"document
      one\"","default_operator":"AND","fields":["identifiers^3","officiele_titel^2","verkorte_titel^1.5","omschrijving^1.2","document_data.attachment.content"],"flags":"OR|AND|PHRASE|PRECEDENCE|WHITESPACE"}},"score_mode":"multiply"}},"aggs":{"ResultType":{"filter":{"match_all":{}},"aggs":{"FilteredResultType":{"terms":{"field":"_index"}}}},"Publisher":{"filter":{"match_all":{}},"aggs":{"FilteredPublisher":{"multi_terms":{"terms":[{"field":"publisher.uuid.keyword"},{"field":"publisher.naam.keyword"}]}}}},"InformationCategories":{"filter":{"match_all":{}},"aggs":{"Categories":{"nested":{"path":"informatie_categorieen"},"aggs":{"FilteredCategories":{"multi_terms":{"terms":[{"field":"informatie_categorieen.uuid.keyword"},{"field":"informatie_categorieen.naam.keyword"}]}}}}}},"Topics":{"filter":{"match_all":{}},"aggs":{"Topics":{"nested":{"path":"onderwerpen"},"aggs":{"FilteredTopics":{"multi_terms":{"terms":[{"field":"onderwerpen.uuid.keyword"},{"field":"onderwerpen.officiele_titel.keyword"}]}}}}}}},"sort":["_score",{"laatst_gewijzigd_datum":{"order":"desc"}}],"indices_boost":[{"topic":3.0},{"publication":2.0},{"document":1.0}],"from":0,"size":10}'
    headers:
      accept:
      - application/vnd.elasticsearch+json; compatible-with=8
      connection:
      - keep-alive
      content-type:
      - application/vnd.elasticsearch+json; compatible-with=8
      user-agent:
      - elasticsearch-dsl-py/8.17.1
      x-elastic-client-meta:
      - es=8.17.1,py=3.12.6,t=8.17.0,ur=2.2.2
    method: POST
    uri: http://localhost:9201/publication,document,topic/_search
  response:
    body:
      string: '{"took":2,"timed_out":false,"_shards":{"total":3,"successful":3,"skipped":0,"failed":0},"hits":{"total":{"value":1,"relation":"eq"},"max_score":null,"hits":[{"_index":"document","_id":"d6eacab4-cb9f-42f7-abdf-719b358da923","_score":3.793592,"_source":{"omschrijving":"Document
        one, on which we expect an exact phrase match.","identifier":"","publicatie":"48556e09-2faf-471e-a2ef-2cbd0359bd8a","officiele_titel":"","informatie_categorieen":[{"naam":"Everything
        research knowledge.","uuid":"833f56cc-b1f9-4427-8020-1adeab610db8"}],"publisher":{"naam":"Burns-Williams","uuid":"602d4c0e-d63e-4890-8d28-fa7cf44b6098"},"creatiedatum":"2025-06-02","registratiedatum":"2025-06-24T19:43:15.846278","uuid":"d6eacab4-cb9f-42f7-abdf-719b358da923","verkorte_titel":"","laatst_gewijzigd_datum":"2025-06-08T00:26:29.415098"},"sort":[3.793592,1749342389415]}]},"aggregations":{"InformationCategories":{"doc_count":1,"Categories":{"doc_count":1,"FilteredCategories":{"doc_count_error_upper_bound":0,"sum_other_doc_count":0,"buckets":[{"key":["833f56cc-b1f9-4427-8020-1adeab610db8","Everything
        research knowledge."],"key_as_string":"833f56cc-b1f9-4427-8020-1adeab610db8|Everything
        research knowledge.","doc_count":1}]}}},"Topics":{"doc_count":1,"Topics":{"doc_count":0,"FilteredTopics":{"doc_count_error_upper_bound":0,"sum_other_doc_count":0,"buckets":[]}}},"Publisher":{"doc_count":1,"FilteredPublisher":{"doc_count_error_upper_bound":0,"sum_other_doc_count":0,"buckets":[{"key":["602d4c0e-d63e-4890-8d28-fa7cf44b6098","Burns-Williams"],"key_as_string":"602d4c0e-d63e-4890-8d28-fa7cf44b6098|Burns-Williams","doc_count":1}]}},"ResultType":{"doc_count":1,"FilteredResultType":{"doc_count_error_upper_bound":0,"sum_other_doc_count":0,"buckets":[{"key":"document","doc_count":1}]}}}}'
    headers:
      Transfer-Encoding:
      - chunked
      X-elastic-product:
      - Elasticsearch
      content-type:
      - application/vnd.elasticsearch+json;compatible-with=8
    status:
      code: 200
      message: OK
- request:
    body: '{"query":{"function_score":{"functions":[{"gauss":{"registratiedatum":{"origin":"now","scale":"15d","offset":"7d","decay":0.5}}}],"query":{"simple_query_string":{"query":"document
      one","default_operator":"AND","fields":["identifiers^3","officiele_titel^2","verkorte_titel^1.5","omschrijving^1.2","document_data.attachment.content"],"flags":"OR|AND|PHRASE|PRECEDENCE|WHITESPACE"}},"score_mode":"multiply"}},"aggs":{"ResultType":{"filter":{"match_all":{}},"aggs":{"FilteredResultType":{"terms":{"field":"_index"}}}},"Publisher":{"filter":{"match_all":{}},"aggs":{"FilteredPublisher":{"multi_terms":{"terms":[{"field":"publisher.uuid.keyword"},{"field":"publisher.naam.keyword"}]}}}},"InformationCategories":{"filter":{"match_all":{}},"aggs":{"Categories":{"nested":{"path":"informatie_categorieen"},"aggs":{"FilteredCategories":{"multi_terms":{"terms":[{"field":"informatie_categorieen.uuid.keyword"},{"field":"informatie_categorieen.naam.keyword"}]}}}}}},"Topics":{"filter":{"match_all":{}},"aggs":{"Topics":{"nested":{"path":"onderwerpen"},"aggs":{"FilteredTopics":{"multi_terms":{"terms":[{"field":"onderwerpen.uuid.keyword"},{"field":"onderwerpen.officiele_titel.keyword"}]}}}}}}},"sort":["_score",{"laatst_gewijzigd_datum":{"order":"desc"}}],"indices_boost":[{"topic":3.0},{"publication":2.0},{"document":1.0}],"from":0,"size":10}'
    headers:
      accept:
      - application/vnd.elasticsearch+json; compatible-with=8
      connection:
      - keep-alive
      content-type:
      - application/vnd.elasticsearch+json; compatible-with=8
      user-agent:
      - elasticsearch-dsl-py/8.17.1
      x-elastic-client-meta:
      - es=8.17.1,py=3.12.6,t=8.17.0,ur=2.2.2
    method: POST
    uri: http://localhost:9201/publication,document,topic/_search
  response:
    body:
      string: '{"took":2,"timed_out":false,"_shards":{"total":3,"successful":3,"skipped":0,"failed":0},"hits":{"total":{"value":2,"relation":"eq"},"max_score":null,"hits":[{"_index":"document","_id":"a8fce14e-88d1-4f60-a69b-bbcc7033afe9","_score":5.046384,"_source":{"omschrijving":"Document
        two, the document that came after one.","identifier":"","publicatie":"a7bd5823-defc-4ad9-8cb5-6773b14e79dd","officiele_titel":"","informatie_categorieen":[{"naam":"Both
        garden statement.","uuid":"4e52bb4a-8276-4951-ae53-3298b87c5a03"}],"publisher":{"naam":"Young,
        Cooke and Harris","uuid":"203ce608-54d8-4ef6-8774-b2c3ec95df41"},"creatiedatum":"2025-06-05","registratiedatum":"2025-06-22T03:39:19.272104","uuid":"a8fce14e-88d1-4f60-a69b-bbcc7033afe9","verkorte_titel":"","laatst_gewijzigd_datum":"2025-05-29T20:54:37.011496"},"sort":[5.046384,1748552077011]},{"_index":"document","_id":"d6eacab4-cb9f-42f7-abdf-719b358da923","_score":3.7935915,"_source":{"omschrijving":"Document
        one, on which we expect an exact phrase match.","identifier":"","publicatie":"48556e09-2faf-471e-a2ef-2cbd0359bd8a","officiele_titel":"","informatie_categorieen":[{"naam":"Everything
        research knowledge.","uuid":"833f56cc-b1f9-4427-8020-1adeab610db8"}],"publisher":{"naam":"Burns-Williams","uuid":"602d4c0e-d63e-4890-8d28-fa7cf44b6098"},"creatiedatum":"2025-06-02","registratiedatum":"2025-06-24T19:43:15.846278","uuid":"d6eacab4-cb9f-42f7-abdf-719b358da923","verkorte_titel":"","laatst_gewijzigd_datum":"2025-06-08T00:26:29.415098"},"sort":[3.7935915,1749342389415]}]},"aggregations":{"InformationCategories":{"doc_count":2,"Categories":{"doc_count":2,"FilteredCategories":{"doc_count_error_upper_bound":0,"sum_other_doc_count":0,"buckets":[{"key":["4e52bb4a-8276-4951-ae53-3298b87c5a03","Both
        garden statement."],"key_as_string":"4e52bb4a-8276-4951-ae53-3298b87c5a03|Both
        garden statement.","doc_count":1},{"key":["833f56cc-b1f9-4427-8020-1adeab610db8","Everything
        research knowledge."],"key_as_string":"833f56cc-b1f9-4427-8020-1adeab610db8|Everything
        research knowledge.","doc_count":1}]}}},"Topics":{"doc_count":2,"Topics":{"doc_count":0,"FilteredTopics":{"doc_count_error_upper_bound":0,"sum_other_doc_count":0,"buckets":[]}}},"Publisher":{"doc_count":2,"FilteredPublisher":{"doc_count_error_upper_bound":0,"sum_other_doc_count":0,"buckets":[{"key":["203ce608-54d8-4ef6-8774-b2c3ec95df41","Young,
        Cooke and Harris"],"key_as_string":"203ce608-54d8-4ef6-8774-b2c3ec95df41|Young,
        Cooke and Harris","doc_count":1},{"key":["602d4c0e-d63e-4890-8d28-fa7cf44b6098","Burns-Williams"],"key_as_string":"602d4c0e-d63e-4890-8d28-fa7cf44b6098|Burns-Williams","doc_count":1}]}},"ResultType":{"doc_count":2,"FilteredResultType":{"doc_count_error_upper_bound":0,"sum_other_doc_count":0,"buckets":[{"key":"document","doc_count":2}]}}}}'
    headers:
      Transfer-Encoding:
      - chunked
      X-elastic-product:
      - Elasticsearch
      content-type:
      - application/vnd.elasticsearch+json;compatible-with=8
    status:
      code: 200
      message: OK
version: 1
