interactions:
- request:
    body: '{"uuid":"d6eacab4-cb9f-42f7-abdf-719b358da923","publicatie":"3d5017e7-9d8f-45c3-8e04-546fa10d687f","informatie_categorieen":[{"uuid":"2ea63a5d-289a-47cd-87c9-16c556dff7dd","naam":"Consider
      have red."}],"publisher":{"uuid":"446de94f-a8f9-4c03-9b1d-c1dd5e3b0d0f","naam":"Bowman
      Ltd"},"identifier":"","officiele_titel":"","verkorte_titel":"","omschrijving":"Document
      one, on which we expect an exact phrase match.","creatiedatum":"2025-04-27","registratiedatum":"2025-04-30T22:21:35.790569","laatst_gewijzigd_datum":"2025-04-20T08:26:13.701810"}'
    headers:
      accept:
      - application/vnd.elasticsearch+json; compatible-with=8
      connection:
      - keep-alive
      content-type:
      - application/vnd.elasticsearch+json; compatible-with=8
      user-agent:
      - elasticsearch-dsl-py/8.17.1
      x-elastic-client-meta:
      - es=8.17.1,py=3.12.6,t=8.17.0,ur=2.2.2
    method: PUT
    uri: http://localhost:9201/document/_doc/d6eacab4-cb9f-42f7-abdf-719b358da923?pipeline=document_attachment&refresh=wait_for
  response:
    body:
      string: '{"_index":"document","_id":"d6eacab4-cb9f-42f7-abdf-719b358da923","_version":3,"result":"created","_shards":{"total":2,"successful":1,"failed":0},"_seq_no":16,"_primary_term":1}'
    headers:
      Location:
      - /document/_doc/d6eacab4-cb9f-42f7-abdf-719b358da923
      X-elastic-product:
      - Elasticsearch
      content-length:
      - '177'
      content-type:
      - application/vnd.elasticsearch+json;compatible-with=8
    status:
      code: 201
      message: Created
- request:
    body: '{"uuid":"a8fce14e-88d1-4f60-a69b-bbcc7033afe9","publicatie":"295bc60c-eba7-4390-9f5f-b6601992fc7a","informatie_categorieen":[{"uuid":"f13c3614-dbbd-4079-b9d9-05199976cc43","naam":"Red
      word adult."}],"publisher":{"uuid":"c1ef8360-918f-4eb4-8c72-48636857a4cb","naam":"Jackson,
      Lewis and Lucero"},"identifier":"","officiele_titel":"","verkorte_titel":"","omschrijving":"Document
      two, the document that came after one.","creatiedatum":"2025-04-13","registratiedatum":"2025-04-28T07:55:55.703224","laatst_gewijzigd_datum":"2025-04-18T01:02:36.303072"}'
    headers:
      accept:
      - application/vnd.elasticsearch+json; compatible-with=8
      connection:
      - keep-alive
      content-type:
      - application/vnd.elasticsearch+json; compatible-with=8
      user-agent:
      - elasticsearch-dsl-py/8.17.1
      x-elastic-client-meta:
      - es=8.17.1,py=3.12.6,t=8.17.0,ur=2.2.2
    method: PUT
    uri: http://localhost:9201/document/_doc/a8fce14e-88d1-4f60-a69b-bbcc7033afe9?pipeline=document_attachment&refresh=wait_for
  response:
    body:
      string: '{"_index":"document","_id":"a8fce14e-88d1-4f60-a69b-bbcc7033afe9","_version":3,"result":"created","_shards":{"total":2,"successful":1,"failed":0},"_seq_no":17,"_primary_term":1}'
    headers:
      Location:
      - /document/_doc/a8fce14e-88d1-4f60-a69b-bbcc7033afe9
      X-elastic-product:
      - Elasticsearch
      content-length:
      - '177'
      content-type:
      - application/vnd.elasticsearch+json;compatible-with=8
    status:
      code: 201
      message: Created
- request:
    body: '{"query":{"function_score":{"functions":[{"gauss":{"registratiedatum":{"origin":"now","scale":"15d","offset":"7d","decay":0.5}}}],"query":{"simple_query_string":{"query":"\"document
      one\"","default_operator":"AND","fields":["identifier^3","officiele_titel^2","verkorte_titel^1.5","omschrijving^1.2","document_data.attachment.content"],"flags":"OR|AND|PHRASE|PRECEDENCE|WHITESPACE"}},"score_mode":"multiply"}},"aggs":{"ResultType":{"filter":{"match_all":{}},"aggs":{"FilteredResultType":{"terms":{"field":"_index"}}}},"Publisher":{"filter":{"match_all":{}},"aggs":{"FilteredPublisher":{"multi_terms":{"terms":[{"field":"publisher.uuid.keyword"},{"field":"publisher.naam.keyword"}]}}}},"InformationCategories":{"filter":{"match_all":{}},"aggs":{"Categories":{"nested":{"path":"informatie_categorieen"},"aggs":{"FilteredCategories":{"multi_terms":{"terms":[{"field":"informatie_categorieen.uuid.keyword"},{"field":"informatie_categorieen.naam.keyword"}]}}}}}},"Topics":{"filter":{"match_all":{}},"aggs":{"Topics":{"nested":{"path":"onderwerpen"},"aggs":{"FilteredTopics":{"multi_terms":{"terms":[{"field":"onderwerpen.uuid.keyword"},{"field":"onderwerpen.officiele_titel.keyword"}]}}}}}}},"sort":["_score",{"laatst_gewijzigd_datum":{"order":"desc"}}],"indices_boost":[{"topic":3.0},{"publication":2.0},{"document":1.0}],"from":0,"size":10}'
    headers:
      accept:
      - application/vnd.elasticsearch+json; compatible-with=8
      connection:
      - keep-alive
      content-type:
      - application/vnd.elasticsearch+json; compatible-with=8
      user-agent:
      - elasticsearch-dsl-py/8.17.1
      x-elastic-client-meta:
      - es=8.17.1,py=3.12.6,t=8.17.0,ur=2.2.2
    method: POST
    uri: http://localhost:9201/publication,document,topic/_search
  response:
    body:
      string: '{"took":5,"timed_out":false,"_shards":{"total":3,"successful":3,"skipped":0,"failed":0},"hits":{"total":{"value":1,"relation":"eq"},"max_score":null,"hits":[{"_index":"document","_id":"d6eacab4-cb9f-42f7-abdf-719b358da923","_score":2.3055763,"_source":{"omschrijving":"Document
        one, on which we expect an exact phrase match.","identifier":"","publicatie":"3d5017e7-9d8f-45c3-8e04-546fa10d687f","officiele_titel":"","informatie_categorieen":[{"naam":"Consider
        have red.","uuid":"2ea63a5d-289a-47cd-87c9-16c556dff7dd"}],"publisher":{"naam":"Bowman
        Ltd","uuid":"446de94f-a8f9-4c03-9b1d-c1dd5e3b0d0f"},"creatiedatum":"2025-04-27","registratiedatum":"2025-04-30T22:21:35.790569","uuid":"d6eacab4-cb9f-42f7-abdf-719b358da923","verkorte_titel":"","laatst_gewijzigd_datum":"2025-04-20T08:26:13.701810"},"sort":[2.3055763,1745137573701]}]},"aggregations":{"InformationCategories":{"doc_count":1,"Categories":{"doc_count":1,"FilteredCategories":{"doc_count_error_upper_bound":0,"sum_other_doc_count":0,"buckets":[{"key":["2ea63a5d-289a-47cd-87c9-16c556dff7dd","Consider
        have red."],"key_as_string":"2ea63a5d-289a-47cd-87c9-16c556dff7dd|Consider
        have red.","doc_count":1}]}}},"Topics":{"doc_count":1,"Topics":{"doc_count":0,"FilteredTopics":{"doc_count_error_upper_bound":0,"sum_other_doc_count":0,"buckets":[]}}},"Publisher":{"doc_count":1,"FilteredPublisher":{"doc_count_error_upper_bound":0,"sum_other_doc_count":0,"buckets":[{"key":["446de94f-a8f9-4c03-9b1d-c1dd5e3b0d0f","Bowman
        Ltd"],"key_as_string":"446de94f-a8f9-4c03-9b1d-c1dd5e3b0d0f|Bowman Ltd","doc_count":1}]}},"ResultType":{"doc_count":1,"FilteredResultType":{"doc_count_error_upper_bound":0,"sum_other_doc_count":0,"buckets":[{"key":"document","doc_count":1}]}}}}'
    headers:
      Transfer-Encoding:
      - chunked
      X-elastic-product:
      - Elasticsearch
      content-type:
      - application/vnd.elasticsearch+json;compatible-with=8
    status:
      code: 200
      message: OK
- request:
    body: '{"query":{"function_score":{"functions":[{"gauss":{"registratiedatum":{"origin":"now","scale":"15d","offset":"7d","decay":0.5}}}],"query":{"simple_query_string":{"query":"document
      one","default_operator":"AND","fields":["identifier^3","officiele_titel^2","verkorte_titel^1.5","omschrijving^1.2","document_data.attachment.content"],"flags":"OR|AND|PHRASE|PRECEDENCE|WHITESPACE"}},"score_mode":"multiply"}},"aggs":{"ResultType":{"filter":{"match_all":{}},"aggs":{"FilteredResultType":{"terms":{"field":"_index"}}}},"Publisher":{"filter":{"match_all":{}},"aggs":{"FilteredPublisher":{"multi_terms":{"terms":[{"field":"publisher.uuid.keyword"},{"field":"publisher.naam.keyword"}]}}}},"InformationCategories":{"filter":{"match_all":{}},"aggs":{"Categories":{"nested":{"path":"informatie_categorieen"},"aggs":{"FilteredCategories":{"multi_terms":{"terms":[{"field":"informatie_categorieen.uuid.keyword"},{"field":"informatie_categorieen.naam.keyword"}]}}}}}},"Topics":{"filter":{"match_all":{}},"aggs":{"Topics":{"nested":{"path":"onderwerpen"},"aggs":{"FilteredTopics":{"multi_terms":{"terms":[{"field":"onderwerpen.uuid.keyword"},{"field":"onderwerpen.officiele_titel.keyword"}]}}}}}}},"sort":["_score",{"laatst_gewijzigd_datum":{"order":"desc"}}],"indices_boost":[{"topic":3.0},{"publication":2.0},{"document":1.0}],"from":0,"size":10}'
    headers:
      accept:
      - application/vnd.elasticsearch+json; compatible-with=8
      connection:
      - keep-alive
      content-type:
      - application/vnd.elasticsearch+json; compatible-with=8
      user-agent:
      - elasticsearch-dsl-py/8.17.1
      x-elastic-client-meta:
      - es=8.17.1,py=3.12.6,t=8.17.0,ur=2.2.2
    method: POST
    uri: http://localhost:9201/publication,document,topic/_search
  response:
    body:
      string: '{"took":5,"timed_out":false,"_shards":{"total":3,"successful":3,"skipped":0,"failed":0},"hits":{"total":{"value":2,"relation":"eq"},"max_score":null,"hits":[{"_index":"document","_id":"a8fce14e-88d1-4f60-a69b-bbcc7033afe9","_score":3.2833319,"_source":{"omschrijving":"Document
        two, the document that came after one.","identifier":"","publicatie":"295bc60c-eba7-4390-9f5f-b6601992fc7a","officiele_titel":"","informatie_categorieen":[{"naam":"Red
        word adult.","uuid":"f13c3614-dbbd-4079-b9d9-05199976cc43"}],"publisher":{"naam":"Jackson,
        Lewis and Lucero","uuid":"c1ef8360-918f-4eb4-8c72-48636857a4cb"},"creatiedatum":"2025-04-13","registratiedatum":"2025-04-28T07:55:55.703224","uuid":"a8fce14e-88d1-4f60-a69b-bbcc7033afe9","verkorte_titel":"","laatst_gewijzigd_datum":"2025-04-18T01:02:36.303072"},"sort":[3.2833319,1744938156303]},{"_index":"document","_id":"d6eacab4-cb9f-42f7-abdf-719b358da923","_score":2.3055763,"_source":{"omschrijving":"Document
        one, on which we expect an exact phrase match.","identifier":"","publicatie":"3d5017e7-9d8f-45c3-8e04-546fa10d687f","officiele_titel":"","informatie_categorieen":[{"naam":"Consider
        have red.","uuid":"2ea63a5d-289a-47cd-87c9-16c556dff7dd"}],"publisher":{"naam":"Bowman
        Ltd","uuid":"446de94f-a8f9-4c03-9b1d-c1dd5e3b0d0f"},"creatiedatum":"2025-04-27","registratiedatum":"2025-04-30T22:21:35.790569","uuid":"d6eacab4-cb9f-42f7-abdf-719b358da923","verkorte_titel":"","laatst_gewijzigd_datum":"2025-04-20T08:26:13.701810"},"sort":[2.3055763,1745137573701]}]},"aggregations":{"InformationCategories":{"doc_count":2,"Categories":{"doc_count":2,"FilteredCategories":{"doc_count_error_upper_bound":0,"sum_other_doc_count":0,"buckets":[{"key":["2ea63a5d-289a-47cd-87c9-16c556dff7dd","Consider
        have red."],"key_as_string":"2ea63a5d-289a-47cd-87c9-16c556dff7dd|Consider
        have red.","doc_count":1},{"key":["f13c3614-dbbd-4079-b9d9-05199976cc43","Red
        word adult."],"key_as_string":"f13c3614-dbbd-4079-b9d9-05199976cc43|Red word
        adult.","doc_count":1}]}}},"Topics":{"doc_count":2,"Topics":{"doc_count":0,"FilteredTopics":{"doc_count_error_upper_bound":0,"sum_other_doc_count":0,"buckets":[]}}},"Publisher":{"doc_count":2,"FilteredPublisher":{"doc_count_error_upper_bound":0,"sum_other_doc_count":0,"buckets":[{"key":["446de94f-a8f9-4c03-9b1d-c1dd5e3b0d0f","Bowman
        Ltd"],"key_as_string":"446de94f-a8f9-4c03-9b1d-c1dd5e3b0d0f|Bowman Ltd","doc_count":1},{"key":["c1ef8360-918f-4eb4-8c72-48636857a4cb","Jackson,
        Lewis and Lucero"],"key_as_string":"c1ef8360-918f-4eb4-8c72-48636857a4cb|Jackson,
        Lewis and Lucero","doc_count":1}]}},"ResultType":{"doc_count":2,"FilteredResultType":{"doc_count_error_upper_bound":0,"sum_other_doc_count":0,"buckets":[{"key":"document","doc_count":2}]}}}}'
    headers:
      Transfer-Encoding:
      - chunked
      X-elastic-product:
      - Elasticsearch
      content-type:
      - application/vnd.elasticsearch+json;compatible-with=8
    status:
      code: 200
      message: OK
version: 1
