interactions:
- request:
    body: '{"uuid":"6dae9be7-4f93-4aad-b56a-10b683b16dcc","publisher":{"uuid":"5aaad3ab-7352-49bb-9d0d-404474e7c344","naam":"Sharp-Rose"},"informatie_categorieen":[{"uuid":"0d77e46d-f4d4-403e-bd2f-731acd3ae041","naam":"Your
      expert."}],"officiele_titel":"Politics dark somebody particular.","verkorte_titel":"Enough.","omschrijving":"Know
      defense establish open seem. Significant everybody company election. Program
      study already station continue daughter great.","registratiedatum":"2024-01-01T12:00:00+00:00","gepubliceerd_op":"2025-08-23T07:34:09.340739","laatst_gewijzigd_datum":"2025-01-26T12:00:00+00:00","datum_begin_geldigheid":"2025-08-23T19:33:57.434891","datum_einde_geldigheid":"2025-08-22T03:12:25.130216"}'
    headers:
      accept:
      - application/vnd.elasticsearch+json; compatible-with=8
      connection:
      - keep-alive
      content-type:
      - application/vnd.elasticsearch+json; compatible-with=8
      user-agent:
      - elasticsearch-dsl-py/8.17.1
      x-elastic-client-meta:
      - es=8.17.1,py=3.12.6,t=8.17.0,ur=2.5.0
    method: PUT
    uri: http://localhost:9201/publication/_doc/6dae9be7-4f93-4aad-b56a-10b683b16dcc?refresh=wait_for
  response:
    body:
      string: '{"_index":"publication","_id":"6dae9be7-4f93-4aad-b56a-10b683b16dcc","_version":1,"result":"created","_shards":{"total":2,"successful":1,"failed":0},"_seq_no":0,"_primary_term":1}'
    headers:
      Location:
      - /publication/_doc/6dae9be7-4f93-4aad-b56a-10b683b16dcc
      X-elastic-product:
      - Elasticsearch
      content-length:
      - '179'
      content-type:
      - application/vnd.elasticsearch+json;compatible-with=8
    status:
      code: 201
      message: Created
- request:
    body: '{"uuid":"525747fd-7e58-4005-8efa-59bcf4403385","publisher":{"uuid":"40382127-55b1-4604-9587-96fcd3cc0983","naam":"Perez
      Group"},"informatie_categorieen":[{"uuid":"17abdca1-15f3-4384-9d93-3d03f7d0c0b6","naam":"Stand
      fall."}],"officiele_titel":"Trip official business.","verkorte_titel":"Sport
      argue hot.","omschrijving":"Them economy job vote mind student cold alone. Performance
      prevent east.","registratiedatum":"2025-01-15T12:00:00+00:00","gepubliceerd_op":"2025-08-23T03:52:58.733689","laatst_gewijzigd_datum":"2025-01-15T12:00:00+00:00","datum_begin_geldigheid":"2025-08-12T10:39:55.533987","datum_einde_geldigheid":"2025-08-05T16:18:27.512958"}'
    headers:
      accept:
      - application/vnd.elasticsearch+json; compatible-with=8
      connection:
      - keep-alive
      content-type:
      - application/vnd.elasticsearch+json; compatible-with=8
      user-agent:
      - elasticsearch-dsl-py/8.17.1
      x-elastic-client-meta:
      - es=8.17.1,py=3.12.6,t=8.17.0,ur=2.5.0
    method: PUT
    uri: http://localhost:9201/publication/_doc/525747fd-7e58-4005-8efa-59bcf4403385?refresh=wait_for
  response:
    body:
      string: '{"_index":"publication","_id":"525747fd-7e58-4005-8efa-59bcf4403385","_version":1,"result":"created","_shards":{"total":2,"successful":1,"failed":0},"_seq_no":1,"_primary_term":1}'
    headers:
      Location:
      - /publication/_doc/525747fd-7e58-4005-8efa-59bcf4403385
      X-elastic-product:
      - Elasticsearch
      content-length:
      - '179'
      content-type:
      - application/vnd.elasticsearch+json;compatible-with=8
    status:
      code: 201
      message: Created
- request:
    body: '{"query":{"function_score":{"functions":[{"gauss":{"registratiedatum":{"origin":"now","scale":"15d","offset":"7d","decay":0.5}}}],"query":{"match_all":{}},"score_mode":"multiply"}},"aggs":{"ResultType":{"filter":{"match_all":{}},"aggs":{"FilteredResultType":{"terms":{"field":"_index"}}}},"Publisher":{"filter":{"match_all":{}},"aggs":{"FilteredPublisher":{"multi_terms":{"terms":[{"field":"publisher.uuid.keyword"},{"field":"publisher.naam.keyword"}]}}}},"InformationCategories":{"filter":{"match_all":{}},"aggs":{"Categories":{"nested":{"path":"informatie_categorieen"},"aggs":{"FilteredCategories":{"multi_terms":{"terms":[{"field":"informatie_categorieen.uuid.keyword"},{"field":"informatie_categorieen.naam.keyword"}]}}}}}},"Topics":{"filter":{"match_all":{}},"aggs":{"Topics":{"nested":{"path":"onderwerpen"},"aggs":{"FilteredTopics":{"multi_terms":{"terms":[{"field":"onderwerpen.uuid.keyword"},{"field":"onderwerpen.officiele_titel.keyword"}]}}}}}}},"sort":["_score",{"laatst_gewijzigd_datum":{"order":"desc"}}],"indices_boost":[{"topic":3.0},{"publication":2.0},{"document":1.0}],"from":0,"size":10}'
    headers:
      accept:
      - application/vnd.elasticsearch+json; compatible-with=8
      connection:
      - keep-alive
      content-type:
      - application/vnd.elasticsearch+json; compatible-with=8
      user-agent:
      - elasticsearch-dsl-py/8.17.1
      x-elastic-client-meta:
      - es=8.17.1,py=3.12.6,t=8.17.0,ur=2.5.0
    method: POST
    uri: http://localhost:9201/publication,document,topic/_search
  response:
    body:
      string: '{"took":3,"timed_out":false,"_shards":{"total":3,"successful":3,"skipped":0,"failed":0},"hits":{"total":{"value":2,"relation":"eq"},"max_score":null,"hits":[{"_index":"publication","_id":"6dae9be7-4f93-4aad-b56a-10b683b16dcc","_score":0.0,"_source":{"uuid":"6dae9be7-4f93-4aad-b56a-10b683b16dcc","publisher":{"uuid":"5aaad3ab-7352-49bb-9d0d-404474e7c344","naam":"Sharp-Rose"},"informatie_categorieen":[{"uuid":"0d77e46d-f4d4-403e-bd2f-731acd3ae041","naam":"Your
        expert."}],"officiele_titel":"Politics dark somebody particular.","verkorte_titel":"Enough.","omschrijving":"Know
        defense establish open seem. Significant everybody company election. Program
        study already station continue daughter great.","registratiedatum":"2024-01-01T12:00:00+00:00","gepubliceerd_op":"2025-08-23T07:34:09.340739","laatst_gewijzigd_datum":"2025-01-26T12:00:00+00:00","datum_begin_geldigheid":"2025-08-23T19:33:57.434891","datum_einde_geldigheid":"2025-08-22T03:12:25.130216"},"sort":[0.0,1737892800000]},{"_index":"publication","_id":"525747fd-7e58-4005-8efa-59bcf4403385","_score":0.0,"_source":{"uuid":"525747fd-7e58-4005-8efa-59bcf4403385","publisher":{"uuid":"40382127-55b1-4604-9587-96fcd3cc0983","naam":"Perez
        Group"},"informatie_categorieen":[{"uuid":"17abdca1-15f3-4384-9d93-3d03f7d0c0b6","naam":"Stand
        fall."}],"officiele_titel":"Trip official business.","verkorte_titel":"Sport
        argue hot.","omschrijving":"Them economy job vote mind student cold alone.
        Performance prevent east.","registratiedatum":"2025-01-15T12:00:00+00:00","gepubliceerd_op":"2025-08-23T03:52:58.733689","laatst_gewijzigd_datum":"2025-01-15T12:00:00+00:00","datum_begin_geldigheid":"2025-08-12T10:39:55.533987","datum_einde_geldigheid":"2025-08-05T16:18:27.512958"},"sort":[0.0,1736942400000]}]},"aggregations":{"InformationCategories":{"doc_count":2,"Categories":{"doc_count":2,"FilteredCategories":{"doc_count_error_upper_bound":0,"sum_other_doc_count":0,"buckets":[{"key":["0d77e46d-f4d4-403e-bd2f-731acd3ae041","Your
        expert."],"key_as_string":"0d77e46d-f4d4-403e-bd2f-731acd3ae041|Your expert.","doc_count":1},{"key":["17abdca1-15f3-4384-9d93-3d03f7d0c0b6","Stand
        fall."],"key_as_string":"17abdca1-15f3-4384-9d93-3d03f7d0c0b6|Stand fall.","doc_count":1}]}}},"Topics":{"doc_count":2,"Topics":{"doc_count":0,"FilteredTopics":{"doc_count_error_upper_bound":0,"sum_other_doc_count":0,"buckets":[]}}},"Publisher":{"doc_count":2,"FilteredPublisher":{"doc_count_error_upper_bound":0,"sum_other_doc_count":0,"buckets":[{"key":["40382127-55b1-4604-9587-96fcd3cc0983","Perez
        Group"],"key_as_string":"40382127-55b1-4604-9587-96fcd3cc0983|Perez Group","doc_count":1},{"key":["5aaad3ab-7352-49bb-9d0d-404474e7c344","Sharp-Rose"],"key_as_string":"5aaad3ab-7352-49bb-9d0d-404474e7c344|Sharp-Rose","doc_count":1}]}},"ResultType":{"doc_count":2,"FilteredResultType":{"doc_count_error_upper_bound":0,"sum_other_doc_count":0,"buckets":[{"key":"publication","doc_count":2}]}}}}'
    headers:
      Transfer-Encoding:
      - chunked
      X-elastic-product:
      - Elasticsearch
      content-type:
      - application/vnd.elasticsearch+json;compatible-with=8
    status:
      code: 200
      message: OK
version: 1
