interactions:
- request:
    body: '{"uuid":"6aac4fb2-d532-490b-bd6b-87b0257c0236","publicatie":"dcf3f573-2b04-4886-bb7a-61348167d542","informatie_categorieen":[{"uuid":"0069fd22-7b3f-45fe-a80e-820eac948553","naam":"Mission
      over computer."}],"publisher":{"uuid":"3c604d7c-b363-4624-8694-0d20d2e03b62","naam":"Wilson,
      Dean and Odonnell"},"identifier":"identifier-10","officiele_titel":"Suddenly
      create say history million heart dinner happen.","verkorte_titel":"Stage these
      summer small.","omschrijving":"Ten at range join source character approach.
      Light nation beautiful ground reach.","creatiedatum":"2024-02-11","registratiedatum":"2025-03-17T10:39:12.771922","laatst_gewijzigd_datum":"2025-03-09T13:15:34.915736"}'
    headers:
      accept:
      - application/vnd.elasticsearch+json; compatible-with=8
      connection:
      - keep-alive
      content-type:
      - application/vnd.elasticsearch+json; compatible-with=8
      user-agent:
      - elasticsearch-dsl-py/8.17.1
      x-elastic-client-meta:
      - es=8.17.1,py=3.12.6,t=8.17.0,ur=2.2.2
    method: PUT
    uri: http://localhost:9201/document/_doc/6aac4fb2-d532-490b-bd6b-87b0257c0236?pipeline=document_attachment&refresh=wait_for
  response:
    body:
      string: '{"_index":"document","_id":"6aac4fb2-d532-490b-bd6b-87b0257c0236","_version":1,"result":"created","_shards":{"total":2,"successful":1,"failed":0},"_seq_no":18,"_primary_term":1}'
    headers:
      Location:
      - /document/_doc/6aac4fb2-d532-490b-bd6b-87b0257c0236
      X-elastic-product:
      - Elasticsearch
      content-length:
      - '177'
      content-type:
      - application/vnd.elasticsearch+json;compatible-with=8
    status:
      code: 201
      message: Created
- request:
    body: '{"uuid":"62fceb92-98bd-475c-b184-49ee8a274787","publicatie":"8b00fc00-f556-4b4f-845e-8f48b60f8be7","informatie_categorieen":[{"uuid":"531ad02b-f9a0-49b8-819f-82ca2815095c","naam":"Gas
      character."}],"publisher":{"uuid":"d08f42e5-0ee4-42bf-b4c6-2ba6d4abf823","naam":"Brown-Alvarado"},"identifier":"identifier-11","officiele_titel":"Suddenly
      speak pick whether important best.","verkorte_titel":"Trial yard.","omschrijving":"Film
      trade image success example plant. Become recognize piece see instead here.
      Key dinner share effect.","creatiedatum":"2022-12-10","registratiedatum":"2025-03-20T17:20:34.397874","laatst_gewijzigd_datum":"2025-03-11T12:39:18.315379"}'
    headers:
      accept:
      - application/vnd.elasticsearch+json; compatible-with=8
      connection:
      - keep-alive
      content-type:
      - application/vnd.elasticsearch+json; compatible-with=8
      user-agent:
      - elasticsearch-dsl-py/8.17.1
      x-elastic-client-meta:
      - es=8.17.1,py=3.12.6,t=8.17.0,ur=2.2.2
    method: PUT
    uri: http://localhost:9201/document/_doc/62fceb92-98bd-475c-b184-49ee8a274787?pipeline=document_attachment&refresh=wait_for
  response:
    body:
      string: '{"_index":"document","_id":"62fceb92-98bd-475c-b184-49ee8a274787","_version":1,"result":"created","_shards":{"total":2,"successful":1,"failed":0},"_seq_no":19,"_primary_term":1}'
    headers:
      Location:
      - /document/_doc/62fceb92-98bd-475c-b184-49ee8a274787
      X-elastic-product:
      - Elasticsearch
      content-length:
      - '177'
      content-type:
      - application/vnd.elasticsearch+json;compatible-with=8
    status:
      code: 201
      message: Created
- request:
    body: '{"uuid":"ef1dead2-e0f8-45be-acf7-3583adc14906","publicatie":"f246bf29-c712-4e3b-9d58-af243b329200","informatie_categorieen":[{"uuid":"17dc778a-d36e-4021-9394-77d5d0a628c3","naam":"Computer
      any exactly."}],"publisher":{"uuid":"f108db63-e6c0-44e3-9dc6-43793656a6d6","naam":"Campbell-Osborne"},"identifier":"identifier-12","officiele_titel":"Black
      help within address.","verkorte_titel":"Middle because.","omschrijving":"Deep
      ready successful writer turn seat. Life fine industry establish voice yet four
      you. May company attorney rather contain.","creatiedatum":"2025-01-14","registratiedatum":"2025-03-19T15:08:03.703779","laatst_gewijzigd_datum":"2025-03-17T08:34:46.399855"}'
    headers:
      accept:
      - application/vnd.elasticsearch+json; compatible-with=8
      connection:
      - keep-alive
      content-type:
      - application/vnd.elasticsearch+json; compatible-with=8
      user-agent:
      - elasticsearch-dsl-py/8.17.1
      x-elastic-client-meta:
      - es=8.17.1,py=3.12.6,t=8.17.0,ur=2.2.2
    method: PUT
    uri: http://localhost:9201/document/_doc/ef1dead2-e0f8-45be-acf7-3583adc14906?pipeline=document_attachment&refresh=wait_for
  response:
    body:
      string: '{"_index":"document","_id":"ef1dead2-e0f8-45be-acf7-3583adc14906","_version":1,"result":"created","_shards":{"total":2,"successful":1,"failed":0},"_seq_no":20,"_primary_term":1}'
    headers:
      Location:
      - /document/_doc/ef1dead2-e0f8-45be-acf7-3583adc14906
      X-elastic-product:
      - Elasticsearch
      content-length:
      - '177'
      content-type:
      - application/vnd.elasticsearch+json;compatible-with=8
    status:
      code: 201
      message: Created
- request:
    body: '{"query":{"function_score":{"functions":[{"gauss":{"registratiedatum":{"origin":"now","scale":"15d","offset":"7d","decay":0.5}}}],"query":{"bool":{"filter":[{"range":{"creatiedatum":{"gte":"2024-02-11","lte":null}}}]}},"score_mode":"multiply"}},"post_filter":{"term":{"_index":"document"}},"aggs":{"ResultType":{"filter":{"match_all":{}},"aggs":{"FilteredResultType":{"terms":{"field":"_index"}}}},"Publisher":{"filter":{"term":{"_index":"document"}},"aggs":{"FilteredPublisher":{"multi_terms":{"terms":[{"field":"publisher.uuid.keyword"},{"field":"publisher.naam.keyword"}]}}}},"InformationCategories":{"filter":{"term":{"_index":"document"}},"aggs":{"Categories":{"nested":{"path":"informatie_categorieen"},"aggs":{"FilteredCategories":{"multi_terms":{"terms":[{"field":"informatie_categorieen.uuid.keyword"},{"field":"informatie_categorieen.naam.keyword"}]}}}}}}},"sort":["_score",{"laatst_gewijzigd_datum":{"order":"desc"}}],"indices_boost":[{"publication":2.0},{"document":1.0}],"from":0,"size":10}'
    headers:
      accept:
      - application/vnd.elasticsearch+json; compatible-with=8
      connection:
      - keep-alive
      content-type:
      - application/vnd.elasticsearch+json; compatible-with=8
      user-agent:
      - elasticsearch-dsl-py/8.17.1
      x-elastic-client-meta:
      - es=8.17.1,py=3.12.6,t=8.17.0,ur=2.2.2
    method: POST
    uri: http://localhost:9201/publication,document/_search
  response:
    body:
      string: '{"took":3,"timed_out":false,"_shards":{"total":2,"successful":2,"skipped":0,"failed":0},"hits":{"total":{"value":2,"relation":"eq"},"max_score":null,"hits":[{"_index":"document","_id":"ef1dead2-e0f8-45be-acf7-3583adc14906","_score":0.0,"_source":{"omschrijving":"Deep
        ready successful writer turn seat. Life fine industry establish voice yet
        four you. May company attorney rather contain.","identifier":"identifier-12","publicatie":"f246bf29-c712-4e3b-9d58-af243b329200","officiele_titel":"Black
        help within address.","informatie_categorieen":[{"naam":"Computer any exactly.","uuid":"17dc778a-d36e-4021-9394-77d5d0a628c3"}],"publisher":{"naam":"Campbell-Osborne","uuid":"f108db63-e6c0-44e3-9dc6-43793656a6d6"},"creatiedatum":"2025-01-14","registratiedatum":"2025-03-19T15:08:03.703779","uuid":"ef1dead2-e0f8-45be-acf7-3583adc14906","verkorte_titel":"Middle
        because.","laatst_gewijzigd_datum":"2025-03-17T08:34:46.399855"},"sort":[0.0,1742200486399]},{"_index":"document","_id":"6aac4fb2-d532-490b-bd6b-87b0257c0236","_score":0.0,"_source":{"omschrijving":"Ten
        at range join source character approach. Light nation beautiful ground reach.","identifier":"identifier-10","publicatie":"dcf3f573-2b04-4886-bb7a-61348167d542","officiele_titel":"Suddenly
        create say history million heart dinner happen.","informatie_categorieen":[{"naam":"Mission
        over computer.","uuid":"0069fd22-7b3f-45fe-a80e-820eac948553"}],"publisher":{"naam":"Wilson,
        Dean and Odonnell","uuid":"3c604d7c-b363-4624-8694-0d20d2e03b62"},"creatiedatum":"2024-02-11","registratiedatum":"2025-03-17T10:39:12.771922","uuid":"6aac4fb2-d532-490b-bd6b-87b0257c0236","verkorte_titel":"Stage
        these summer small.","laatst_gewijzigd_datum":"2025-03-09T13:15:34.915736"},"sort":[0.0,1741526134915]}]},"aggregations":{"InformationCategories":{"doc_count":2,"Categories":{"doc_count":2,"FilteredCategories":{"doc_count_error_upper_bound":0,"sum_other_doc_count":0,"buckets":[{"key":["0069fd22-7b3f-45fe-a80e-820eac948553","Mission
        over computer."],"key_as_string":"0069fd22-7b3f-45fe-a80e-820eac948553|Mission
        over computer.","doc_count":1},{"key":["17dc778a-d36e-4021-9394-77d5d0a628c3","Computer
        any exactly."],"key_as_string":"17dc778a-d36e-4021-9394-77d5d0a628c3|Computer
        any exactly.","doc_count":1}]}}},"Publisher":{"doc_count":2,"FilteredPublisher":{"doc_count_error_upper_bound":0,"sum_other_doc_count":0,"buckets":[{"key":["3c604d7c-b363-4624-8694-0d20d2e03b62","Wilson,
        Dean and Odonnell"],"key_as_string":"3c604d7c-b363-4624-8694-0d20d2e03b62|Wilson,
        Dean and Odonnell","doc_count":1},{"key":["f108db63-e6c0-44e3-9dc6-43793656a6d6","Campbell-Osborne"],"key_as_string":"f108db63-e6c0-44e3-9dc6-43793656a6d6|Campbell-Osborne","doc_count":1}]}},"ResultType":{"doc_count":2,"FilteredResultType":{"doc_count_error_upper_bound":0,"sum_other_doc_count":0,"buckets":[{"key":"document","doc_count":2}]}}}}'
    headers:
      Transfer-Encoding:
      - chunked
      X-elastic-product:
      - Elasticsearch
      content-type:
      - application/vnd.elasticsearch+json;compatible-with=8
    status:
      code: 200
      message: OK
- request:
    body: '{"query":{"function_score":{"functions":[{"gauss":{"registratiedatum":{"origin":"now","scale":"15d","offset":"7d","decay":0.5}}}],"query":{"bool":{"filter":[{"range":{"creatiedatum":{"gte":null,"lte":"2022-12-10"}}}]}},"score_mode":"multiply"}},"post_filter":{"term":{"_index":"document"}},"aggs":{"ResultType":{"filter":{"match_all":{}},"aggs":{"FilteredResultType":{"terms":{"field":"_index"}}}},"Publisher":{"filter":{"term":{"_index":"document"}},"aggs":{"FilteredPublisher":{"multi_terms":{"terms":[{"field":"publisher.uuid.keyword"},{"field":"publisher.naam.keyword"}]}}}},"InformationCategories":{"filter":{"term":{"_index":"document"}},"aggs":{"Categories":{"nested":{"path":"informatie_categorieen"},"aggs":{"FilteredCategories":{"multi_terms":{"terms":[{"field":"informatie_categorieen.uuid.keyword"},{"field":"informatie_categorieen.naam.keyword"}]}}}}}}},"sort":["_score",{"laatst_gewijzigd_datum":{"order":"desc"}}],"indices_boost":[{"publication":2.0},{"document":1.0}],"from":0,"size":10}'
    headers:
      accept:
      - application/vnd.elasticsearch+json; compatible-with=8
      connection:
      - keep-alive
      content-type:
      - application/vnd.elasticsearch+json; compatible-with=8
      user-agent:
      - elasticsearch-dsl-py/8.17.1
      x-elastic-client-meta:
      - es=8.17.1,py=3.12.6,t=8.17.0,ur=2.2.2
    method: POST
    uri: http://localhost:9201/publication,document/_search
  response:
    body:
      string: '{"took":3,"timed_out":false,"_shards":{"total":2,"successful":2,"skipped":0,"failed":0},"hits":{"total":{"value":1,"relation":"eq"},"max_score":null,"hits":[{"_index":"document","_id":"62fceb92-98bd-475c-b184-49ee8a274787","_score":0.0,"_source":{"omschrijving":"Film
        trade image success example plant. Become recognize piece see instead here.
        Key dinner share effect.","identifier":"identifier-11","publicatie":"8b00fc00-f556-4b4f-845e-8f48b60f8be7","officiele_titel":"Suddenly
        speak pick whether important best.","informatie_categorieen":[{"naam":"Gas
        character.","uuid":"531ad02b-f9a0-49b8-819f-82ca2815095c"}],"publisher":{"naam":"Brown-Alvarado","uuid":"d08f42e5-0ee4-42bf-b4c6-2ba6d4abf823"},"creatiedatum":"2022-12-10","registratiedatum":"2025-03-20T17:20:34.397874","uuid":"62fceb92-98bd-475c-b184-49ee8a274787","verkorte_titel":"Trial
        yard.","laatst_gewijzigd_datum":"2025-03-11T12:39:18.315379"},"sort":[0.0,1741696758315]}]},"aggregations":{"InformationCategories":{"doc_count":1,"Categories":{"doc_count":1,"FilteredCategories":{"doc_count_error_upper_bound":0,"sum_other_doc_count":0,"buckets":[{"key":["531ad02b-f9a0-49b8-819f-82ca2815095c","Gas
        character."],"key_as_string":"531ad02b-f9a0-49b8-819f-82ca2815095c|Gas character.","doc_count":1}]}}},"Publisher":{"doc_count":1,"FilteredPublisher":{"doc_count_error_upper_bound":0,"sum_other_doc_count":0,"buckets":[{"key":["d08f42e5-0ee4-42bf-b4c6-2ba6d4abf823","Brown-Alvarado"],"key_as_string":"d08f42e5-0ee4-42bf-b4c6-2ba6d4abf823|Brown-Alvarado","doc_count":1}]}},"ResultType":{"doc_count":1,"FilteredResultType":{"doc_count_error_upper_bound":0,"sum_other_doc_count":0,"buckets":[{"key":"document","doc_count":1}]}}}}'
    headers:
      Transfer-Encoding:
      - chunked
      X-elastic-product:
      - Elasticsearch
      content-type:
      - application/vnd.elasticsearch+json;compatible-with=8
    status:
      code: 200
      message: OK
- request:
    body: '{"query":{"function_score":{"functions":[{"gauss":{"registratiedatum":{"origin":"now","scale":"15d","offset":"7d","decay":0.5}}}],"query":{"bool":{"filter":[{"range":{"creatiedatum":{"gte":"2024-01-01","lte":"2024-12-31"}}}]}},"score_mode":"multiply"}},"post_filter":{"term":{"_index":"document"}},"aggs":{"ResultType":{"filter":{"match_all":{}},"aggs":{"FilteredResultType":{"terms":{"field":"_index"}}}},"Publisher":{"filter":{"term":{"_index":"document"}},"aggs":{"FilteredPublisher":{"multi_terms":{"terms":[{"field":"publisher.uuid.keyword"},{"field":"publisher.naam.keyword"}]}}}},"InformationCategories":{"filter":{"term":{"_index":"document"}},"aggs":{"Categories":{"nested":{"path":"informatie_categorieen"},"aggs":{"FilteredCategories":{"multi_terms":{"terms":[{"field":"informatie_categorieen.uuid.keyword"},{"field":"informatie_categorieen.naam.keyword"}]}}}}}}},"sort":["_score",{"laatst_gewijzigd_datum":{"order":"desc"}}],"indices_boost":[{"publication":2.0},{"document":1.0}],"from":0,"size":10}'
    headers:
      accept:
      - application/vnd.elasticsearch+json; compatible-with=8
      connection:
      - keep-alive
      content-type:
      - application/vnd.elasticsearch+json; compatible-with=8
      user-agent:
      - elasticsearch-dsl-py/8.17.1
      x-elastic-client-meta:
      - es=8.17.1,py=3.12.6,t=8.17.0,ur=2.2.2
    method: POST
    uri: http://localhost:9201/publication,document/_search
  response:
    body:
      string: '{"took":2,"timed_out":false,"_shards":{"total":2,"successful":2,"skipped":0,"failed":0},"hits":{"total":{"value":1,"relation":"eq"},"max_score":null,"hits":[{"_index":"document","_id":"6aac4fb2-d532-490b-bd6b-87b0257c0236","_score":0.0,"_source":{"omschrijving":"Ten
        at range join source character approach. Light nation beautiful ground reach.","identifier":"identifier-10","publicatie":"dcf3f573-2b04-4886-bb7a-61348167d542","officiele_titel":"Suddenly
        create say history million heart dinner happen.","informatie_categorieen":[{"naam":"Mission
        over computer.","uuid":"0069fd22-7b3f-45fe-a80e-820eac948553"}],"publisher":{"naam":"Wilson,
        Dean and Odonnell","uuid":"3c604d7c-b363-4624-8694-0d20d2e03b62"},"creatiedatum":"2024-02-11","registratiedatum":"2025-03-17T10:39:12.771922","uuid":"6aac4fb2-d532-490b-bd6b-87b0257c0236","verkorte_titel":"Stage
        these summer small.","laatst_gewijzigd_datum":"2025-03-09T13:15:34.915736"},"sort":[0.0,1741526134915]}]},"aggregations":{"InformationCategories":{"doc_count":1,"Categories":{"doc_count":1,"FilteredCategories":{"doc_count_error_upper_bound":0,"sum_other_doc_count":0,"buckets":[{"key":["0069fd22-7b3f-45fe-a80e-820eac948553","Mission
        over computer."],"key_as_string":"0069fd22-7b3f-45fe-a80e-820eac948553|Mission
        over computer.","doc_count":1}]}}},"Publisher":{"doc_count":1,"FilteredPublisher":{"doc_count_error_upper_bound":0,"sum_other_doc_count":0,"buckets":[{"key":["3c604d7c-b363-4624-8694-0d20d2e03b62","Wilson,
        Dean and Odonnell"],"key_as_string":"3c604d7c-b363-4624-8694-0d20d2e03b62|Wilson,
        Dean and Odonnell","doc_count":1}]}},"ResultType":{"doc_count":1,"FilteredResultType":{"doc_count_error_upper_bound":0,"sum_other_doc_count":0,"buckets":[{"key":"document","doc_count":1}]}}}}'
    headers:
      Transfer-Encoding:
      - chunked
      X-elastic-product:
      - Elasticsearch
      content-type:
      - application/vnd.elasticsearch+json;compatible-with=8
    status:
      code: 200
      message: OK
version: 1
