interactions:
- request:
    body: '{"uuid":"dd3b8be0-e461-498a-9a18-0f5fc8adc956","publisher":{"uuid":"e0eb40f7-eacb-45dc-973a-2e8480f49b76","naam":"Maycatt"},"informatie_categorieen":[{"uuid":"a68caaa2-60b5-4180-8351-5e57fe5f6100","naam":"Accept
      add here."}],"officiele_titel":"Gun role continue effort his.","verkorte_titel":"Lead
      rule run word.","omschrijving":"May add in movement. Thus necessary discover
      possible claim professional woman. Risk decide may mean.","registratiedatum":"2025-03-06T05:39:31.456200","laatst_gewijzigd_datum":"2025-02-21T00:50:31.026596"}'
    headers:
      accept:
      - application/vnd.elasticsearch+json; compatible-with=8
      connection:
      - keep-alive
      content-type:
      - application/vnd.elasticsearch+json; compatible-with=8
      user-agent:
      - elasticsearch-dsl-py/8.17.1
      x-elastic-client-meta:
      - es=8.17.1,py=3.12.9,t=8.17.0,ur=2.2.2
    method: PUT
    uri: http://localhost:9201/publication/_doc/dd3b8be0-e461-498a-9a18-0f5fc8adc956?refresh=wait_for
  response:
    body:
      string: '{"_index":"publication","_id":"dd3b8be0-e461-498a-9a18-0f5fc8adc956","_version":3,"result":"created","_shards":{"total":2,"successful":1,"failed":0},"_seq_no":10,"_primary_term":1}'
    headers:
      Location:
      - /publication/_doc/dd3b8be0-e461-498a-9a18-0f5fc8adc956
      X-elastic-product:
      - Elasticsearch
      content-length:
      - '180'
      content-type:
      - application/vnd.elasticsearch+json;compatible-with=8
    status:
      code: 201
      message: Created
- request:
    body: '{"uuid":"3d6f91fc-ce3b-45d0-b3d6-c304be03845d","publisher":{"uuid":"071bd399-4855-4507-b3a9-7532c10d9b58","naam":"Rodriguez,
      Hoffman and Baird"},"informatie_categorieen":[{"uuid":"b932db3f-cfd1-4ad3-8f46-3fd9968aee92","naam":"Deep
      big."}],"officiele_titel":"Law talk stop go.","verkorte_titel":"Food continue
      ten.","omschrijving":"Report alone yard career bit born writer office.","registratiedatum":"2025-03-07T17:17:55.308287","laatst_gewijzigd_datum":"2025-02-24T09:09:04.315665"}'
    headers:
      accept:
      - application/vnd.elasticsearch+json; compatible-with=8
      connection:
      - keep-alive
      content-type:
      - application/vnd.elasticsearch+json; compatible-with=8
      user-agent:
      - elasticsearch-dsl-py/8.17.1
      x-elastic-client-meta:
      - es=8.17.1,py=3.12.9,t=8.17.0,ur=2.2.2
    method: PUT
    uri: http://localhost:9201/publication/_doc/3d6f91fc-ce3b-45d0-b3d6-c304be03845d?refresh=wait_for
  response:
    body:
      string: '{"_index":"publication","_id":"3d6f91fc-ce3b-45d0-b3d6-c304be03845d","_version":3,"result":"created","_shards":{"total":2,"successful":1,"failed":0},"_seq_no":11,"_primary_term":1}'
    headers:
      Location:
      - /publication/_doc/3d6f91fc-ce3b-45d0-b3d6-c304be03845d
      X-elastic-product:
      - Elasticsearch
      content-length:
      - '180'
      content-type:
      - application/vnd.elasticsearch+json;compatible-with=8
    status:
      code: 201
      message: Created
- request:
    body: '{"uuid":"8bca9140-81f6-46f0-823a-31184e10ff66","publicatie":"ff535ef5-1ce2-4ae8-9068-abadd51d5c24","informatie_categorieen":[{"uuid":"dcb78dfb-d46f-4ab3-8231-df722e6c3615","naam":"Final
      less."}],"publisher":{"uuid":"f9cc8c26-7ce7-4a25-9554-e6a2892176d7","naam":"Dimpact"},"identifier":"identifier-6","officiele_titel":"Mother
      young loss section suffer others.","verkorte_titel":"Catch billion.","omschrijving":"Serious
      office kitchen size. Race fire again or number day. Serve administration state
      increase stop possible situation.","creatiedatum":"2025-02-16","registratiedatum":"2025-03-08T19:06:03.824017","laatst_gewijzigd_datum":"2025-02-17T10:46:04.528965"}'
    headers:
      accept:
      - application/vnd.elasticsearch+json; compatible-with=8
      connection:
      - keep-alive
      content-type:
      - application/vnd.elasticsearch+json; compatible-with=8
      user-agent:
      - elasticsearch-dsl-py/8.17.1
      x-elastic-client-meta:
      - es=8.17.1,py=3.12.9,t=8.17.0,ur=2.2.2
    method: PUT
    uri: http://localhost:9201/document/_doc/8bca9140-81f6-46f0-823a-31184e10ff66?pipeline=document_attachment&refresh=wait_for
  response:
    body:
      string: '{"_index":"document","_id":"8bca9140-81f6-46f0-823a-31184e10ff66","_version":5,"result":"created","_shards":{"total":2,"successful":1,"failed":0},"_seq_no":10,"_primary_term":1}'
    headers:
      Location:
      - /document/_doc/8bca9140-81f6-46f0-823a-31184e10ff66
      X-elastic-product:
      - Elasticsearch
      content-length:
      - '177'
      content-type:
      - application/vnd.elasticsearch+json;compatible-with=8
    status:
      code: 201
      message: Created
- request:
    body: '{"uuid":"0ea8b96e-cca5-45df-9797-abf9cfef3ed6","publicatie":"7da5c080-781c-4ab5-b4a3-ec87afd115af","informatie_categorieen":[{"uuid":"f2b61932-5105-48ca-8ec4-c318f65a4e65","naam":"Media
      animal social."}],"publisher":{"uuid":"81d8bdf5-a159-4221-8ff6-ea916d2f684b","naam":"Sanchez
      LLC"},"identifier":"identifier-7","officiele_titel":"Star later four recently
      city prevent watch run.","verkorte_titel":"Million be run.","omschrijving":"Nature
      skill accept coach reach. Five rock science year itself candidate produce.","creatiedatum":"2025-03-07","registratiedatum":"2025-03-09T04:00:19.255756","laatst_gewijzigd_datum":"2025-02-19T22:54:36.753254"}'
    headers:
      accept:
      - application/vnd.elasticsearch+json; compatible-with=8
      connection:
      - keep-alive
      content-type:
      - application/vnd.elasticsearch+json; compatible-with=8
      user-agent:
      - elasticsearch-dsl-py/8.17.1
      x-elastic-client-meta:
      - es=8.17.1,py=3.12.9,t=8.17.0,ur=2.2.2
    method: PUT
    uri: http://localhost:9201/document/_doc/0ea8b96e-cca5-45df-9797-abf9cfef3ed6?pipeline=document_attachment&refresh=wait_for
  response:
    body:
      string: '{"_index":"document","_id":"0ea8b96e-cca5-45df-9797-abf9cfef3ed6","_version":5,"result":"created","_shards":{"total":2,"successful":1,"failed":0},"_seq_no":11,"_primary_term":1}'
    headers:
      Location:
      - /document/_doc/0ea8b96e-cca5-45df-9797-abf9cfef3ed6
      X-elastic-product:
      - Elasticsearch
      content-length:
      - '177'
      content-type:
      - application/vnd.elasticsearch+json;compatible-with=8
    status:
      code: 201
      message: Created
- request:
    body: '{"query":{"function_score":{"functions":[{"gauss":{"registratiedatum":{"origin":"now","scale":"15d","offset":"7d","decay":0.5}}}],"query":{"match_all":{}},"score_mode":"multiply"}},"post_filter":{"terms":{"publisher.uuid.keyword":["1934d1db-b5c8-4521-97fe-a2ef969dd84e"]}},"aggs":{"ResultType":{"terms":{"field":"_index"}},"Publisher":{"filter":{"match_all":{}},"aggs":{"FilteredPublisher":{"multi_terms":{"terms":[{"field":"publisher.uuid.keyword"},{"field":"publisher.naam.keyword"}]}}}},"InformationCategories":{"filter":{"terms":{"publisher.uuid.keyword":["1934d1db-b5c8-4521-97fe-a2ef969dd84e"]}},"aggs":{"Categories":{"nested":{"path":"informatie_categorieen"},"aggs":{"FilteredCategories":{"multi_terms":{"terms":[{"field":"informatie_categorieen.uuid.keyword"},{"field":"informatie_categorieen.naam.keyword"}]}}}}}}},"sort":["_score",{"laatst_gewijzigd_datum":{"order":"desc"}}],"indices_boost":[{"publication":2.0},{"document":1.0}],"from":0,"size":10}'
    headers:
      accept:
      - application/vnd.elasticsearch+json; compatible-with=8
      connection:
      - keep-alive
      content-type:
      - application/vnd.elasticsearch+json; compatible-with=8
      user-agent:
      - elasticsearch-dsl-py/8.17.1
      x-elastic-client-meta:
      - es=8.17.1,py=3.12.9,t=8.17.0,ur=2.2.2
    method: POST
    uri: http://localhost:9201/publication,document/_search
  response:
    body:
      string: '{"took":11,"timed_out":false,"_shards":{"total":2,"successful":2,"skipped":0,"failed":0},"hits":{"total":{"value":0,"relation":"eq"},"max_score":null,"hits":[]},"aggregations":{"InformationCategories":{"doc_count":0,"Categories":{"doc_count":0,"FilteredCategories":{"doc_count_error_upper_bound":0,"sum_other_doc_count":0,"buckets":[]}}},"Publisher":{"doc_count":4,"FilteredPublisher":{"doc_count_error_upper_bound":0,"sum_other_doc_count":0,"buckets":[{"key":["071bd399-4855-4507-b3a9-7532c10d9b58","Rodriguez,
        Hoffman and Baird"],"key_as_string":"071bd399-4855-4507-b3a9-7532c10d9b58|Rodriguez,
        Hoffman and Baird","doc_count":1},{"key":["81d8bdf5-a159-4221-8ff6-ea916d2f684b","Sanchez
        LLC"],"key_as_string":"81d8bdf5-a159-4221-8ff6-ea916d2f684b|Sanchez LLC","doc_count":1},{"key":["e0eb40f7-eacb-45dc-973a-2e8480f49b76","Maycatt"],"key_as_string":"e0eb40f7-eacb-45dc-973a-2e8480f49b76|Maycatt","doc_count":1},{"key":["f9cc8c26-7ce7-4a25-9554-e6a2892176d7","Dimpact"],"key_as_string":"f9cc8c26-7ce7-4a25-9554-e6a2892176d7|Dimpact","doc_count":1}]}},"ResultType":{"doc_count_error_upper_bound":0,"sum_other_doc_count":0,"buckets":[{"key":"document","doc_count":2},{"key":"publication","doc_count":2}]}}}'
    headers:
      Transfer-Encoding:
      - chunked
      X-elastic-product:
      - Elasticsearch
      content-type:
      - application/vnd.elasticsearch+json;compatible-with=8
    status:
      code: 200
      message: OK
- request:
    body: '{"query":{"function_score":{"functions":[{"gauss":{"registratiedatum":{"origin":"now","scale":"15d","offset":"7d","decay":0.5}}}],"query":{"match_all":{}},"score_mode":"multiply"}},"post_filter":{"terms":{"publisher.uuid.keyword":["f9cc8c26-7ce7-4a25-9554-e6a2892176d7","e0eb40f7-eacb-45dc-973a-2e8480f49b76"]}},"aggs":{"ResultType":{"terms":{"field":"_index"}},"Publisher":{"filter":{"match_all":{}},"aggs":{"FilteredPublisher":{"multi_terms":{"terms":[{"field":"publisher.uuid.keyword"},{"field":"publisher.naam.keyword"}]}}}},"InformationCategories":{"filter":{"terms":{"publisher.uuid.keyword":["f9cc8c26-7ce7-4a25-9554-e6a2892176d7","e0eb40f7-eacb-45dc-973a-2e8480f49b76"]}},"aggs":{"Categories":{"nested":{"path":"informatie_categorieen"},"aggs":{"FilteredCategories":{"multi_terms":{"terms":[{"field":"informatie_categorieen.uuid.keyword"},{"field":"informatie_categorieen.naam.keyword"}]}}}}}}},"sort":["_score",{"laatst_gewijzigd_datum":{"order":"desc"}}],"indices_boost":[{"publication":2.0},{"document":1.0}],"from":0,"size":10}'
    headers:
      accept:
      - application/vnd.elasticsearch+json; compatible-with=8
      connection:
      - keep-alive
      content-type:
      - application/vnd.elasticsearch+json; compatible-with=8
      user-agent:
      - elasticsearch-dsl-py/8.17.1
      x-elastic-client-meta:
      - es=8.17.1,py=3.12.9,t=8.17.0,ur=2.2.2
    method: POST
    uri: http://localhost:9201/publication,document/_search
  response:
    body:
      string: '{"took":20,"timed_out":false,"_shards":{"total":2,"successful":2,"skipped":0,"failed":0},"hits":{"total":{"value":2,"relation":"eq"},"max_score":null,"hits":[{"_index":"publication","_id":"dd3b8be0-e461-498a-9a18-0f5fc8adc956","_score":2.0,"_source":{"uuid":"dd3b8be0-e461-498a-9a18-0f5fc8adc956","publisher":{"uuid":"e0eb40f7-eacb-45dc-973a-2e8480f49b76","naam":"Maycatt"},"informatie_categorieen":[{"uuid":"a68caaa2-60b5-4180-8351-5e57fe5f6100","naam":"Accept
        add here."}],"officiele_titel":"Gun role continue effort his.","verkorte_titel":"Lead
        rule run word.","omschrijving":"May add in movement. Thus necessary discover
        possible claim professional woman. Risk decide may mean.","registratiedatum":"2025-03-06T05:39:31.456200","laatst_gewijzigd_datum":"2025-02-21T00:50:31.026596"},"sort":[2.0,1740099031026]},{"_index":"document","_id":"8bca9140-81f6-46f0-823a-31184e10ff66","_score":1.0,"_source":{"omschrijving":"Serious
        office kitchen size. Race fire again or number day. Serve administration state
        increase stop possible situation.","identifier":"identifier-6","publicatie":"ff535ef5-1ce2-4ae8-9068-abadd51d5c24","officiele_titel":"Mother
        young loss section suffer others.","informatie_categorieen":[{"naam":"Final
        less.","uuid":"dcb78dfb-d46f-4ab3-8231-df722e6c3615"}],"publisher":{"naam":"Dimpact","uuid":"f9cc8c26-7ce7-4a25-9554-e6a2892176d7"},"creatiedatum":"2025-02-16","registratiedatum":"2025-03-08T19:06:03.824017","uuid":"8bca9140-81f6-46f0-823a-31184e10ff66","verkorte_titel":"Catch
        billion.","laatst_gewijzigd_datum":"2025-02-17T10:46:04.528965"},"sort":[1.0,1739789164528]}]},"aggregations":{"InformationCategories":{"doc_count":2,"Categories":{"doc_count":2,"FilteredCategories":{"doc_count_error_upper_bound":0,"sum_other_doc_count":0,"buckets":[{"key":["a68caaa2-60b5-4180-8351-5e57fe5f6100","Accept
        add here."],"key_as_string":"a68caaa2-60b5-4180-8351-5e57fe5f6100|Accept add
        here.","doc_count":1},{"key":["dcb78dfb-d46f-4ab3-8231-df722e6c3615","Final
        less."],"key_as_string":"dcb78dfb-d46f-4ab3-8231-df722e6c3615|Final less.","doc_count":1}]}}},"Publisher":{"doc_count":4,"FilteredPublisher":{"doc_count_error_upper_bound":0,"sum_other_doc_count":0,"buckets":[{"key":["071bd399-4855-4507-b3a9-7532c10d9b58","Rodriguez,
        Hoffman and Baird"],"key_as_string":"071bd399-4855-4507-b3a9-7532c10d9b58|Rodriguez,
        Hoffman and Baird","doc_count":1},{"key":["81d8bdf5-a159-4221-8ff6-ea916d2f684b","Sanchez
        LLC"],"key_as_string":"81d8bdf5-a159-4221-8ff6-ea916d2f684b|Sanchez LLC","doc_count":1},{"key":["e0eb40f7-eacb-45dc-973a-2e8480f49b76","Maycatt"],"key_as_string":"e0eb40f7-eacb-45dc-973a-2e8480f49b76|Maycatt","doc_count":1},{"key":["f9cc8c26-7ce7-4a25-9554-e6a2892176d7","Dimpact"],"key_as_string":"f9cc8c26-7ce7-4a25-9554-e6a2892176d7|Dimpact","doc_count":1}]}},"ResultType":{"doc_count_error_upper_bound":0,"sum_other_doc_count":0,"buckets":[{"key":"document","doc_count":2},{"key":"publication","doc_count":2}]}}}'
    headers:
      Transfer-Encoding:
      - chunked
      X-elastic-product:
      - Elasticsearch
      content-type:
      - application/vnd.elasticsearch+json;compatible-with=8
    status:
      code: 200
      message: OK
- request:
    body: '{"query":{"function_score":{"functions":[{"gauss":{"registratiedatum":{"origin":"now","scale":"15d","offset":"7d","decay":0.5}}}],"query":{"match_all":{}},"score_mode":"multiply"}},"post_filter":{"terms":{"publisher.uuid.keyword":["f9cc8c26-7ce7-4a25-9554-e6a2892176d7"]}},"aggs":{"ResultType":{"terms":{"field":"_index"}},"Publisher":{"filter":{"match_all":{}},"aggs":{"FilteredPublisher":{"multi_terms":{"terms":[{"field":"publisher.uuid.keyword"},{"field":"publisher.naam.keyword"}]}}}},"InformationCategories":{"filter":{"terms":{"publisher.uuid.keyword":["f9cc8c26-7ce7-4a25-9554-e6a2892176d7"]}},"aggs":{"Categories":{"nested":{"path":"informatie_categorieen"},"aggs":{"FilteredCategories":{"multi_terms":{"terms":[{"field":"informatie_categorieen.uuid.keyword"},{"field":"informatie_categorieen.naam.keyword"}]}}}}}}},"sort":["_score",{"laatst_gewijzigd_datum":{"order":"desc"}}],"indices_boost":[{"publication":2.0},{"document":1.0}],"from":0,"size":10}'
    headers:
      accept:
      - application/vnd.elasticsearch+json; compatible-with=8
      connection:
      - keep-alive
      content-type:
      - application/vnd.elasticsearch+json; compatible-with=8
      user-agent:
      - elasticsearch-dsl-py/8.17.1
      x-elastic-client-meta:
      - es=8.17.1,py=3.12.9,t=8.17.0,ur=2.2.2
    method: POST
    uri: http://localhost:9201/publication,document/_search
  response:
    body:
      string: '{"took":12,"timed_out":false,"_shards":{"total":2,"successful":2,"skipped":0,"failed":0},"hits":{"total":{"value":1,"relation":"eq"},"max_score":null,"hits":[{"_index":"document","_id":"8bca9140-81f6-46f0-823a-31184e10ff66","_score":1.0,"_source":{"omschrijving":"Serious
        office kitchen size. Race fire again or number day. Serve administration state
        increase stop possible situation.","identifier":"identifier-6","publicatie":"ff535ef5-1ce2-4ae8-9068-abadd51d5c24","officiele_titel":"Mother
        young loss section suffer others.","informatie_categorieen":[{"naam":"Final
        less.","uuid":"dcb78dfb-d46f-4ab3-8231-df722e6c3615"}],"publisher":{"naam":"Dimpact","uuid":"f9cc8c26-7ce7-4a25-9554-e6a2892176d7"},"creatiedatum":"2025-02-16","registratiedatum":"2025-03-08T19:06:03.824017","uuid":"8bca9140-81f6-46f0-823a-31184e10ff66","verkorte_titel":"Catch
        billion.","laatst_gewijzigd_datum":"2025-02-17T10:46:04.528965"},"sort":[1.0,1739789164528]}]},"aggregations":{"InformationCategories":{"doc_count":1,"Categories":{"doc_count":1,"FilteredCategories":{"doc_count_error_upper_bound":0,"sum_other_doc_count":0,"buckets":[{"key":["dcb78dfb-d46f-4ab3-8231-df722e6c3615","Final
        less."],"key_as_string":"dcb78dfb-d46f-4ab3-8231-df722e6c3615|Final less.","doc_count":1}]}}},"Publisher":{"doc_count":4,"FilteredPublisher":{"doc_count_error_upper_bound":0,"sum_other_doc_count":0,"buckets":[{"key":["071bd399-4855-4507-b3a9-7532c10d9b58","Rodriguez,
        Hoffman and Baird"],"key_as_string":"071bd399-4855-4507-b3a9-7532c10d9b58|Rodriguez,
        Hoffman and Baird","doc_count":1},{"key":["81d8bdf5-a159-4221-8ff6-ea916d2f684b","Sanchez
        LLC"],"key_as_string":"81d8bdf5-a159-4221-8ff6-ea916d2f684b|Sanchez LLC","doc_count":1},{"key":["e0eb40f7-eacb-45dc-973a-2e8480f49b76","Maycatt"],"key_as_string":"e0eb40f7-eacb-45dc-973a-2e8480f49b76|Maycatt","doc_count":1},{"key":["f9cc8c26-7ce7-4a25-9554-e6a2892176d7","Dimpact"],"key_as_string":"f9cc8c26-7ce7-4a25-9554-e6a2892176d7|Dimpact","doc_count":1}]}},"ResultType":{"doc_count_error_upper_bound":0,"sum_other_doc_count":0,"buckets":[{"key":"document","doc_count":2},{"key":"publication","doc_count":2}]}}}'
    headers:
      Transfer-Encoding:
      - chunked
      X-elastic-product:
      - Elasticsearch
      content-type:
      - application/vnd.elasticsearch+json;compatible-with=8
    status:
      code: 200
      message: OK
version: 1
