interactions:
- request:
    body: '{"uuid":"dd3b8be0-e461-498a-9a18-0f5fc8adc956","publisher":{"uuid":"e0eb40f7-eacb-45dc-973a-2e8480f49b76","naam":"Maycatt"},"informatie_categorieen":[{"uuid":"d5f75ac0-b881-4550-98a9-abeaf34275a1","naam":"Guess
      participant respond."}],"officiele_titel":"Author final the garden.","verkorte_titel":"Act
      skill.","omschrijving":"Fly yet suddenly medical stock. Power recently almost.
      Full with official involve simple several open room.","registratiedatum":"2025-02-23T10:48:19.389437","laatst_gewijzigd_datum":"2025-02-21T11:26:30.403320"}'
    headers:
      accept:
      - application/vnd.elasticsearch+json; compatible-with=8
      connection:
      - keep-alive
      content-type:
      - application/vnd.elasticsearch+json; compatible-with=8
      user-agent:
      - elasticsearch-dsl-py/8.17.1
      x-elastic-client-meta:
      - es=8.17.1,py=3.12.8,t=8.17.0,ur=2.2.2
    method: PUT
    uri: http://localhost:9201/publication/_doc/dd3b8be0-e461-498a-9a18-0f5fc8adc956?refresh=wait_for
  response:
    body:
      string: '{"_index":"publication","_id":"dd3b8be0-e461-498a-9a18-0f5fc8adc956","_version":1,"result":"created","_shards":{"total":2,"successful":1,"failed":0},"_seq_no":0,"_primary_term":1}'
    headers:
      Location:
      - /publication/_doc/dd3b8be0-e461-498a-9a18-0f5fc8adc956
      X-elastic-product:
      - Elasticsearch
      content-length:
      - '179'
      content-type:
      - application/vnd.elasticsearch+json;compatible-with=8
    status:
      code: 201
      message: Created
- request:
    body: '{"uuid":"3d6f91fc-ce3b-45d0-b3d6-c304be03845d","publisher":{"uuid":"8b9e4f48-71dc-462d-9d1d-87f142ecede8","naam":"Mcdonald
      Inc"},"informatie_categorieen":[{"uuid":"f67796b0-8a0c-4355-9f48-cbc236743e45","naam":"Apply
      through young student."}],"officiele_titel":"Science hotel notice instead present
      particularly author.","verkorte_titel":"About drive financial.","omschrijving":"Story
      statement others many democratic.","registratiedatum":"2025-02-01T16:48:31.461933","laatst_gewijzigd_datum":"2025-02-19T06:27:38.329957"}'
    headers:
      accept:
      - application/vnd.elasticsearch+json; compatible-with=8
      connection:
      - keep-alive
      content-type:
      - application/vnd.elasticsearch+json; compatible-with=8
      user-agent:
      - elasticsearch-dsl-py/8.17.1
      x-elastic-client-meta:
      - es=8.17.1,py=3.12.8,t=8.17.0,ur=2.2.2
    method: PUT
    uri: http://localhost:9201/publication/_doc/3d6f91fc-ce3b-45d0-b3d6-c304be03845d?refresh=wait_for
  response:
    body:
      string: '{"_index":"publication","_id":"3d6f91fc-ce3b-45d0-b3d6-c304be03845d","_version":1,"result":"created","_shards":{"total":2,"successful":1,"failed":0},"_seq_no":1,"_primary_term":1}'
    headers:
      Location:
      - /publication/_doc/3d6f91fc-ce3b-45d0-b3d6-c304be03845d
      X-elastic-product:
      - Elasticsearch
      content-length:
      - '179'
      content-type:
      - application/vnd.elasticsearch+json;compatible-with=8
    status:
      code: 201
      message: Created
- request:
    body: '{"uuid":"8bca9140-81f6-46f0-823a-31184e10ff66","publicatie":"2417d55b-eb86-4b69-9708-f95b383958c2","informatie_categorieen":[{"uuid":"d2ca76a9-1b76-4cee-952c-518bc2301fe8","naam":"Beat."}],"publisher":{"uuid":"f9cc8c26-7ce7-4a25-9554-e6a2892176d7","naam":"Dimpact"},"identifier":"identifier-0","officiele_titel":"Player
      return message start military mind southern.","verkorte_titel":"Song.","omschrijving":"Admit
      wind miss send then.","creatiedatum":"2025-02-12","registratiedatum":"2025-02-03T08:14:50.300216","laatst_gewijzigd_datum":"2025-02-01T18:54:37.472544"}'
    headers:
      accept:
      - application/vnd.elasticsearch+json; compatible-with=8
      connection:
      - keep-alive
      content-type:
      - application/vnd.elasticsearch+json; compatible-with=8
      user-agent:
      - elasticsearch-dsl-py/8.17.1
      x-elastic-client-meta:
      - es=8.17.1,py=3.12.8,t=8.17.0,ur=2.2.2
    method: PUT
    uri: http://localhost:9201/document/_doc/8bca9140-81f6-46f0-823a-31184e10ff66?refresh=wait_for
  response:
    body:
      string: '{"_index":"document","_id":"8bca9140-81f6-46f0-823a-31184e10ff66","_version":1,"result":"created","_shards":{"total":2,"successful":1,"failed":0},"_seq_no":0,"_primary_term":1}'
    headers:
      Location:
      - /document/_doc/8bca9140-81f6-46f0-823a-31184e10ff66
      X-elastic-product:
      - Elasticsearch
      content-length:
      - '176'
      content-type:
      - application/vnd.elasticsearch+json;compatible-with=8
    status:
      code: 201
      message: Created
- request:
    body: '{"uuid":"0ea8b96e-cca5-45df-9797-abf9cfef3ed6","publicatie":"53a20721-c639-4da4-8d92-ebfbe2264add","informatie_categorieen":[{"uuid":"a1fa6c21-e85a-4a46-aae2-f177dd5ea4f7","naam":"Myself
      need pay."}],"publisher":{"uuid":"c7a81a99-5bbc-43ea-9cb3-5ea0137f8cfe","naam":"Marshall-Diaz"},"identifier":"identifier-1","officiele_titel":"Threat
      herself affect economy.","verkorte_titel":"Assume though simply.","omschrijving":"We
      full home interest whose mission without. Future training professor customer
      quality pull life.","creatiedatum":"2025-02-10","registratiedatum":"2025-02-03T04:39:03.989710","laatst_gewijzigd_datum":"2025-02-02T13:11:16.025396"}'
    headers:
      accept:
      - application/vnd.elasticsearch+json; compatible-with=8
      connection:
      - keep-alive
      content-type:
      - application/vnd.elasticsearch+json; compatible-with=8
      user-agent:
      - elasticsearch-dsl-py/8.17.1
      x-elastic-client-meta:
      - es=8.17.1,py=3.12.8,t=8.17.0,ur=2.2.2
    method: PUT
    uri: http://localhost:9201/document/_doc/0ea8b96e-cca5-45df-9797-abf9cfef3ed6?refresh=wait_for
  response:
    body:
      string: '{"_index":"document","_id":"0ea8b96e-cca5-45df-9797-abf9cfef3ed6","_version":1,"result":"created","_shards":{"total":2,"successful":1,"failed":0},"_seq_no":1,"_primary_term":1}'
    headers:
      Location:
      - /document/_doc/0ea8b96e-cca5-45df-9797-abf9cfef3ed6
      X-elastic-product:
      - Elasticsearch
      content-length:
      - '176'
      content-type:
      - application/vnd.elasticsearch+json;compatible-with=8
    status:
      code: 201
      message: Created
- request:
    body: '{"query":{"bool":{"filter":[{"terms":{"publisher.uuid.keyword":["1934d1db-b5c8-4521-97fe-a2ef969dd84e"]}}]}},"aggs":{"ResultType":{"terms":{"field":"_index"}},"Publisher":{"multi_terms":{"terms":[{"field":"publisher.uuid.keyword"},{"field":"publisher.naam.keyword"}]}}},"sort":["_score",{"laatst_gewijzigd_datum":{"order":"desc"}}],"from":0,"size":10}'
    headers:
      accept:
      - application/vnd.elasticsearch+json; compatible-with=8
      connection:
      - keep-alive
      content-type:
      - application/vnd.elasticsearch+json; compatible-with=8
      user-agent:
      - elasticsearch-dsl-py/8.17.1
      x-elastic-client-meta:
      - es=8.17.1,py=3.12.8,t=8.17.0,ur=2.2.2
    method: POST
    uri: http://localhost:9201/publication,document/_search
  response:
    body:
      string: '{"took":109,"timed_out":false,"_shards":{"total":2,"successful":2,"skipped":0,"failed":0},"hits":{"total":{"value":0,"relation":"eq"},"max_score":null,"hits":[]},"aggregations":{"Publisher":{"doc_count_error_upper_bound":0,"sum_other_doc_count":0,"buckets":[]},"ResultType":{"doc_count_error_upper_bound":0,"sum_other_doc_count":0,"buckets":[]}}}'
    headers:
      Transfer-Encoding:
      - chunked
      X-elastic-product:
      - Elasticsearch
      content-type:
      - application/vnd.elasticsearch+json;compatible-with=8
    status:
      code: 200
      message: OK
- request:
    body: '{"query":{"bool":{"filter":[{"terms":{"publisher.uuid.keyword":["f9cc8c26-7ce7-4a25-9554-e6a2892176d7","e0eb40f7-eacb-45dc-973a-2e8480f49b76"]}}]}},"aggs":{"ResultType":{"terms":{"field":"_index"}},"Publisher":{"multi_terms":{"terms":[{"field":"publisher.uuid.keyword"},{"field":"publisher.naam.keyword"}]}}},"sort":["_score",{"laatst_gewijzigd_datum":{"order":"desc"}}],"from":0,"size":10}'
    headers:
      accept:
      - application/vnd.elasticsearch+json; compatible-with=8
      connection:
      - keep-alive
      content-type:
      - application/vnd.elasticsearch+json; compatible-with=8
      user-agent:
      - elasticsearch-dsl-py/8.17.1
      x-elastic-client-meta:
      - es=8.17.1,py=3.12.8,t=8.17.0,ur=2.2.2
    method: POST
    uri: http://localhost:9201/publication,document/_search
  response:
    body:
      string: '{"took":51,"timed_out":false,"_shards":{"total":2,"successful":2,"skipped":0,"failed":0},"hits":{"total":{"value":2,"relation":"eq"},"max_score":null,"hits":[{"_index":"publication","_id":"dd3b8be0-e461-498a-9a18-0f5fc8adc956","_score":0.0,"_source":{"uuid":"dd3b8be0-e461-498a-9a18-0f5fc8adc956","publisher":{"uuid":"e0eb40f7-eacb-45dc-973a-2e8480f49b76","naam":"Maycatt"},"informatie_categorieen":[{"uuid":"d5f75ac0-b881-4550-98a9-abeaf34275a1","naam":"Guess
        participant respond."}],"officiele_titel":"Author final the garden.","verkorte_titel":"Act
        skill.","omschrijving":"Fly yet suddenly medical stock. Power recently almost.
        Full with official involve simple several open room.","registratiedatum":"2025-02-23T10:48:19.389437","laatst_gewijzigd_datum":"2025-02-21T11:26:30.403320"},"sort":[0.0,1740137190403]},{"_index":"document","_id":"8bca9140-81f6-46f0-823a-31184e10ff66","_score":0.0,"_source":{"uuid":"8bca9140-81f6-46f0-823a-31184e10ff66","publicatie":"2417d55b-eb86-4b69-9708-f95b383958c2","informatie_categorieen":[{"uuid":"d2ca76a9-1b76-4cee-952c-518bc2301fe8","naam":"Beat."}],"publisher":{"uuid":"f9cc8c26-7ce7-4a25-9554-e6a2892176d7","naam":"Dimpact"},"identifier":"identifier-0","officiele_titel":"Player
        return message start military mind southern.","verkorte_titel":"Song.","omschrijving":"Admit
        wind miss send then.","creatiedatum":"2025-02-12","registratiedatum":"2025-02-03T08:14:50.300216","laatst_gewijzigd_datum":"2025-02-01T18:54:37.472544"},"sort":[0.0,1738436077472]}]},"aggregations":{"Publisher":{"doc_count_error_upper_bound":0,"sum_other_doc_count":0,"buckets":[{"key":["e0eb40f7-eacb-45dc-973a-2e8480f49b76","Maycatt"],"key_as_string":"e0eb40f7-eacb-45dc-973a-2e8480f49b76|Maycatt","doc_count":1},{"key":["f9cc8c26-7ce7-4a25-9554-e6a2892176d7","Dimpact"],"key_as_string":"f9cc8c26-7ce7-4a25-9554-e6a2892176d7|Dimpact","doc_count":1}]},"ResultType":{"doc_count_error_upper_bound":0,"sum_other_doc_count":0,"buckets":[{"key":"document","doc_count":1},{"key":"publication","doc_count":1}]}}}'
    headers:
      Transfer-Encoding:
      - chunked
      X-elastic-product:
      - Elasticsearch
      content-type:
      - application/vnd.elasticsearch+json;compatible-with=8
    status:
      code: 200
      message: OK
version: 1
