interactions:
- request:
    body: '{"uuid":"6aac4fb2-d532-490b-bd6b-87b0257c0236","publicatie":"6f1a597c-740e-4e8f-b885-00401ff637a9","informatie_categorieen":[{"uuid":"d286f37f-ea3d-4122-86c0-84254cafd1d1","naam":"Source
      magazine."}],"publisher":{"uuid":"8c14f30f-992e-452d-9384-df89aa8da9c4","naam":"Webb
      Ltd"},"identifier":"identifier-13","officiele_titel":"Next put leave pressure.","verkorte_titel":"The.","omschrijving":"Act
      big force operation its run operation. Myself store draw involve cause. Long
      time draw how outside child.","creatiedatum":"2025-02-17","registratiedatum":"2024-02-11T10:00:00+00:00","laatst_gewijzigd_datum":"2025-02-07T10:12:28.611024"}'
    headers:
      accept:
      - application/vnd.elasticsearch+json; compatible-with=8
      connection:
      - keep-alive
      content-type:
      - application/vnd.elasticsearch+json; compatible-with=8
      user-agent:
      - elasticsearch-dsl-py/8.17.1
      x-elastic-client-meta:
      - es=8.17.1,py=3.12.8,t=8.17.0,ur=2.2.2
    method: PUT
    uri: http://localhost:9201/document/_doc/6aac4fb2-d532-490b-bd6b-87b0257c0236?refresh=wait_for
  response:
    body:
      string: '{"_index":"document","_id":"6aac4fb2-d532-490b-bd6b-87b0257c0236","_version":7,"result":"created","_shards":{"total":2,"successful":1,"failed":0},"_seq_no":24,"_primary_term":1}'
    headers:
      Location:
      - /document/_doc/6aac4fb2-d532-490b-bd6b-87b0257c0236
      X-elastic-product:
      - Elasticsearch
      content-length:
      - '177'
      content-type:
      - application/vnd.elasticsearch+json;compatible-with=8
    status:
      code: 201
      message: Created
- request:
    body: '{"uuid":"62fceb92-98bd-475c-b184-49ee8a274787","publicatie":"962873fe-d48c-42ab-9493-69342ba6d21f","informatie_categorieen":[{"uuid":"969c28c6-5cba-4e2a-825f-54d77da75bab","naam":"Run
      old draw lawyer."}],"publisher":{"uuid":"7b114752-6fa1-44ae-8cc6-0e414786dfb5","naam":"Skinner-Ramirez"},"identifier":"identifier-14","officiele_titel":"Manage
      least itself stay individual town outside.","verkorte_titel":"Serious source.","omschrijving":"Share
      bit drop standard walk join tell. Maybe bit church town story popular. Executive
      enter through watch.","creatiedatum":"2025-02-18","registratiedatum":"2022-12-10T18:00:00+00:00","laatst_gewijzigd_datum":"2025-02-06T13:00:18.042401"}'
    headers:
      accept:
      - application/vnd.elasticsearch+json; compatible-with=8
      connection:
      - keep-alive
      content-type:
      - application/vnd.elasticsearch+json; compatible-with=8
      user-agent:
      - elasticsearch-dsl-py/8.17.1
      x-elastic-client-meta:
      - es=8.17.1,py=3.12.8,t=8.17.0,ur=2.2.2
    method: PUT
    uri: http://localhost:9201/document/_doc/62fceb92-98bd-475c-b184-49ee8a274787?refresh=wait_for
  response:
    body:
      string: '{"_index":"document","_id":"62fceb92-98bd-475c-b184-49ee8a274787","_version":7,"result":"created","_shards":{"total":2,"successful":1,"failed":0},"_seq_no":25,"_primary_term":1}'
    headers:
      Location:
      - /document/_doc/62fceb92-98bd-475c-b184-49ee8a274787
      X-elastic-product:
      - Elasticsearch
      content-length:
      - '177'
      content-type:
      - application/vnd.elasticsearch+json;compatible-with=8
    status:
      code: 201
      message: Created
- request:
    body: '{"uuid":"ef1dead2-e0f8-45be-acf7-3583adc14906","publicatie":"0cd9c68b-946d-4ce1-ae7b-f739c29848f5","informatie_categorieen":[{"uuid":"c3d30c91-22dc-48f2-a135-1c98b2d7b85f","naam":"Various
      popular."}],"publisher":{"uuid":"46aeed33-06ed-432f-92f7-75a26a8238cd","naam":"Zuniga
      Group"},"identifier":"identifier-15","officiele_titel":"Evidence adult moment
      end television peace that we.","verkorte_titel":"Major free language.","omschrijving":"Century
      wide product before fight. Hot blue whatever speak room civil open rather. Discover
      do itself just brother drug. Understand cultural goal agreement.","creatiedatum":"2025-02-16","registratiedatum":"2025-01-14T21:12:00+00:00","laatst_gewijzigd_datum":"2025-02-09T11:42:29.575778"}'
    headers:
      accept:
      - application/vnd.elasticsearch+json; compatible-with=8
      connection:
      - keep-alive
      content-type:
      - application/vnd.elasticsearch+json; compatible-with=8
      user-agent:
      - elasticsearch-dsl-py/8.17.1
      x-elastic-client-meta:
      - es=8.17.1,py=3.12.8,t=8.17.0,ur=2.2.2
    method: PUT
    uri: http://localhost:9201/document/_doc/ef1dead2-e0f8-45be-acf7-3583adc14906?refresh=wait_for
  response:
    body:
      string: '{"_index":"document","_id":"ef1dead2-e0f8-45be-acf7-3583adc14906","_version":5,"result":"created","_shards":{"total":2,"successful":1,"failed":0},"_seq_no":26,"_primary_term":1}'
    headers:
      Location:
      - /document/_doc/ef1dead2-e0f8-45be-acf7-3583adc14906
      X-elastic-product:
      - Elasticsearch
      content-length:
      - '177'
      content-type:
      - application/vnd.elasticsearch+json;compatible-with=8
    status:
      code: 201
      message: Created
- request:
    body: '{"query":{"bool":{"filter":[{"range":{"registratiedatum":{"gte":"2024-01-01T00:00:00+01:00","lt":null}}}]}},"aggs":{"ResultType":{"terms":{"field":"_index"}},"Publisher":{"multi_terms":{"terms":[{"field":"publisher.uuid.keyword"},{"field":"publisher.naam.keyword"}]}},"InformationCategories":{"nested":{"path":"informatie_categorieen"},"aggs":{"Categories":{"multi_terms":{"terms":[{"field":"informatie_categorieen.uuid.keyword"},{"field":"informatie_categorieen.naam.keyword"}]}}}}},"sort":["_score",{"laatst_gewijzigd_datum":{"order":"desc"}}],"from":0,"size":10}'
    headers:
      accept:
      - application/vnd.elasticsearch+json; compatible-with=8
      connection:
      - keep-alive
      content-type:
      - application/vnd.elasticsearch+json; compatible-with=8
      user-agent:
      - elasticsearch-dsl-py/8.17.1
      x-elastic-client-meta:
      - es=8.17.1,py=3.12.8,t=8.17.0,ur=2.2.2
    method: POST
    uri: http://localhost:9201/publication,document/_search
  response:
    body:
      string: '{"took":9,"timed_out":false,"_shards":{"total":2,"successful":2,"skipped":0,"failed":0},"hits":{"total":{"value":2,"relation":"eq"},"max_score":null,"hits":[{"_index":"document","_id":"ef1dead2-e0f8-45be-acf7-3583adc14906","_score":0.0,"_source":{"uuid":"ef1dead2-e0f8-45be-acf7-3583adc14906","publicatie":"0cd9c68b-946d-4ce1-ae7b-f739c29848f5","informatie_categorieen":[{"uuid":"c3d30c91-22dc-48f2-a135-1c98b2d7b85f","naam":"Various
        popular."}],"publisher":{"uuid":"46aeed33-06ed-432f-92f7-75a26a8238cd","naam":"Zuniga
        Group"},"identifier":"identifier-15","officiele_titel":"Evidence adult moment
        end television peace that we.","verkorte_titel":"Major free language.","omschrijving":"Century
        wide product before fight. Hot blue whatever speak room civil open rather.
        Discover do itself just brother drug. Understand cultural goal agreement.","creatiedatum":"2025-02-16","registratiedatum":"2025-01-14T21:12:00+00:00","laatst_gewijzigd_datum":"2025-02-09T11:42:29.575778"},"sort":[0.0,1739101349575]},{"_index":"document","_id":"6aac4fb2-d532-490b-bd6b-87b0257c0236","_score":0.0,"_source":{"uuid":"6aac4fb2-d532-490b-bd6b-87b0257c0236","publicatie":"6f1a597c-740e-4e8f-b885-00401ff637a9","informatie_categorieen":[{"uuid":"d286f37f-ea3d-4122-86c0-84254cafd1d1","naam":"Source
        magazine."}],"publisher":{"uuid":"8c14f30f-992e-452d-9384-df89aa8da9c4","naam":"Webb
        Ltd"},"identifier":"identifier-13","officiele_titel":"Next put leave pressure.","verkorte_titel":"The.","omschrijving":"Act
        big force operation its run operation. Myself store draw involve cause. Long
        time draw how outside child.","creatiedatum":"2025-02-17","registratiedatum":"2024-02-11T10:00:00+00:00","laatst_gewijzigd_datum":"2025-02-07T10:12:28.611024"},"sort":[0.0,1738923148611]}]},"aggregations":{"InformationCategories":{"doc_count":2,"Categories":{"doc_count_error_upper_bound":0,"sum_other_doc_count":0,"buckets":[{"key":["c3d30c91-22dc-48f2-a135-1c98b2d7b85f","Various
        popular."],"key_as_string":"c3d30c91-22dc-48f2-a135-1c98b2d7b85f|Various popular.","doc_count":1},{"key":["d286f37f-ea3d-4122-86c0-84254cafd1d1","Source
        magazine."],"key_as_string":"d286f37f-ea3d-4122-86c0-84254cafd1d1|Source magazine.","doc_count":1}]}},"Publisher":{"doc_count_error_upper_bound":0,"sum_other_doc_count":0,"buckets":[{"key":["46aeed33-06ed-432f-92f7-75a26a8238cd","Zuniga
        Group"],"key_as_string":"46aeed33-06ed-432f-92f7-75a26a8238cd|Zuniga Group","doc_count":1},{"key":["8c14f30f-992e-452d-9384-df89aa8da9c4","Webb
        Ltd"],"key_as_string":"8c14f30f-992e-452d-9384-df89aa8da9c4|Webb Ltd","doc_count":1}]},"ResultType":{"doc_count_error_upper_bound":0,"sum_other_doc_count":0,"buckets":[{"key":"document","doc_count":2}]}}}'
    headers:
      Transfer-Encoding:
      - chunked
      X-elastic-product:
      - Elasticsearch
      content-type:
      - application/vnd.elasticsearch+json;compatible-with=8
    status:
      code: 200
      message: OK
- request:
    body: '{"query":{"bool":{"filter":[{"range":{"registratiedatum":{"gte":null,"lt":"2022-12-31T23:59:59.999999+01:00"}}}]}},"aggs":{"ResultType":{"terms":{"field":"_index"}},"Publisher":{"multi_terms":{"terms":[{"field":"publisher.uuid.keyword"},{"field":"publisher.naam.keyword"}]}},"InformationCategories":{"nested":{"path":"informatie_categorieen"},"aggs":{"Categories":{"multi_terms":{"terms":[{"field":"informatie_categorieen.uuid.keyword"},{"field":"informatie_categorieen.naam.keyword"}]}}}}},"sort":["_score",{"laatst_gewijzigd_datum":{"order":"desc"}}],"from":0,"size":10}'
    headers:
      accept:
      - application/vnd.elasticsearch+json; compatible-with=8
      connection:
      - keep-alive
      content-type:
      - application/vnd.elasticsearch+json; compatible-with=8
      user-agent:
      - elasticsearch-dsl-py/8.17.1
      x-elastic-client-meta:
      - es=8.17.1,py=3.12.8,t=8.17.0,ur=2.2.2
    method: POST
    uri: http://localhost:9201/publication,document/_search
  response:
    body:
      string: '{"took":7,"timed_out":false,"_shards":{"total":2,"successful":2,"skipped":0,"failed":0},"hits":{"total":{"value":1,"relation":"eq"},"max_score":null,"hits":[{"_index":"document","_id":"62fceb92-98bd-475c-b184-49ee8a274787","_score":0.0,"_source":{"uuid":"62fceb92-98bd-475c-b184-49ee8a274787","publicatie":"962873fe-d48c-42ab-9493-69342ba6d21f","informatie_categorieen":[{"uuid":"969c28c6-5cba-4e2a-825f-54d77da75bab","naam":"Run
        old draw lawyer."}],"publisher":{"uuid":"7b114752-6fa1-44ae-8cc6-0e414786dfb5","naam":"Skinner-Ramirez"},"identifier":"identifier-14","officiele_titel":"Manage
        least itself stay individual town outside.","verkorte_titel":"Serious source.","omschrijving":"Share
        bit drop standard walk join tell. Maybe bit church town story popular. Executive
        enter through watch.","creatiedatum":"2025-02-18","registratiedatum":"2022-12-10T18:00:00+00:00","laatst_gewijzigd_datum":"2025-02-06T13:00:18.042401"},"sort":[0.0,1738846818042]}]},"aggregations":{"InformationCategories":{"doc_count":1,"Categories":{"doc_count_error_upper_bound":0,"sum_other_doc_count":0,"buckets":[{"key":["969c28c6-5cba-4e2a-825f-54d77da75bab","Run
        old draw lawyer."],"key_as_string":"969c28c6-5cba-4e2a-825f-54d77da75bab|Run
        old draw lawyer.","doc_count":1}]}},"Publisher":{"doc_count_error_upper_bound":0,"sum_other_doc_count":0,"buckets":[{"key":["7b114752-6fa1-44ae-8cc6-0e414786dfb5","Skinner-Ramirez"],"key_as_string":"7b114752-6fa1-44ae-8cc6-0e414786dfb5|Skinner-Ramirez","doc_count":1}]},"ResultType":{"doc_count_error_upper_bound":0,"sum_other_doc_count":0,"buckets":[{"key":"document","doc_count":1}]}}}'
    headers:
      Transfer-Encoding:
      - chunked
      X-elastic-product:
      - Elasticsearch
      content-type:
      - application/vnd.elasticsearch+json;compatible-with=8
    status:
      code: 200
      message: OK
- request:
    body: '{"query":{"bool":{"filter":[{"range":{"registratiedatum":{"gte":"2024-01-01T00:00:00+01:00","lt":"2024-12-31T23:59:59.999999+01:00"}}}]}},"aggs":{"ResultType":{"terms":{"field":"_index"}},"Publisher":{"multi_terms":{"terms":[{"field":"publisher.uuid.keyword"},{"field":"publisher.naam.keyword"}]}},"InformationCategories":{"nested":{"path":"informatie_categorieen"},"aggs":{"Categories":{"multi_terms":{"terms":[{"field":"informatie_categorieen.uuid.keyword"},{"field":"informatie_categorieen.naam.keyword"}]}}}}},"sort":["_score",{"laatst_gewijzigd_datum":{"order":"desc"}}],"from":0,"size":10}'
    headers:
      accept:
      - application/vnd.elasticsearch+json; compatible-with=8
      connection:
      - keep-alive
      content-type:
      - application/vnd.elasticsearch+json; compatible-with=8
      user-agent:
      - elasticsearch-dsl-py/8.17.1
      x-elastic-client-meta:
      - es=8.17.1,py=3.12.8,t=8.17.0,ur=2.2.2
    method: POST
    uri: http://localhost:9201/publication,document/_search
  response:
    body:
      string: '{"took":9,"timed_out":false,"_shards":{"total":2,"successful":2,"skipped":0,"failed":0},"hits":{"total":{"value":1,"relation":"eq"},"max_score":null,"hits":[{"_index":"document","_id":"6aac4fb2-d532-490b-bd6b-87b0257c0236","_score":0.0,"_source":{"uuid":"6aac4fb2-d532-490b-bd6b-87b0257c0236","publicatie":"6f1a597c-740e-4e8f-b885-00401ff637a9","informatie_categorieen":[{"uuid":"d286f37f-ea3d-4122-86c0-84254cafd1d1","naam":"Source
        magazine."}],"publisher":{"uuid":"8c14f30f-992e-452d-9384-df89aa8da9c4","naam":"Webb
        Ltd"},"identifier":"identifier-13","officiele_titel":"Next put leave pressure.","verkorte_titel":"The.","omschrijving":"Act
        big force operation its run operation. Myself store draw involve cause. Long
        time draw how outside child.","creatiedatum":"2025-02-17","registratiedatum":"2024-02-11T10:00:00+00:00","laatst_gewijzigd_datum":"2025-02-07T10:12:28.611024"},"sort":[0.0,1738923148611]}]},"aggregations":{"InformationCategories":{"doc_count":1,"Categories":{"doc_count_error_upper_bound":0,"sum_other_doc_count":0,"buckets":[{"key":["d286f37f-ea3d-4122-86c0-84254cafd1d1","Source
        magazine."],"key_as_string":"d286f37f-ea3d-4122-86c0-84254cafd1d1|Source magazine.","doc_count":1}]}},"Publisher":{"doc_count_error_upper_bound":0,"sum_other_doc_count":0,"buckets":[{"key":["8c14f30f-992e-452d-9384-df89aa8da9c4","Webb
        Ltd"],"key_as_string":"8c14f30f-992e-452d-9384-df89aa8da9c4|Webb Ltd","doc_count":1}]},"ResultType":{"doc_count_error_upper_bound":0,"sum_other_doc_count":0,"buckets":[{"key":"document","doc_count":1}]}}}'
    headers:
      Transfer-Encoding:
      - chunked
      X-elastic-product:
      - Elasticsearch
      content-type:
      - application/vnd.elasticsearch+json;compatible-with=8
    status:
      code: 200
      message: OK
version: 1
