interactions:
- request:
    body: '{"uuid":"f34eca58-201c-4ee5-ae35-f89d88d58fb8","officiele_titel":"Measure
      single week agree of tax.","omschrijving":"Camera hit pass participant anyone.
      Role with present public. Young energy natural nothing act picture.","registratiedatum":"2025-04-17T06:32:26.920970","laatst_gewijzigd_datum":"2025-04-16T11:54:04.386704"}'
    headers:
      accept:
      - application/vnd.elasticsearch+json; compatible-with=8
      connection:
      - keep-alive
      content-type:
      - application/vnd.elasticsearch+json; compatible-with=8
      user-agent:
      - elasticsearch-dsl-py/8.17.1
      x-elastic-client-meta:
      - es=8.17.1,py=3.12.6,t=8.17.0,ur=2.2.2
    method: PUT
    uri: http://localhost:9201/topic/_doc/f34eca58-201c-4ee5-ae35-f89d88d58fb8?refresh=wait_for
  response:
    body:
      string: '{"_index":"topic","_id":"f34eca58-201c-4ee5-ae35-f89d88d58fb8","_version":5,"result":"created","_shards":{"total":2,"successful":1,"failed":0},"_seq_no":4,"_primary_term":1}'
    headers:
      Location:
      - /topic/_doc/f34eca58-201c-4ee5-ae35-f89d88d58fb8
      X-elastic-product:
      - Elasticsearch
      content-length:
      - '173'
      content-type:
      - application/vnd.elasticsearch+json;compatible-with=8
    status:
      code: 201
      message: Created
- request:
    body: '{"uuid":"f4e48aa2-8ea4-4e71-bb7b-99d1ee8ab8cf","publisher":{"uuid":"560c487b-3e46-44dc-9cee-340e55c79d03","naam":"Jones
      Group"},"informatie_categorieen":[{"uuid":"77db68ea-0e5e-4480-a4ee-be71bb2c4eb9","naam":"Near
      season travel."}],"onderwerpen":[{"uuid":"de662742-0c1d-427e-8b29-859d8be99356","officiele_titel":"Inspanning"}],"officiele_titel":"Character
      institution would study that beat.","verkorte_titel":"Only however.","omschrijving":"Strategy
      bed owner key. Where beyond side let long voice office.","registratiedatum":"2025-04-15T08:33:28.741217","laatst_gewijzigd_datum":"2025-04-10T06:01:18.548596"}'
    headers:
      accept:
      - application/vnd.elasticsearch+json; compatible-with=8
      connection:
      - keep-alive
      content-type:
      - application/vnd.elasticsearch+json; compatible-with=8
      user-agent:
      - elasticsearch-dsl-py/8.17.1
      x-elastic-client-meta:
      - es=8.17.1,py=3.12.6,t=8.17.0,ur=2.2.2
    method: PUT
    uri: http://localhost:9201/publication/_doc/f4e48aa2-8ea4-4e71-bb7b-99d1ee8ab8cf?refresh=wait_for
  response:
    body:
      string: '{"_index":"publication","_id":"f4e48aa2-8ea4-4e71-bb7b-99d1ee8ab8cf","_version":1,"result":"created","_shards":{"total":2,"successful":1,"failed":0},"_seq_no":28,"_primary_term":1}'
    headers:
      Location:
      - /publication/_doc/f4e48aa2-8ea4-4e71-bb7b-99d1ee8ab8cf
      X-elastic-product:
      - Elasticsearch
      content-length:
      - '180'
      content-type:
      - application/vnd.elasticsearch+json;compatible-with=8
    status:
      code: 201
      message: Created
- request:
    body: '{"uuid":"72ce9d8b-fb90-4f8b-bcf5-63fdabdd6945","publisher":{"uuid":"72c019a6-1900-4772-b7ae-d1cca66869c8","naam":"Salazar,
      Martinez and Bridges"},"informatie_categorieen":[{"uuid":"63cab8c3-eebb-4f48-b18d-99c4d8799443","naam":"Mr
      consider six."}],"onderwerpen":[{"uuid":"455a256b-f378-4f5a-9c1b-30be7f217617","officiele_titel":"GPP"}],"officiele_titel":"Left
      focus accept teacher just and could place.","verkorte_titel":"What time turn
      focus.","omschrijving":"Indicate image he want success. True manager actually
      vote own.","registratiedatum":"2025-04-14T02:52:22.330991","laatst_gewijzigd_datum":"2025-04-16T21:06:54.173837"}'
    headers:
      accept:
      - application/vnd.elasticsearch+json; compatible-with=8
      connection:
      - keep-alive
      content-type:
      - application/vnd.elasticsearch+json; compatible-with=8
      user-agent:
      - elasticsearch-dsl-py/8.17.1
      x-elastic-client-meta:
      - es=8.17.1,py=3.12.6,t=8.17.0,ur=2.2.2
    method: PUT
    uri: http://localhost:9201/publication/_doc/72ce9d8b-fb90-4f8b-bcf5-63fdabdd6945?refresh=wait_for
  response:
    body:
      string: '{"_index":"publication","_id":"72ce9d8b-fb90-4f8b-bcf5-63fdabdd6945","_version":1,"result":"created","_shards":{"total":2,"successful":1,"failed":0},"_seq_no":29,"_primary_term":1}'
    headers:
      Location:
      - /publication/_doc/72ce9d8b-fb90-4f8b-bcf5-63fdabdd6945
      X-elastic-product:
      - Elasticsearch
      content-length:
      - '180'
      content-type:
      - application/vnd.elasticsearch+json;compatible-with=8
    status:
      code: 201
      message: Created
- request:
    body: '{"uuid":"9dc857c5-ae9d-4524-8421-6c51d14105c7","publicatie":"e69cf980-4ca8-44cc-96df-2b62d44c1380","informatie_categorieen":[{"uuid":"8ba3959c-e2b2-4145-9d2a-9f7e53a587fd","naam":"The
      staff."}],"publisher":{"uuid":"abfb4bd0-ee34-42f4-994a-6354e47dd72a","naam":"Leon
      and Sons"},"identifier":"identifier-12","officiele_titel":"Age author discuss
      benefit.","verkorte_titel":"Several.","omschrijving":"Body current six message
      exist owner such college. Fight exactly seek.","creatiedatum":"2025-03-23","registratiedatum":"2025-04-15T15:34:10.362381","laatst_gewijzigd_datum":"2025-04-13T16:18:17.833970"}'
    headers:
      accept:
      - application/vnd.elasticsearch+json; compatible-with=8
      connection:
      - keep-alive
      content-type:
      - application/vnd.elasticsearch+json; compatible-with=8
      user-agent:
      - elasticsearch-dsl-py/8.17.1
      x-elastic-client-meta:
      - es=8.17.1,py=3.12.6,t=8.17.0,ur=2.2.2
    method: PUT
    uri: http://localhost:9201/document/_doc/9dc857c5-ae9d-4524-8421-6c51d14105c7?pipeline=document_attachment&refresh=wait_for
  response:
    body:
      string: '{"_index":"document","_id":"9dc857c5-ae9d-4524-8421-6c51d14105c7","_version":1,"result":"created","_shards":{"total":2,"successful":1,"failed":0},"_seq_no":20,"_primary_term":1}'
    headers:
      Location:
      - /document/_doc/9dc857c5-ae9d-4524-8421-6c51d14105c7
      X-elastic-product:
      - Elasticsearch
      content-length:
      - '177'
      content-type:
      - application/vnd.elasticsearch+json;compatible-with=8
    status:
      code: 201
      message: Created
- request:
    body: '{"query":{"function_score":{"functions":[{"gauss":{"registratiedatum":{"origin":"now","scale":"15d","offset":"7d","decay":0.5}}}],"query":{"match_all":{}},"score_mode":"multiply"}},"post_filter":{"nested":{"path":"onderwerpen","query":{"terms":{"onderwerpen.uuid.keyword":["1934d1db-b5c8-4521-97fe-a2ef969dd84e"]}}}},"aggs":{"ResultType":{"filter":{"nested":{"path":"onderwerpen","query":{"terms":{"onderwerpen.uuid.keyword":["1934d1db-b5c8-4521-97fe-a2ef969dd84e"]}}}},"aggs":{"FilteredResultType":{"terms":{"field":"_index"}}}},"Publisher":{"filter":{"nested":{"path":"onderwerpen","query":{"terms":{"onderwerpen.uuid.keyword":["1934d1db-b5c8-4521-97fe-a2ef969dd84e"]}}}},"aggs":{"FilteredPublisher":{"multi_terms":{"terms":[{"field":"publisher.uuid.keyword"},{"field":"publisher.naam.keyword"}]}}}},"InformationCategories":{"filter":{"nested":{"path":"onderwerpen","query":{"terms":{"onderwerpen.uuid.keyword":["1934d1db-b5c8-4521-97fe-a2ef969dd84e"]}}}},"aggs":{"Categories":{"nested":{"path":"informatie_categorieen"},"aggs":{"FilteredCategories":{"multi_terms":{"terms":[{"field":"informatie_categorieen.uuid.keyword"},{"field":"informatie_categorieen.naam.keyword"}]}}}}}},"Topics":{"filter":{"match_all":{}},"aggs":{"Topics":{"nested":{"path":"onderwerpen"},"aggs":{"FilteredTopics":{"multi_terms":{"terms":[{"field":"onderwerpen.uuid.keyword"},{"field":"onderwerpen.officiele_titel.keyword"}]}}}}}}},"sort":["_score",{"laatst_gewijzigd_datum":{"order":"desc"}}],"indices_boost":[{"topic":3.0},{"publication":2.0},{"document":1.0}],"from":0,"size":10}'
    headers:
      accept:
      - application/vnd.elasticsearch+json; compatible-with=8
      connection:
      - keep-alive
      content-type:
      - application/vnd.elasticsearch+json; compatible-with=8
      user-agent:
      - elasticsearch-dsl-py/8.17.1
      x-elastic-client-meta:
      - es=8.17.1,py=3.12.6,t=8.17.0,ur=2.2.2
    method: POST
    uri: http://localhost:9201/publication,document,topic/_search
  response:
    body:
      string: '{"took":2,"timed_out":false,"_shards":{"total":3,"successful":2,"skipped":0,"failed":1,"failures":[{"shard":0,"index":"topic","node":"fDdzcy_sSn2srfyteva2rw","reason":{"type":"query_shard_exception","reason":"failed
        to create query: [nested] failed to find nested object under path [onderwerpen]","index_uuid":"GOXQNaklTpGVHzTVpxXD6A","index":"topic","caused_by":{"type":"illegal_state_exception","reason":"[nested]
        failed to find nested object under path [onderwerpen]"}}}]},"hits":{"total":{"value":0,"relation":"eq"},"max_score":null,"hits":[]},"aggregations":{"InformationCategories":{"doc_count":0,"Categories":{"doc_count":0,"FilteredCategories":{"doc_count_error_upper_bound":0,"sum_other_doc_count":0,"buckets":[]}}},"Topics":{"doc_count":3,"Topics":{"doc_count":2,"FilteredTopics":{"doc_count_error_upper_bound":0,"sum_other_doc_count":0,"buckets":[{"key":["455a256b-f378-4f5a-9c1b-30be7f217617","GPP"],"key_as_string":"455a256b-f378-4f5a-9c1b-30be7f217617|GPP","doc_count":1},{"key":["de662742-0c1d-427e-8b29-859d8be99356","Inspanning"],"key_as_string":"de662742-0c1d-427e-8b29-859d8be99356|Inspanning","doc_count":1}]}}},"Publisher":{"doc_count":0,"FilteredPublisher":{"doc_count_error_upper_bound":0,"sum_other_doc_count":0,"buckets":[]}},"ResultType":{"doc_count":0,"FilteredResultType":{"doc_count_error_upper_bound":0,"sum_other_doc_count":0,"buckets":[]}}}}'
    headers:
      Transfer-Encoding:
      - chunked
      X-elastic-product:
      - Elasticsearch
      content-type:
      - application/vnd.elasticsearch+json;compatible-with=8
    status:
      code: 200
      message: OK
- request:
    body: '{"query":{"function_score":{"functions":[{"gauss":{"registratiedatum":{"origin":"now","scale":"15d","offset":"7d","decay":0.5}}}],"query":{"match_all":{}},"score_mode":"multiply"}},"post_filter":{"nested":{"path":"onderwerpen","query":{"terms":{"onderwerpen.uuid.keyword":["de662742-0c1d-427e-8b29-859d8be99356","455a256b-f378-4f5a-9c1b-30be7f217617"]}}}},"aggs":{"ResultType":{"filter":{"nested":{"path":"onderwerpen","query":{"terms":{"onderwerpen.uuid.keyword":["de662742-0c1d-427e-8b29-859d8be99356","455a256b-f378-4f5a-9c1b-30be7f217617"]}}}},"aggs":{"FilteredResultType":{"terms":{"field":"_index"}}}},"Publisher":{"filter":{"nested":{"path":"onderwerpen","query":{"terms":{"onderwerpen.uuid.keyword":["de662742-0c1d-427e-8b29-859d8be99356","455a256b-f378-4f5a-9c1b-30be7f217617"]}}}},"aggs":{"FilteredPublisher":{"multi_terms":{"terms":[{"field":"publisher.uuid.keyword"},{"field":"publisher.naam.keyword"}]}}}},"InformationCategories":{"filter":{"nested":{"path":"onderwerpen","query":{"terms":{"onderwerpen.uuid.keyword":["de662742-0c1d-427e-8b29-859d8be99356","455a256b-f378-4f5a-9c1b-30be7f217617"]}}}},"aggs":{"Categories":{"nested":{"path":"informatie_categorieen"},"aggs":{"FilteredCategories":{"multi_terms":{"terms":[{"field":"informatie_categorieen.uuid.keyword"},{"field":"informatie_categorieen.naam.keyword"}]}}}}}},"Topics":{"filter":{"match_all":{}},"aggs":{"Topics":{"nested":{"path":"onderwerpen"},"aggs":{"FilteredTopics":{"multi_terms":{"terms":[{"field":"onderwerpen.uuid.keyword"},{"field":"onderwerpen.officiele_titel.keyword"}]}}}}}}},"sort":["_score",{"laatst_gewijzigd_datum":{"order":"desc"}}],"indices_boost":[{"topic":3.0},{"publication":2.0},{"document":1.0}],"from":0,"size":10}'
    headers:
      accept:
      - application/vnd.elasticsearch+json; compatible-with=8
      connection:
      - keep-alive
      content-type:
      - application/vnd.elasticsearch+json; compatible-with=8
      user-agent:
      - elasticsearch-dsl-py/8.17.1
      x-elastic-client-meta:
      - es=8.17.1,py=3.12.6,t=8.17.0,ur=2.2.2
    method: POST
    uri: http://localhost:9201/publication,document,topic/_search
  response:
    body:
      string: '{"took":3,"timed_out":false,"_shards":{"total":3,"successful":2,"skipped":0,"failed":1,"failures":[{"shard":0,"index":"topic","node":"fDdzcy_sSn2srfyteva2rw","reason":{"type":"query_shard_exception","reason":"failed
        to create query: [nested] failed to find nested object under path [onderwerpen]","index_uuid":"GOXQNaklTpGVHzTVpxXD6A","index":"topic","caused_by":{"type":"illegal_state_exception","reason":"[nested]
        failed to find nested object under path [onderwerpen]"}}}]},"hits":{"total":{"value":2,"relation":"eq"},"max_score":null,"hits":[{"_index":"publication","_id":"72ce9d8b-fb90-4f8b-bcf5-63fdabdd6945","_score":2.0,"_source":{"uuid":"72ce9d8b-fb90-4f8b-bcf5-63fdabdd6945","publisher":{"uuid":"72c019a6-1900-4772-b7ae-d1cca66869c8","naam":"Salazar,
        Martinez and Bridges"},"informatie_categorieen":[{"uuid":"63cab8c3-eebb-4f48-b18d-99c4d8799443","naam":"Mr
        consider six."}],"onderwerpen":[{"uuid":"455a256b-f378-4f5a-9c1b-30be7f217617","officiele_titel":"GPP"}],"officiele_titel":"Left
        focus accept teacher just and could place.","verkorte_titel":"What time turn
        focus.","omschrijving":"Indicate image he want success. True manager actually
        vote own.","registratiedatum":"2025-04-14T02:52:22.330991","laatst_gewijzigd_datum":"2025-04-16T21:06:54.173837"},"sort":[2.0,1744837614173]},{"_index":"publication","_id":"f4e48aa2-8ea4-4e71-bb7b-99d1ee8ab8cf","_score":2.0,"_source":{"uuid":"f4e48aa2-8ea4-4e71-bb7b-99d1ee8ab8cf","publisher":{"uuid":"560c487b-3e46-44dc-9cee-340e55c79d03","naam":"Jones
        Group"},"informatie_categorieen":[{"uuid":"77db68ea-0e5e-4480-a4ee-be71bb2c4eb9","naam":"Near
        season travel."}],"onderwerpen":[{"uuid":"de662742-0c1d-427e-8b29-859d8be99356","officiele_titel":"Inspanning"}],"officiele_titel":"Character
        institution would study that beat.","verkorte_titel":"Only however.","omschrijving":"Strategy
        bed owner key. Where beyond side let long voice office.","registratiedatum":"2025-04-15T08:33:28.741217","laatst_gewijzigd_datum":"2025-04-10T06:01:18.548596"},"sort":[2.0,1744264878548]}]},"aggregations":{"InformationCategories":{"doc_count":2,"Categories":{"doc_count":2,"FilteredCategories":{"doc_count_error_upper_bound":0,"sum_other_doc_count":0,"buckets":[{"key":["63cab8c3-eebb-4f48-b18d-99c4d8799443","Mr
        consider six."],"key_as_string":"63cab8c3-eebb-4f48-b18d-99c4d8799443|Mr consider
        six.","doc_count":1},{"key":["77db68ea-0e5e-4480-a4ee-be71bb2c4eb9","Near
        season travel."],"key_as_string":"77db68ea-0e5e-4480-a4ee-be71bb2c4eb9|Near
        season travel.","doc_count":1}]}}},"Topics":{"doc_count":3,"Topics":{"doc_count":2,"FilteredTopics":{"doc_count_error_upper_bound":0,"sum_other_doc_count":0,"buckets":[{"key":["455a256b-f378-4f5a-9c1b-30be7f217617","GPP"],"key_as_string":"455a256b-f378-4f5a-9c1b-30be7f217617|GPP","doc_count":1},{"key":["de662742-0c1d-427e-8b29-859d8be99356","Inspanning"],"key_as_string":"de662742-0c1d-427e-8b29-859d8be99356|Inspanning","doc_count":1}]}}},"Publisher":{"doc_count":2,"FilteredPublisher":{"doc_count_error_upper_bound":0,"sum_other_doc_count":0,"buckets":[{"key":["560c487b-3e46-44dc-9cee-340e55c79d03","Jones
        Group"],"key_as_string":"560c487b-3e46-44dc-9cee-340e55c79d03|Jones Group","doc_count":1},{"key":["72c019a6-1900-4772-b7ae-d1cca66869c8","Salazar,
        Martinez and Bridges"],"key_as_string":"72c019a6-1900-4772-b7ae-d1cca66869c8|Salazar,
        Martinez and Bridges","doc_count":1}]}},"ResultType":{"doc_count":2,"FilteredResultType":{"doc_count_error_upper_bound":0,"sum_other_doc_count":0,"buckets":[{"key":"publication","doc_count":2}]}}}}'
    headers:
      Transfer-Encoding:
      - chunked
      X-elastic-product:
      - Elasticsearch
      content-type:
      - application/vnd.elasticsearch+json;compatible-with=8
    status:
      code: 200
      message: OK
- request:
    body: '{"query":{"function_score":{"functions":[{"gauss":{"registratiedatum":{"origin":"now","scale":"15d","offset":"7d","decay":0.5}}}],"query":{"match_all":{}},"score_mode":"multiply"}},"post_filter":{"nested":{"path":"onderwerpen","query":{"terms":{"onderwerpen.uuid.keyword":["455a256b-f378-4f5a-9c1b-30be7f217617"]}}}},"aggs":{"ResultType":{"filter":{"nested":{"path":"onderwerpen","query":{"terms":{"onderwerpen.uuid.keyword":["455a256b-f378-4f5a-9c1b-30be7f217617"]}}}},"aggs":{"FilteredResultType":{"terms":{"field":"_index"}}}},"Publisher":{"filter":{"nested":{"path":"onderwerpen","query":{"terms":{"onderwerpen.uuid.keyword":["455a256b-f378-4f5a-9c1b-30be7f217617"]}}}},"aggs":{"FilteredPublisher":{"multi_terms":{"terms":[{"field":"publisher.uuid.keyword"},{"field":"publisher.naam.keyword"}]}}}},"InformationCategories":{"filter":{"nested":{"path":"onderwerpen","query":{"terms":{"onderwerpen.uuid.keyword":["455a256b-f378-4f5a-9c1b-30be7f217617"]}}}},"aggs":{"Categories":{"nested":{"path":"informatie_categorieen"},"aggs":{"FilteredCategories":{"multi_terms":{"terms":[{"field":"informatie_categorieen.uuid.keyword"},{"field":"informatie_categorieen.naam.keyword"}]}}}}}},"Topics":{"filter":{"match_all":{}},"aggs":{"Topics":{"nested":{"path":"onderwerpen"},"aggs":{"FilteredTopics":{"multi_terms":{"terms":[{"field":"onderwerpen.uuid.keyword"},{"field":"onderwerpen.officiele_titel.keyword"}]}}}}}}},"sort":["_score",{"laatst_gewijzigd_datum":{"order":"desc"}}],"indices_boost":[{"topic":3.0},{"publication":2.0},{"document":1.0}],"from":0,"size":10}'
    headers:
      accept:
      - application/vnd.elasticsearch+json; compatible-with=8
      connection:
      - keep-alive
      content-type:
      - application/vnd.elasticsearch+json; compatible-with=8
      user-agent:
      - elasticsearch-dsl-py/8.17.1
      x-elastic-client-meta:
      - es=8.17.1,py=3.12.6,t=8.17.0,ur=2.2.2
    method: POST
    uri: http://localhost:9201/publication,document,topic/_search
  response:
    body:
      string: '{"took":3,"timed_out":false,"_shards":{"total":3,"successful":2,"skipped":0,"failed":1,"failures":[{"shard":0,"index":"topic","node":"fDdzcy_sSn2srfyteva2rw","reason":{"type":"query_shard_exception","reason":"failed
        to create query: [nested] failed to find nested object under path [onderwerpen]","index_uuid":"GOXQNaklTpGVHzTVpxXD6A","index":"topic","caused_by":{"type":"illegal_state_exception","reason":"[nested]
        failed to find nested object under path [onderwerpen]"}}}]},"hits":{"total":{"value":1,"relation":"eq"},"max_score":null,"hits":[{"_index":"publication","_id":"72ce9d8b-fb90-4f8b-bcf5-63fdabdd6945","_score":2.0,"_source":{"uuid":"72ce9d8b-fb90-4f8b-bcf5-63fdabdd6945","publisher":{"uuid":"72c019a6-1900-4772-b7ae-d1cca66869c8","naam":"Salazar,
        Martinez and Bridges"},"informatie_categorieen":[{"uuid":"63cab8c3-eebb-4f48-b18d-99c4d8799443","naam":"Mr
        consider six."}],"onderwerpen":[{"uuid":"455a256b-f378-4f5a-9c1b-30be7f217617","officiele_titel":"GPP"}],"officiele_titel":"Left
        focus accept teacher just and could place.","verkorte_titel":"What time turn
        focus.","omschrijving":"Indicate image he want success. True manager actually
        vote own.","registratiedatum":"2025-04-14T02:52:22.330991","laatst_gewijzigd_datum":"2025-04-16T21:06:54.173837"},"sort":[2.0,1744837614173]}]},"aggregations":{"InformationCategories":{"doc_count":1,"Categories":{"doc_count":1,"FilteredCategories":{"doc_count_error_upper_bound":0,"sum_other_doc_count":0,"buckets":[{"key":["63cab8c3-eebb-4f48-b18d-99c4d8799443","Mr
        consider six."],"key_as_string":"63cab8c3-eebb-4f48-b18d-99c4d8799443|Mr consider
        six.","doc_count":1}]}}},"Topics":{"doc_count":3,"Topics":{"doc_count":2,"FilteredTopics":{"doc_count_error_upper_bound":0,"sum_other_doc_count":0,"buckets":[{"key":["455a256b-f378-4f5a-9c1b-30be7f217617","GPP"],"key_as_string":"455a256b-f378-4f5a-9c1b-30be7f217617|GPP","doc_count":1},{"key":["de662742-0c1d-427e-8b29-859d8be99356","Inspanning"],"key_as_string":"de662742-0c1d-427e-8b29-859d8be99356|Inspanning","doc_count":1}]}}},"Publisher":{"doc_count":1,"FilteredPublisher":{"doc_count_error_upper_bound":0,"sum_other_doc_count":0,"buckets":[{"key":["72c019a6-1900-4772-b7ae-d1cca66869c8","Salazar,
        Martinez and Bridges"],"key_as_string":"72c019a6-1900-4772-b7ae-d1cca66869c8|Salazar,
        Martinez and Bridges","doc_count":1}]}},"ResultType":{"doc_count":1,"FilteredResultType":{"doc_count_error_upper_bound":0,"sum_other_doc_count":0,"buckets":[{"key":"publication","doc_count":1}]}}}}'
    headers:
      Transfer-Encoding:
      - chunked
      X-elastic-product:
      - Elasticsearch
      content-type:
      - application/vnd.elasticsearch+json;compatible-with=8
    status:
      code: 200
      message: OK
version: 1
