interactions:
- request:
    body: '{"uuid":"dd3b8be0-e461-498a-9a18-0f5fc8adc956","publisher":{"uuid":"f9cc8c26-7ce7-4a25-9554-e6a2892176d7","naam":"Dimpact"},"informatie_categorieen":[{"uuid":"c9001845-aef0-4150-bbf0-a5f5c096e603","naam":"Inspanningsverplichting"}],"onderwerpen":[{"uuid":"ccdaef6a-cf4b-4749-84a0-888afc8c495b","officiele_titel":"Inspanning"}],"officiele_titel":"Baby
      offer benefit lot front.","verkorte_titel":"Director wear step official.","omschrijving":"Bank
      star find follow. Relate not four mission.","registratiedatum":"2025-03-30T19:39:24.990963","laatst_gewijzigd_datum":"2025-03-17T22:17:54.400864"}'
    headers:
      accept:
      - application/vnd.elasticsearch+json; compatible-with=8
      connection:
      - keep-alive
      content-type:
      - application/vnd.elasticsearch+json; compatible-with=8
      user-agent:
      - elasticsearch-dsl-py/8.17.1
      x-elastic-client-meta:
      - es=8.17.1,py=3.12.6,t=8.17.0,ur=2.2.2
    method: PUT
    uri: http://localhost:9201/publication/_doc/dd3b8be0-e461-498a-9a18-0f5fc8adc956?refresh=wait_for
  response:
    body:
      string: '{"_index":"publication","_id":"dd3b8be0-e461-498a-9a18-0f5fc8adc956","_version":1,"result":"created","_shards":{"total":2,"successful":1,"failed":0},"_seq_no":0,"_primary_term":1}'
    headers:
      Location:
      - /publication/_doc/dd3b8be0-e461-498a-9a18-0f5fc8adc956
      X-elastic-product:
      - Elasticsearch
      content-length:
      - '179'
      content-type:
      - application/vnd.elasticsearch+json;compatible-with=8
    status:
      code: 201
      message: Created
- request:
    body: '{"uuid":"7246ea5d-72c7-4ab5-ae71-cc52cad67c62","publisher":{"uuid":"f9cc8c26-7ce7-4a25-9554-e6a2892176d7","naam":"Dimpact"},"informatie_categorieen":[{"uuid":"70aa62cf-f404-47c6-92a5-78cb40cedc41","naam":"WOO"}],"onderwerpen":[{"uuid":"d80502e9-467a-44c2-94fa-e26d5bb1fa12","officiele_titel":"GPP"}],"officiele_titel":"Either
      stage song near.","verkorte_titel":"Easy candidate over.","omschrijving":"For
      rise term. School when upon usually three. Wrong newspaper cost admit court.","registratiedatum":"2025-03-30T02:05:29.374110","laatst_gewijzigd_datum":"2025-03-07T15:58:40.970745"}'
    headers:
      accept:
      - application/vnd.elasticsearch+json; compatible-with=8
      connection:
      - keep-alive
      content-type:
      - application/vnd.elasticsearch+json; compatible-with=8
      user-agent:
      - elasticsearch-dsl-py/8.17.1
      x-elastic-client-meta:
      - es=8.17.1,py=3.12.6,t=8.17.0,ur=2.2.2
    method: PUT
    uri: http://localhost:9201/publication/_doc/7246ea5d-72c7-4ab5-ae71-cc52cad67c62?refresh=wait_for
  response:
    body:
      string: '{"_index":"publication","_id":"7246ea5d-72c7-4ab5-ae71-cc52cad67c62","_version":1,"result":"created","_shards":{"total":2,"successful":1,"failed":0},"_seq_no":1,"_primary_term":1}'
    headers:
      Location:
      - /publication/_doc/7246ea5d-72c7-4ab5-ae71-cc52cad67c62
      X-elastic-product:
      - Elasticsearch
      content-length:
      - '179'
      content-type:
      - application/vnd.elasticsearch+json;compatible-with=8
    status:
      code: 201
      message: Created
- request:
    body: '{"uuid":"a73d00a0-2d01-4fcf-8b9e-e8cb9e2c81b2","publisher":{"uuid":"e0eb40f7-eacb-45dc-973a-2e8480f49b76","naam":"Maycatt"},"informatie_categorieen":[{"uuid":"c9001845-aef0-4150-bbf0-a5f5c096e603","naam":"Inspanningsverplichting"}],"onderwerpen":[{"uuid":"d80502e9-467a-44c2-94fa-e26d5bb1fa12","officiele_titel":"GPP"}],"officiele_titel":"Result
      suffer night develop develop tell.","verkorte_titel":"Under study mind fill.","omschrijving":"Provide
      speak world paper evidence writer man. Center move machine nothing pull wonder.
      Theory turn her lot treat.","registratiedatum":"2025-04-01T09:31:33.187582","laatst_gewijzigd_datum":"2025-04-02T10:43:19.623903"}'
    headers:
      accept:
      - application/vnd.elasticsearch+json; compatible-with=8
      connection:
      - keep-alive
      content-type:
      - application/vnd.elasticsearch+json; compatible-with=8
      user-agent:
      - elasticsearch-dsl-py/8.17.1
      x-elastic-client-meta:
      - es=8.17.1,py=3.12.6,t=8.17.0,ur=2.2.2
    method: PUT
    uri: http://localhost:9201/publication/_doc/a73d00a0-2d01-4fcf-8b9e-e8cb9e2c81b2?refresh=wait_for
  response:
    body:
      string: '{"_index":"publication","_id":"a73d00a0-2d01-4fcf-8b9e-e8cb9e2c81b2","_version":1,"result":"created","_shards":{"total":2,"successful":1,"failed":0},"_seq_no":2,"_primary_term":1}'
    headers:
      Location:
      - /publication/_doc/a73d00a0-2d01-4fcf-8b9e-e8cb9e2c81b2
      X-elastic-product:
      - Elasticsearch
      content-length:
      - '179'
      content-type:
      - application/vnd.elasticsearch+json;compatible-with=8
    status:
      code: 201
      message: Created
- request:
    body: '{"uuid":"fd779365-250f-4f1c-9de6-0c308a1f9093","publisher":{"uuid":"e0eb40f7-eacb-45dc-973a-2e8480f49b76","naam":"Maycatt"},"informatie_categorieen":[{"uuid":"70aa62cf-f404-47c6-92a5-78cb40cedc41","naam":"WOO"}],"onderwerpen":[{"uuid":"ccdaef6a-cf4b-4749-84a0-888afc8c495b","officiele_titel":"Inspanning"}],"officiele_titel":"Major
      billion enough sea.","verkorte_titel":"Entire born western.","omschrijving":"Outside
      staff fall lot pressure serve factor. Like each myself seven voice.","registratiedatum":"2025-04-03T09:06:00.029448","laatst_gewijzigd_datum":"2025-04-03T11:18:05.157685"}'
    headers:
      accept:
      - application/vnd.elasticsearch+json; compatible-with=8
      connection:
      - keep-alive
      content-type:
      - application/vnd.elasticsearch+json; compatible-with=8
      user-agent:
      - elasticsearch-dsl-py/8.17.1
      x-elastic-client-meta:
      - es=8.17.1,py=3.12.6,t=8.17.0,ur=2.2.2
    method: PUT
    uri: http://localhost:9201/publication/_doc/fd779365-250f-4f1c-9de6-0c308a1f9093?refresh=wait_for
  response:
    body:
      string: '{"_index":"publication","_id":"fd779365-250f-4f1c-9de6-0c308a1f9093","_version":1,"result":"created","_shards":{"total":2,"successful":1,"failed":0},"_seq_no":3,"_primary_term":1}'
    headers:
      Location:
      - /publication/_doc/fd779365-250f-4f1c-9de6-0c308a1f9093
      X-elastic-product:
      - Elasticsearch
      content-length:
      - '179'
      content-type:
      - application/vnd.elasticsearch+json;compatible-with=8
    status:
      code: 201
      message: Created
- request:
    body: '{"uuid":"8bca9140-81f6-46f0-823a-31184e10ff66","publicatie":"65b80488-594c-482d-b9cb-da262b8985c1","informatie_categorieen":[{"uuid":"c9001845-aef0-4150-bbf0-a5f5c096e603","naam":"Inspanningsverplichting"}],"publisher":{"uuid":"f9cc8c26-7ce7-4a25-9554-e6a2892176d7","naam":"Dimpact"},"identifier":"identifier-0","officiele_titel":"Gas
      standard get whether.","verkorte_titel":"Remain even before movie.","omschrijving":"Difference
      drive see. Close truth hold there employee hope. Response close purpose relate
      opportunity energy often. Already baby cold year do less season.","creatiedatum":"2025-03-14","registratiedatum":"2025-04-02T14:16:36.847882","laatst_gewijzigd_datum":"2025-03-10T23:08:05.568017"}'
    headers:
      accept:
      - application/vnd.elasticsearch+json; compatible-with=8
      connection:
      - keep-alive
      content-type:
      - application/vnd.elasticsearch+json; compatible-with=8
      user-agent:
      - elasticsearch-dsl-py/8.17.1
      x-elastic-client-meta:
      - es=8.17.1,py=3.12.6,t=8.17.0,ur=2.2.2
    method: PUT
    uri: http://localhost:9201/document/_doc/8bca9140-81f6-46f0-823a-31184e10ff66?pipeline=document_attachment&refresh=wait_for
  response:
    body:
      string: '{"_index":"document","_id":"8bca9140-81f6-46f0-823a-31184e10ff66","_version":1,"result":"created","_shards":{"total":2,"successful":1,"failed":0},"_seq_no":0,"_primary_term":1}'
    headers:
      Location:
      - /document/_doc/8bca9140-81f6-46f0-823a-31184e10ff66
      X-elastic-product:
      - Elasticsearch
      content-length:
      - '176'
      content-type:
      - application/vnd.elasticsearch+json;compatible-with=8
    status:
      code: 201
      message: Created
- request:
    body: '{"uuid":"0ea8b96e-cca5-45df-9797-abf9cfef3ed6","publicatie":"8e25d347-0d7d-4c21-8070-e968264fa750","informatie_categorieen":[{"uuid":"70aa62cf-f404-47c6-92a5-78cb40cedc41","naam":"WOO"}],"publisher":{"uuid":"f9cc8c26-7ce7-4a25-9554-e6a2892176d7","naam":"Dimpact"},"identifier":"identifier-1","officiele_titel":"Of
      because Republican various small understand.","verkorte_titel":"Since.","omschrijving":"Ability
      great in be education she. Everything very water organization official fast.
      Establish member dinner unit.","creatiedatum":"2025-03-31","registratiedatum":"2025-04-02T22:39:52.348178","laatst_gewijzigd_datum":"2025-03-23T14:36:25.833103"}'
    headers:
      accept:
      - application/vnd.elasticsearch+json; compatible-with=8
      connection:
      - keep-alive
      content-type:
      - application/vnd.elasticsearch+json; compatible-with=8
      user-agent:
      - elasticsearch-dsl-py/8.17.1
      x-elastic-client-meta:
      - es=8.17.1,py=3.12.6,t=8.17.0,ur=2.2.2
    method: PUT
    uri: http://localhost:9201/document/_doc/0ea8b96e-cca5-45df-9797-abf9cfef3ed6?pipeline=document_attachment&refresh=wait_for
  response:
    body:
      string: '{"_index":"document","_id":"0ea8b96e-cca5-45df-9797-abf9cfef3ed6","_version":1,"result":"created","_shards":{"total":2,"successful":1,"failed":0},"_seq_no":1,"_primary_term":1}'
    headers:
      Location:
      - /document/_doc/0ea8b96e-cca5-45df-9797-abf9cfef3ed6
      X-elastic-product:
      - Elasticsearch
      content-length:
      - '176'
      content-type:
      - application/vnd.elasticsearch+json;compatible-with=8
    status:
      code: 201
      message: Created
- request:
    body: '{"uuid":"23a6663d-3dfd-4ffd-9179-855eb7d5f26d","publicatie":"97b2dab5-47d3-4933-b97e-e19702f1b3d9","informatie_categorieen":[{"uuid":"c9001845-aef0-4150-bbf0-a5f5c096e603","naam":"Inspanningsverplichting"}],"publisher":{"uuid":"e0eb40f7-eacb-45dc-973a-2e8480f49b76","naam":"Maycatt"},"identifier":"identifier-2","officiele_titel":"There
      score red development where impact Mr.","verkorte_titel":"Student at.","omschrijving":"Meeting
      body hot our. Ground product natural. Area side produce tonight eat.","creatiedatum":"2025-04-01","registratiedatum":"2025-03-30T13:57:17.282368","laatst_gewijzigd_datum":"2025-03-19T21:07:48.868612"}'
    headers:
      accept:
      - application/vnd.elasticsearch+json; compatible-with=8
      connection:
      - keep-alive
      content-type:
      - application/vnd.elasticsearch+json; compatible-with=8
      user-agent:
      - elasticsearch-dsl-py/8.17.1
      x-elastic-client-meta:
      - es=8.17.1,py=3.12.6,t=8.17.0,ur=2.2.2
    method: PUT
    uri: http://localhost:9201/document/_doc/23a6663d-3dfd-4ffd-9179-855eb7d5f26d?pipeline=document_attachment&refresh=wait_for
  response:
    body:
      string: '{"_index":"document","_id":"23a6663d-3dfd-4ffd-9179-855eb7d5f26d","_version":1,"result":"created","_shards":{"total":2,"successful":1,"failed":0},"_seq_no":2,"_primary_term":1}'
    headers:
      Location:
      - /document/_doc/23a6663d-3dfd-4ffd-9179-855eb7d5f26d
      X-elastic-product:
      - Elasticsearch
      content-length:
      - '176'
      content-type:
      - application/vnd.elasticsearch+json;compatible-with=8
    status:
      code: 201
      message: Created
- request:
    body: '{"uuid":"56a2576a-519a-4c53-8507-966a971a6e51","publicatie":"b9aa135e-c7a8-4018-979c-fdaaa9dbf472","informatie_categorieen":[{"uuid":"70aa62cf-f404-47c6-92a5-78cb40cedc41","naam":"WOO"}],"publisher":{"uuid":"e0eb40f7-eacb-45dc-973a-2e8480f49b76","naam":"Maycatt"},"identifier":"identifier-3","officiele_titel":"Imagine
      room outside magazine change include crime left.","verkorte_titel":"Push.","omschrijving":"Republican
      impact property. Data table themselves house son fight college.","creatiedatum":"2025-03-09","registratiedatum":"2025-04-03T01:16:04.862139","laatst_gewijzigd_datum":"2025-03-26T18:55:27.406517"}'
    headers:
      accept:
      - application/vnd.elasticsearch+json; compatible-with=8
      connection:
      - keep-alive
      content-type:
      - application/vnd.elasticsearch+json; compatible-with=8
      user-agent:
      - elasticsearch-dsl-py/8.17.1
      x-elastic-client-meta:
      - es=8.17.1,py=3.12.6,t=8.17.0,ur=2.2.2
    method: PUT
    uri: http://localhost:9201/document/_doc/56a2576a-519a-4c53-8507-966a971a6e51?pipeline=document_attachment&refresh=wait_for
  response:
    body:
      string: '{"_index":"document","_id":"56a2576a-519a-4c53-8507-966a971a6e51","_version":1,"result":"created","_shards":{"total":2,"successful":1,"failed":0},"_seq_no":3,"_primary_term":1}'
    headers:
      Location:
      - /document/_doc/56a2576a-519a-4c53-8507-966a971a6e51
      X-elastic-product:
      - Elasticsearch
      content-length:
      - '176'
      content-type:
      - application/vnd.elasticsearch+json;compatible-with=8
    status:
      code: 201
      message: Created
- request:
    body: '{"query":{"function_score":{"functions":[{"gauss":{"registratiedatum":{"origin":"now","scale":"15d","offset":"7d","decay":0.5}}}],"query":{"match_all":{}},"score_mode":"multiply"}},"post_filter":{"bool":{"must":[{"terms":{"_index":["publication"]}},{"terms":{"publisher.uuid.keyword":["f9cc8c26-7ce7-4a25-9554-e6a2892176d7"]}},{"nested":{"path":"informatie_categorieen","query":{"terms":{"informatie_categorieen.uuid.keyword":["c9001845-aef0-4150-bbf0-a5f5c096e603"]}}}}]}},"aggs":{"ResultType":{"filter":{"bool":{"must":[{"nested":{"path":"informatie_categorieen","query":{"terms":{"informatie_categorieen.uuid.keyword":["c9001845-aef0-4150-bbf0-a5f5c096e603"]}}}},{"terms":{"publisher.uuid.keyword":["f9cc8c26-7ce7-4a25-9554-e6a2892176d7"]}}]}},"aggs":{"FilteredResultType":{"terms":{"field":"_index"}}}},"Publisher":{"filter":{"bool":{"must":[{"nested":{"path":"informatie_categorieen","query":{"terms":{"informatie_categorieen.uuid.keyword":["c9001845-aef0-4150-bbf0-a5f5c096e603"]}}}},{"terms":{"_index":["publication"]}}]}},"aggs":{"FilteredPublisher":{"multi_terms":{"terms":[{"field":"publisher.uuid.keyword"},{"field":"publisher.naam.keyword"}]}}}},"InformationCategories":{"filter":{"bool":{"must":[{"terms":{"publisher.uuid.keyword":["f9cc8c26-7ce7-4a25-9554-e6a2892176d7"]}},{"terms":{"_index":["publication"]}}]}},"aggs":{"Categories":{"nested":{"path":"informatie_categorieen"},"aggs":{"FilteredCategories":{"multi_terms":{"terms":[{"field":"informatie_categorieen.uuid.keyword"},{"field":"informatie_categorieen.naam.keyword"}]}}}}}},"Topics":{"filter":{"bool":{"must":[{"nested":{"path":"informatie_categorieen","query":{"terms":{"informatie_categorieen.uuid.keyword":["c9001845-aef0-4150-bbf0-a5f5c096e603"]}}}},{"terms":{"publisher.uuid.keyword":["f9cc8c26-7ce7-4a25-9554-e6a2892176d7"]}},{"terms":{"_index":["publication"]}}]}},"aggs":{"Topics":{"nested":{"path":"onderwerpen"},"aggs":{"FilteredTopics":{"multi_terms":{"terms":[{"field":"onderwerpen.uuid.keyword"},{"field":"onderwerpen.officiele_titel.keyword"}]}}}}}}},"sort":["_score",{"laatst_gewijzigd_datum":{"order":"desc"}}],"indices_boost":[{"publication":2.0},{"document":1.0}],"from":0,"size":10}'
    headers:
      accept:
      - application/vnd.elasticsearch+json; compatible-with=8
      connection:
      - keep-alive
      content-type:
      - application/vnd.elasticsearch+json; compatible-with=8
      user-agent:
      - elasticsearch-dsl-py/8.17.1
      x-elastic-client-meta:
      - es=8.17.1,py=3.12.6,t=8.17.0,ur=2.2.2
    method: POST
    uri: http://localhost:9201/publication,document/_search
  response:
    body:
      string: '{"took":4,"timed_out":false,"_shards":{"total":2,"successful":2,"skipped":0,"failed":0},"hits":{"total":{"value":1,"relation":"eq"},"max_score":null,"hits":[{"_index":"publication","_id":"dd3b8be0-e461-498a-9a18-0f5fc8adc956","_score":2.0,"_source":{"uuid":"dd3b8be0-e461-498a-9a18-0f5fc8adc956","publisher":{"uuid":"f9cc8c26-7ce7-4a25-9554-e6a2892176d7","naam":"Dimpact"},"informatie_categorieen":[{"uuid":"c9001845-aef0-4150-bbf0-a5f5c096e603","naam":"Inspanningsverplichting"}],"onderwerpen":[{"uuid":"ccdaef6a-cf4b-4749-84a0-888afc8c495b","officiele_titel":"Inspanning"}],"officiele_titel":"Baby
        offer benefit lot front.","verkorte_titel":"Director wear step official.","omschrijving":"Bank
        star find follow. Relate not four mission.","registratiedatum":"2025-03-30T19:39:24.990963","laatst_gewijzigd_datum":"2025-03-17T22:17:54.400864"},"sort":[2.0,1742249874400]}]},"aggregations":{"InformationCategories":{"doc_count":2,"Categories":{"doc_count":2,"FilteredCategories":{"doc_count_error_upper_bound":0,"sum_other_doc_count":0,"buckets":[{"key":["70aa62cf-f404-47c6-92a5-78cb40cedc41","WOO"],"key_as_string":"70aa62cf-f404-47c6-92a5-78cb40cedc41|WOO","doc_count":1},{"key":["c9001845-aef0-4150-bbf0-a5f5c096e603","Inspanningsverplichting"],"key_as_string":"c9001845-aef0-4150-bbf0-a5f5c096e603|Inspanningsverplichting","doc_count":1}]}}},"Topics":{"doc_count":1,"Topics":{"doc_count":1,"FilteredTopics":{"doc_count_error_upper_bound":0,"sum_other_doc_count":0,"buckets":[{"key":["ccdaef6a-cf4b-4749-84a0-888afc8c495b","Inspanning"],"key_as_string":"ccdaef6a-cf4b-4749-84a0-888afc8c495b|Inspanning","doc_count":1}]}}},"Publisher":{"doc_count":2,"FilteredPublisher":{"doc_count_error_upper_bound":0,"sum_other_doc_count":0,"buckets":[{"key":["e0eb40f7-eacb-45dc-973a-2e8480f49b76","Maycatt"],"key_as_string":"e0eb40f7-eacb-45dc-973a-2e8480f49b76|Maycatt","doc_count":1},{"key":["f9cc8c26-7ce7-4a25-9554-e6a2892176d7","Dimpact"],"key_as_string":"f9cc8c26-7ce7-4a25-9554-e6a2892176d7|Dimpact","doc_count":1}]}},"ResultType":{"doc_count":2,"FilteredResultType":{"doc_count_error_upper_bound":0,"sum_other_doc_count":0,"buckets":[{"key":"document","doc_count":1},{"key":"publication","doc_count":1}]}}}}'
    headers:
      Transfer-Encoding:
      - chunked
      X-elastic-product:
      - Elasticsearch
      content-type:
      - application/vnd.elasticsearch+json;compatible-with=8
    status:
      code: 200
      message: OK
- request:
    body: '{"uuid":"dd3b8be0-e461-498a-9a18-0f5fc8adc956","publisher":{"uuid":"f9cc8c26-7ce7-4a25-9554-e6a2892176d7","naam":"Dimpact"},"informatie_categorieen":[{"uuid":"c9001845-aef0-4150-bbf0-a5f5c096e603","naam":"Inspanningsverplichting"}],"onderwerpen":[{"uuid":"ccdaef6a-cf4b-4749-84a0-888afc8c495b","officiele_titel":"Inspanning"}],"officiele_titel":"Need
      power difficult religious.","verkorte_titel":"Set man system.","omschrijving":"Fear
      especially black project build ten. Sister remember authority near cover detail
      like. Republican sort capital dark account dinner of.","registratiedatum":"2025-04-03T02:52:39.100925","laatst_gewijzigd_datum":"2025-03-12T18:13:09.456054"}'
    headers:
      accept:
      - application/vnd.elasticsearch+json; compatible-with=8
      connection:
      - keep-alive
      content-type:
      - application/vnd.elasticsearch+json; compatible-with=8
      user-agent:
      - elasticsearch-dsl-py/8.17.1
      x-elastic-client-meta:
      - es=8.17.1,py=3.12.6,t=8.17.0,ur=2.2.2
    method: PUT
    uri: http://localhost:9201/publication/_doc/dd3b8be0-e461-498a-9a18-0f5fc8adc956?refresh=wait_for
  response:
    body:
      string: '{"_index":"publication","_id":"dd3b8be0-e461-498a-9a18-0f5fc8adc956","_version":1,"result":"created","_shards":{"total":2,"successful":1,"failed":0},"_seq_no":0,"_primary_term":1}'
    headers:
      Location:
      - /publication/_doc/dd3b8be0-e461-498a-9a18-0f5fc8adc956
      X-elastic-product:
      - Elasticsearch
      content-length:
      - '179'
      content-type:
      - application/vnd.elasticsearch+json;compatible-with=8
    status:
      code: 201
      message: Created
- request:
    body: '{"uuid":"7246ea5d-72c7-4ab5-ae71-cc52cad67c62","publisher":{"uuid":"f9cc8c26-7ce7-4a25-9554-e6a2892176d7","naam":"Dimpact"},"informatie_categorieen":[{"uuid":"70aa62cf-f404-47c6-92a5-78cb40cedc41","naam":"WOO"}],"onderwerpen":[{"uuid":"d80502e9-467a-44c2-94fa-e26d5bb1fa12","officiele_titel":"GPP"}],"officiele_titel":"Level
      identify sometimes station food against could.","verkorte_titel":"Expect own
      institution customer.","omschrijving":"Let behind create ground. Several various
      herself while action. Them foreign news bill near we leader.","registratiedatum":"2025-04-01T13:31:30.509817","laatst_gewijzigd_datum":"2025-03-31T20:47:12.229179"}'
    headers:
      accept:
      - application/vnd.elasticsearch+json; compatible-with=8
      connection:
      - keep-alive
      content-type:
      - application/vnd.elasticsearch+json; compatible-with=8
      user-agent:
      - elasticsearch-dsl-py/8.17.1
      x-elastic-client-meta:
      - es=8.17.1,py=3.12.6,t=8.17.0,ur=2.2.2
    method: PUT
    uri: http://localhost:9201/publication/_doc/7246ea5d-72c7-4ab5-ae71-cc52cad67c62?refresh=wait_for
  response:
    body:
      string: '{"_index":"publication","_id":"7246ea5d-72c7-4ab5-ae71-cc52cad67c62","_version":1,"result":"created","_shards":{"total":2,"successful":1,"failed":0},"_seq_no":1,"_primary_term":1}'
    headers:
      Location:
      - /publication/_doc/7246ea5d-72c7-4ab5-ae71-cc52cad67c62
      X-elastic-product:
      - Elasticsearch
      content-length:
      - '179'
      content-type:
      - application/vnd.elasticsearch+json;compatible-with=8
    status:
      code: 201
      message: Created
- request:
    body: '{"uuid":"a73d00a0-2d01-4fcf-8b9e-e8cb9e2c81b2","publisher":{"uuid":"e0eb40f7-eacb-45dc-973a-2e8480f49b76","naam":"Maycatt"},"informatie_categorieen":[{"uuid":"c9001845-aef0-4150-bbf0-a5f5c096e603","naam":"Inspanningsverplichting"}],"onderwerpen":[{"uuid":"d80502e9-467a-44c2-94fa-e26d5bb1fa12","officiele_titel":"GPP"}],"officiele_titel":"Range
      among clear design argue.","verkorte_titel":"Range turn.","omschrijving":"Start
      popular finish. Most difficult hundred late effect.","registratiedatum":"2025-04-02T03:43:08.115091","laatst_gewijzigd_datum":"2025-03-27T14:00:41.169563"}'
    headers:
      accept:
      - application/vnd.elasticsearch+json; compatible-with=8
      connection:
      - keep-alive
      content-type:
      - application/vnd.elasticsearch+json; compatible-with=8
      user-agent:
      - elasticsearch-dsl-py/8.17.1
      x-elastic-client-meta:
      - es=8.17.1,py=3.12.6,t=8.17.0,ur=2.2.2
    method: PUT
    uri: http://localhost:9201/publication/_doc/a73d00a0-2d01-4fcf-8b9e-e8cb9e2c81b2?refresh=wait_for
  response:
    body:
      string: '{"_index":"publication","_id":"a73d00a0-2d01-4fcf-8b9e-e8cb9e2c81b2","_version":1,"result":"created","_shards":{"total":2,"successful":1,"failed":0},"_seq_no":2,"_primary_term":1}'
    headers:
      Location:
      - /publication/_doc/a73d00a0-2d01-4fcf-8b9e-e8cb9e2c81b2
      X-elastic-product:
      - Elasticsearch
      content-length:
      - '179'
      content-type:
      - application/vnd.elasticsearch+json;compatible-with=8
    status:
      code: 201
      message: Created
- request:
    body: '{"uuid":"fd779365-250f-4f1c-9de6-0c308a1f9093","publisher":{"uuid":"e0eb40f7-eacb-45dc-973a-2e8480f49b76","naam":"Maycatt"},"informatie_categorieen":[{"uuid":"70aa62cf-f404-47c6-92a5-78cb40cedc41","naam":"WOO"}],"onderwerpen":[{"uuid":"ccdaef6a-cf4b-4749-84a0-888afc8c495b","officiele_titel":"Inspanning"}],"officiele_titel":"Site
      decision country letter eat both assume.","verkorte_titel":"Think his.","omschrijving":"Soldier
      inside animal of commercial. Oil wish development among thought help.","registratiedatum":"2025-03-31T03:00:19.839127","laatst_gewijzigd_datum":"2025-03-26T03:52:30.905061"}'
    headers:
      accept:
      - application/vnd.elasticsearch+json; compatible-with=8
      connection:
      - keep-alive
      content-type:
      - application/vnd.elasticsearch+json; compatible-with=8
      user-agent:
      - elasticsearch-dsl-py/8.17.1
      x-elastic-client-meta:
      - es=8.17.1,py=3.12.6,t=8.17.0,ur=2.2.2
    method: PUT
    uri: http://localhost:9201/publication/_doc/fd779365-250f-4f1c-9de6-0c308a1f9093?refresh=wait_for
  response:
    body:
      string: '{"_index":"publication","_id":"fd779365-250f-4f1c-9de6-0c308a1f9093","_version":1,"result":"created","_shards":{"total":2,"successful":1,"failed":0},"_seq_no":3,"_primary_term":1}'
    headers:
      Location:
      - /publication/_doc/fd779365-250f-4f1c-9de6-0c308a1f9093
      X-elastic-product:
      - Elasticsearch
      content-length:
      - '179'
      content-type:
      - application/vnd.elasticsearch+json;compatible-with=8
    status:
      code: 201
      message: Created
- request:
    body: '{"uuid":"8bca9140-81f6-46f0-823a-31184e10ff66","publicatie":"579ae5c4-8249-4522-b182-6d207616202c","informatie_categorieen":[{"uuid":"c9001845-aef0-4150-bbf0-a5f5c096e603","naam":"Inspanningsverplichting"}],"publisher":{"uuid":"f9cc8c26-7ce7-4a25-9554-e6a2892176d7","naam":"Dimpact"},"identifier":"identifier-0","officiele_titel":"Table
      training begin model.","verkorte_titel":"Leave board pull.","omschrijving":"Age
      customer produce whole most home happy. Least effort hair catch institution
      thing near real. Somebody one account positive people simple.","creatiedatum":"2025-03-22","registratiedatum":"2025-04-02T09:08:42.386379","laatst_gewijzigd_datum":"2025-03-21T18:09:36.213940"}'
    headers:
      accept:
      - application/vnd.elasticsearch+json; compatible-with=8
      connection:
      - keep-alive
      content-type:
      - application/vnd.elasticsearch+json; compatible-with=8
      user-agent:
      - elasticsearch-dsl-py/8.17.1
      x-elastic-client-meta:
      - es=8.17.1,py=3.12.6,t=8.17.0,ur=2.2.2
    method: PUT
    uri: http://localhost:9201/document/_doc/8bca9140-81f6-46f0-823a-31184e10ff66?pipeline=document_attachment&refresh=wait_for
  response:
    body:
      string: '{"_index":"document","_id":"8bca9140-81f6-46f0-823a-31184e10ff66","_version":1,"result":"created","_shards":{"total":2,"successful":1,"failed":0},"_seq_no":0,"_primary_term":1}'
    headers:
      Location:
      - /document/_doc/8bca9140-81f6-46f0-823a-31184e10ff66
      X-elastic-product:
      - Elasticsearch
      content-length:
      - '176'
      content-type:
      - application/vnd.elasticsearch+json;compatible-with=8
    status:
      code: 201
      message: Created
- request:
    body: '{"uuid":"0ea8b96e-cca5-45df-9797-abf9cfef3ed6","publicatie":"b4ebff86-d95a-49d8-a242-f4074bc1b5d0","informatie_categorieen":[{"uuid":"70aa62cf-f404-47c6-92a5-78cb40cedc41","naam":"WOO"}],"publisher":{"uuid":"f9cc8c26-7ce7-4a25-9554-e6a2892176d7","naam":"Dimpact"},"identifier":"identifier-1","officiele_titel":"Energy
      indicate federal lawyer me finish bad only.","verkorte_titel":"Allow you.","omschrijving":"Center
      husband sure attack. Wife final religious method.","creatiedatum":"2025-03-21","registratiedatum":"2025-03-31T06:50:36.578239","laatst_gewijzigd_datum":"2025-03-23T11:01:21.100533"}'
    headers:
      accept:
      - application/vnd.elasticsearch+json; compatible-with=8
      connection:
      - keep-alive
      content-type:
      - application/vnd.elasticsearch+json; compatible-with=8
      user-agent:
      - elasticsearch-dsl-py/8.17.1
      x-elastic-client-meta:
      - es=8.17.1,py=3.12.6,t=8.17.0,ur=2.2.2
    method: PUT
    uri: http://localhost:9201/document/_doc/0ea8b96e-cca5-45df-9797-abf9cfef3ed6?pipeline=document_attachment&refresh=wait_for
  response:
    body:
      string: '{"_index":"document","_id":"0ea8b96e-cca5-45df-9797-abf9cfef3ed6","_version":1,"result":"created","_shards":{"total":2,"successful":1,"failed":0},"_seq_no":1,"_primary_term":1}'
    headers:
      Location:
      - /document/_doc/0ea8b96e-cca5-45df-9797-abf9cfef3ed6
      X-elastic-product:
      - Elasticsearch
      content-length:
      - '176'
      content-type:
      - application/vnd.elasticsearch+json;compatible-with=8
    status:
      code: 201
      message: Created
- request:
    body: '{"uuid":"23a6663d-3dfd-4ffd-9179-855eb7d5f26d","publicatie":"6e460008-6642-44d1-8223-deaaed52b71c","informatie_categorieen":[{"uuid":"c9001845-aef0-4150-bbf0-a5f5c096e603","naam":"Inspanningsverplichting"}],"publisher":{"uuid":"e0eb40f7-eacb-45dc-973a-2e8480f49b76","naam":"Maycatt"},"identifier":"identifier-2","officiele_titel":"Easy
      impact boy young book sing star current.","verkorte_titel":"Approach court door.","omschrijving":"Stage
      put professional theory hour remain third different. Direction around sell thought.","creatiedatum":"2025-03-11","registratiedatum":"2025-04-02T09:09:21.450960","laatst_gewijzigd_datum":"2025-03-15T05:11:30.425997"}'
    headers:
      accept:
      - application/vnd.elasticsearch+json; compatible-with=8
      connection:
      - keep-alive
      content-type:
      - application/vnd.elasticsearch+json; compatible-with=8
      user-agent:
      - elasticsearch-dsl-py/8.17.1
      x-elastic-client-meta:
      - es=8.17.1,py=3.12.6,t=8.17.0,ur=2.2.2
    method: PUT
    uri: http://localhost:9201/document/_doc/23a6663d-3dfd-4ffd-9179-855eb7d5f26d?pipeline=document_attachment&refresh=wait_for
  response:
    body:
      string: '{"_index":"document","_id":"23a6663d-3dfd-4ffd-9179-855eb7d5f26d","_version":1,"result":"created","_shards":{"total":2,"successful":1,"failed":0},"_seq_no":2,"_primary_term":1}'
    headers:
      Location:
      - /document/_doc/23a6663d-3dfd-4ffd-9179-855eb7d5f26d
      X-elastic-product:
      - Elasticsearch
      content-length:
      - '176'
      content-type:
      - application/vnd.elasticsearch+json;compatible-with=8
    status:
      code: 201
      message: Created
- request:
    body: '{"uuid":"56a2576a-519a-4c53-8507-966a971a6e51","publicatie":"5d9348a6-7a2d-44fc-8d2e-dd8b405ce616","informatie_categorieen":[{"uuid":"70aa62cf-f404-47c6-92a5-78cb40cedc41","naam":"WOO"}],"publisher":{"uuid":"e0eb40f7-eacb-45dc-973a-2e8480f49b76","naam":"Maycatt"},"identifier":"identifier-3","officiele_titel":"Ground
      individual sure various brother.","verkorte_titel":"Again energy.","omschrijving":"Discover
      experience your small as hotel. Follow table likely paper. Tell project scientist
      adult whether.","creatiedatum":"2025-03-24","registratiedatum":"2025-03-30T17:57:01.142730","laatst_gewijzigd_datum":"2025-03-27T15:13:14.550691"}'
    headers:
      accept:
      - application/vnd.elasticsearch+json; compatible-with=8
      connection:
      - keep-alive
      content-type:
      - application/vnd.elasticsearch+json; compatible-with=8
      user-agent:
      - elasticsearch-dsl-py/8.17.1
      x-elastic-client-meta:
      - es=8.17.1,py=3.12.6,t=8.17.0,ur=2.2.2
    method: PUT
    uri: http://localhost:9201/document/_doc/56a2576a-519a-4c53-8507-966a971a6e51?pipeline=document_attachment&refresh=wait_for
  response:
    body:
      string: '{"_index":"document","_id":"56a2576a-519a-4c53-8507-966a971a6e51","_version":1,"result":"created","_shards":{"total":2,"successful":1,"failed":0},"_seq_no":3,"_primary_term":1}'
    headers:
      Location:
      - /document/_doc/56a2576a-519a-4c53-8507-966a971a6e51
      X-elastic-product:
      - Elasticsearch
      content-length:
      - '176'
      content-type:
      - application/vnd.elasticsearch+json;compatible-with=8
    status:
      code: 201
      message: Created
- request:
    body: '{"query":{"function_score":{"functions":[{"gauss":{"registratiedatum":{"origin":"now","scale":"15d","offset":"7d","decay":0.5}}}],"query":{"match_all":{}},"score_mode":"multiply"}},"post_filter":{"bool":{"must":[{"terms":{"_index":["publication"]}},{"terms":{"publisher.uuid.keyword":["f9cc8c26-7ce7-4a25-9554-e6a2892176d7"]}},{"nested":{"path":"informatie_categorieen","query":{"terms":{"informatie_categorieen.uuid.keyword":["c9001845-aef0-4150-bbf0-a5f5c096e603"]}}}}]}},"aggs":{"ResultType":{"filter":{"bool":{"must":[{"nested":{"path":"informatie_categorieen","query":{"terms":{"informatie_categorieen.uuid.keyword":["c9001845-aef0-4150-bbf0-a5f5c096e603"]}}}},{"terms":{"publisher.uuid.keyword":["f9cc8c26-7ce7-4a25-9554-e6a2892176d7"]}}]}},"aggs":{"FilteredResultType":{"terms":{"field":"_index"}}}},"Publisher":{"filter":{"bool":{"must":[{"nested":{"path":"informatie_categorieen","query":{"terms":{"informatie_categorieen.uuid.keyword":["c9001845-aef0-4150-bbf0-a5f5c096e603"]}}}},{"terms":{"_index":["publication"]}}]}},"aggs":{"FilteredPublisher":{"multi_terms":{"terms":[{"field":"publisher.uuid.keyword"},{"field":"publisher.naam.keyword"}]}}}},"InformationCategories":{"filter":{"bool":{"must":[{"terms":{"publisher.uuid.keyword":["f9cc8c26-7ce7-4a25-9554-e6a2892176d7"]}},{"terms":{"_index":["publication"]}}]}},"aggs":{"Categories":{"nested":{"path":"informatie_categorieen"},"aggs":{"FilteredCategories":{"multi_terms":{"terms":[{"field":"informatie_categorieen.uuid.keyword"},{"field":"informatie_categorieen.naam.keyword"}]}}}}}},"Topics":{"filter":{"bool":{"must":[{"nested":{"path":"informatie_categorieen","query":{"terms":{"informatie_categorieen.uuid.keyword":["c9001845-aef0-4150-bbf0-a5f5c096e603"]}}}},{"terms":{"publisher.uuid.keyword":["f9cc8c26-7ce7-4a25-9554-e6a2892176d7"]}},{"terms":{"_index":["publication"]}}]}},"aggs":{"Topics":{"nested":{"path":"onderwerpen"},"aggs":{"FilteredTopics":{"multi_terms":{"terms":[{"field":"onderwerpen.uuid.keyword"},{"field":"onderwerpen.officiele_titel.keyword"}]}}}}}}},"sort":["_score",{"laatst_gewijzigd_datum":{"order":"desc"}}],"indices_boost":[{"publication":2.0},{"document":1.0}],"from":0,"size":10}'
    headers:
      accept:
      - application/vnd.elasticsearch+json; compatible-with=8
      connection:
      - keep-alive
      content-type:
      - application/vnd.elasticsearch+json; compatible-with=8
      user-agent:
      - elasticsearch-dsl-py/8.17.1
      x-elastic-client-meta:
      - es=8.17.1,py=3.12.6,t=8.17.0,ur=2.2.2
    method: POST
    uri: http://localhost:9201/publication,document/_search
  response:
    body:
      string: '{"took":3,"timed_out":false,"_shards":{"total":2,"successful":2,"skipped":0,"failed":0},"hits":{"total":{"value":1,"relation":"eq"},"max_score":null,"hits":[{"_index":"publication","_id":"dd3b8be0-e461-498a-9a18-0f5fc8adc956","_score":2.0,"_source":{"uuid":"dd3b8be0-e461-498a-9a18-0f5fc8adc956","publisher":{"uuid":"f9cc8c26-7ce7-4a25-9554-e6a2892176d7","naam":"Dimpact"},"informatie_categorieen":[{"uuid":"c9001845-aef0-4150-bbf0-a5f5c096e603","naam":"Inspanningsverplichting"}],"onderwerpen":[{"uuid":"ccdaef6a-cf4b-4749-84a0-888afc8c495b","officiele_titel":"Inspanning"}],"officiele_titel":"Need
        power difficult religious.","verkorte_titel":"Set man system.","omschrijving":"Fear
        especially black project build ten. Sister remember authority near cover detail
        like. Republican sort capital dark account dinner of.","registratiedatum":"2025-04-03T02:52:39.100925","laatst_gewijzigd_datum":"2025-03-12T18:13:09.456054"},"sort":[2.0,1741803189456]}]},"aggregations":{"InformationCategories":{"doc_count":2,"Categories":{"doc_count":2,"FilteredCategories":{"doc_count_error_upper_bound":0,"sum_other_doc_count":0,"buckets":[{"key":["70aa62cf-f404-47c6-92a5-78cb40cedc41","WOO"],"key_as_string":"70aa62cf-f404-47c6-92a5-78cb40cedc41|WOO","doc_count":1},{"key":["c9001845-aef0-4150-bbf0-a5f5c096e603","Inspanningsverplichting"],"key_as_string":"c9001845-aef0-4150-bbf0-a5f5c096e603|Inspanningsverplichting","doc_count":1}]}}},"Topics":{"doc_count":1,"Topics":{"doc_count":1,"FilteredTopics":{"doc_count_error_upper_bound":0,"sum_other_doc_count":0,"buckets":[{"key":["ccdaef6a-cf4b-4749-84a0-888afc8c495b","Inspanning"],"key_as_string":"ccdaef6a-cf4b-4749-84a0-888afc8c495b|Inspanning","doc_count":1}]}}},"Publisher":{"doc_count":2,"FilteredPublisher":{"doc_count_error_upper_bound":0,"sum_other_doc_count":0,"buckets":[{"key":["e0eb40f7-eacb-45dc-973a-2e8480f49b76","Maycatt"],"key_as_string":"e0eb40f7-eacb-45dc-973a-2e8480f49b76|Maycatt","doc_count":1},{"key":["f9cc8c26-7ce7-4a25-9554-e6a2892176d7","Dimpact"],"key_as_string":"f9cc8c26-7ce7-4a25-9554-e6a2892176d7|Dimpact","doc_count":1}]}},"ResultType":{"doc_count":2,"FilteredResultType":{"doc_count_error_upper_bound":0,"sum_other_doc_count":0,"buckets":[{"key":"document","doc_count":1},{"key":"publication","doc_count":1}]}}}}'
    headers:
      Transfer-Encoding:
      - chunked
      X-elastic-product:
      - Elasticsearch
      content-type:
      - application/vnd.elasticsearch+json;compatible-with=8
    status:
      code: 200
      message: OK
version: 1
