interactions:
- request:
    body: '{"uuid":"6aac4fb2-d532-490b-bd6b-87b0257c0236","publicatie":"c1adc5bc-ae27-496d-8d5d-5ac453b4269d","informatie_categorieen":[{"uuid":"f47442fe-b2ec-4a0d-928e-c4889012b70f","naam":"Possible
      coach dream."}],"publisher":{"uuid":"14d2642a-18c0-4248-829d-33928e3dacf8","naam":"Wade,
      Finley and Duncan"},"identifier":"","officiele_titel":"Itself child off relate
      week measure while.","verkorte_titel":"Call effect international realize.","omschrijving":"Human
      subject rock appear where nice several others. Have international matter simple.
      Analysis away of pressure car.","creatiedatum":"2025-06-20","registratiedatum":"2025-06-23T01:41:19.671707","laatst_gewijzigd_datum":"2024-02-11T10:00:00+00:00"}'
    headers:
      accept:
      - application/vnd.elasticsearch+json; compatible-with=8
      connection:
      - keep-alive
      content-type:
      - application/vnd.elasticsearch+json; compatible-with=8
      user-agent:
      - elasticsearch-dsl-py/8.17.1
      x-elastic-client-meta:
      - es=8.17.1,py=3.12.10,t=8.17.0,ur=2.2.2
    method: PUT
    uri: http://localhost:9201/document/_doc/6aac4fb2-d532-490b-bd6b-87b0257c0236?pipeline=document_attachment&refresh=wait_for
  response:
    body:
      string: '{"_index":"document","_id":"6aac4fb2-d532-490b-bd6b-87b0257c0236","_version":3,"result":"created","_shards":{"total":2,"successful":1,"failed":0},"_seq_no":30,"_primary_term":1}'
    headers:
      Location:
      - /document/_doc/6aac4fb2-d532-490b-bd6b-87b0257c0236
      X-elastic-product:
      - Elasticsearch
      content-length:
      - '177'
      content-type:
      - application/vnd.elasticsearch+json;compatible-with=8
    status:
      code: 201
      message: Created
- request:
    body: '{"uuid":"62fceb92-98bd-475c-b184-49ee8a274787","publicatie":"85ea92e1-91b3-452b-8a58-be40e712639d","informatie_categorieen":[{"uuid":"f5b6a7d7-6dd0-4d5d-af55-deb377c599d5","naam":"Condition
      peace old."}],"publisher":{"uuid":"26d07e80-2e8d-4f71-bbb5-02606a4b1587","naam":"Thomas,
      Dean and Wheeler"},"identifier":"","officiele_titel":"Society enjoy west none.","verkorte_titel":"Hope
      community scene.","omschrijving":"Will number up road maybe out nation. Peace
      chair amount movie attack.","creatiedatum":"2025-06-14","registratiedatum":"2025-06-24T03:42:53.856988","laatst_gewijzigd_datum":"2022-12-10T18:00:00+00:00"}'
    headers:
      accept:
      - application/vnd.elasticsearch+json; compatible-with=8
      connection:
      - keep-alive
      content-type:
      - application/vnd.elasticsearch+json; compatible-with=8
      user-agent:
      - elasticsearch-dsl-py/8.17.1
      x-elastic-client-meta:
      - es=8.17.1,py=3.12.10,t=8.17.0,ur=2.2.2
    method: PUT
    uri: http://localhost:9201/document/_doc/62fceb92-98bd-475c-b184-49ee8a274787?pipeline=document_attachment&refresh=wait_for
  response:
    body:
      string: '{"_index":"document","_id":"62fceb92-98bd-475c-b184-49ee8a274787","_version":3,"result":"created","_shards":{"total":2,"successful":1,"failed":0},"_seq_no":31,"_primary_term":1}'
    headers:
      Location:
      - /document/_doc/62fceb92-98bd-475c-b184-49ee8a274787
      X-elastic-product:
      - Elasticsearch
      content-length:
      - '177'
      content-type:
      - application/vnd.elasticsearch+json;compatible-with=8
    status:
      code: 201
      message: Created
- request:
    body: '{"uuid":"ef1dead2-e0f8-45be-acf7-3583adc14906","publicatie":"c00bb427-405b-4aac-a8b4-be84cdd007c3","informatie_categorieen":[{"uuid":"92901774-4a9a-420c-bbbb-74c3e44a0432","naam":"Enjoy
      interesting."}],"publisher":{"uuid":"69673c5f-2117-43ed-a265-1f4b884b421a","naam":"Johnson
      PLC"},"identifier":"","officiele_titel":"Morning above without everything.","verkorte_titel":"Member
      list husband.","omschrijving":"Leader thousand body responsibility stock once.","creatiedatum":"2025-05-31","registratiedatum":"2025-06-22T14:53:11.888481","laatst_gewijzigd_datum":"2025-01-14T21:12:00+00:00"}'
    headers:
      accept:
      - application/vnd.elasticsearch+json; compatible-with=8
      connection:
      - keep-alive
      content-type:
      - application/vnd.elasticsearch+json; compatible-with=8
      user-agent:
      - elasticsearch-dsl-py/8.17.1
      x-elastic-client-meta:
      - es=8.17.1,py=3.12.10,t=8.17.0,ur=2.2.2
    method: PUT
    uri: http://localhost:9201/document/_doc/ef1dead2-e0f8-45be-acf7-3583adc14906?pipeline=document_attachment&refresh=wait_for
  response:
    body:
      string: '{"_index":"document","_id":"ef1dead2-e0f8-45be-acf7-3583adc14906","_version":3,"result":"created","_shards":{"total":2,"successful":1,"failed":0},"_seq_no":32,"_primary_term":1}'
    headers:
      Location:
      - /document/_doc/ef1dead2-e0f8-45be-acf7-3583adc14906
      X-elastic-product:
      - Elasticsearch
      content-length:
      - '177'
      content-type:
      - application/vnd.elasticsearch+json;compatible-with=8
    status:
      code: 201
      message: Created
- request:
    body: '{"query":{"function_score":{"functions":[{"gauss":{"registratiedatum":{"origin":"now","scale":"15d","offset":"7d","decay":0.5}}}],"query":{"bool":{"filter":[{"range":{"laatst_gewijzigd_datum":{"gte":"2024-01-01T00:00:00+01:00","lt":null}}}]}},"score_mode":"multiply"}},"aggs":{"ResultType":{"filter":{"match_all":{}},"aggs":{"FilteredResultType":{"terms":{"field":"_index"}}}},"Publisher":{"filter":{"match_all":{}},"aggs":{"FilteredPublisher":{"multi_terms":{"terms":[{"field":"publisher.uuid.keyword"},{"field":"publisher.naam.keyword"}]}}}},"InformationCategories":{"filter":{"match_all":{}},"aggs":{"Categories":{"nested":{"path":"informatie_categorieen"},"aggs":{"FilteredCategories":{"multi_terms":{"terms":[{"field":"informatie_categorieen.uuid.keyword"},{"field":"informatie_categorieen.naam.keyword"}]}}}}}},"Topics":{"filter":{"match_all":{}},"aggs":{"Topics":{"nested":{"path":"onderwerpen"},"aggs":{"FilteredTopics":{"multi_terms":{"terms":[{"field":"onderwerpen.uuid.keyword"},{"field":"onderwerpen.officiele_titel.keyword"}]}}}}}}},"sort":["_score",{"laatst_gewijzigd_datum":{"order":"desc"}}],"indices_boost":[{"topic":3.0},{"publication":2.0},{"document":1.0}],"from":0,"size":10}'
    headers:
      accept:
      - application/vnd.elasticsearch+json; compatible-with=8
      connection:
      - keep-alive
      content-type:
      - application/vnd.elasticsearch+json; compatible-with=8
      user-agent:
      - elasticsearch-dsl-py/8.17.1
      x-elastic-client-meta:
      - es=8.17.1,py=3.12.10,t=8.17.0,ur=2.2.2
    method: POST
    uri: http://localhost:9201/publication,document,topic/_search
  response:
    body:
      string: '{"took":5,"timed_out":false,"_shards":{"total":3,"successful":3,"skipped":0,"failed":0},"hits":{"total":{"value":2,"relation":"eq"},"max_score":null,"hits":[{"_index":"document","_id":"ef1dead2-e0f8-45be-acf7-3583adc14906","_score":0.0,"_source":{"omschrijving":"Leader
        thousand body responsibility stock once.","identifier":"","publicatie":"c00bb427-405b-4aac-a8b4-be84cdd007c3","officiele_titel":"Morning
        above without everything.","informatie_categorieen":[{"naam":"Enjoy interesting.","uuid":"92901774-4a9a-420c-bbbb-74c3e44a0432"}],"publisher":{"naam":"Johnson
        PLC","uuid":"69673c5f-2117-43ed-a265-1f4b884b421a"},"creatiedatum":"2025-05-31","registratiedatum":"2025-06-22T14:53:11.888481","uuid":"ef1dead2-e0f8-45be-acf7-3583adc14906","verkorte_titel":"Member
        list husband.","laatst_gewijzigd_datum":"2025-01-14T21:12:00+00:00"},"sort":[0.0,1736889120000]},{"_index":"document","_id":"6aac4fb2-d532-490b-bd6b-87b0257c0236","_score":0.0,"_source":{"omschrijving":"Human
        subject rock appear where nice several others. Have international matter simple.
        Analysis away of pressure car.","identifier":"","publicatie":"c1adc5bc-ae27-496d-8d5d-5ac453b4269d","officiele_titel":"Itself
        child off relate week measure while.","informatie_categorieen":[{"naam":"Possible
        coach dream.","uuid":"f47442fe-b2ec-4a0d-928e-c4889012b70f"}],"publisher":{"naam":"Wade,
        Finley and Duncan","uuid":"14d2642a-18c0-4248-829d-33928e3dacf8"},"creatiedatum":"2025-06-20","registratiedatum":"2025-06-23T01:41:19.671707","uuid":"6aac4fb2-d532-490b-bd6b-87b0257c0236","verkorte_titel":"Call
        effect international realize.","laatst_gewijzigd_datum":"2024-02-11T10:00:00+00:00"},"sort":[0.0,1707645600000]}]},"aggregations":{"InformationCategories":{"doc_count":2,"Categories":{"doc_count":2,"FilteredCategories":{"doc_count_error_upper_bound":0,"sum_other_doc_count":0,"buckets":[{"key":["92901774-4a9a-420c-bbbb-74c3e44a0432","Enjoy
        interesting."],"key_as_string":"92901774-4a9a-420c-bbbb-74c3e44a0432|Enjoy
        interesting.","doc_count":1},{"key":["f47442fe-b2ec-4a0d-928e-c4889012b70f","Possible
        coach dream."],"key_as_string":"f47442fe-b2ec-4a0d-928e-c4889012b70f|Possible
        coach dream.","doc_count":1}]}}},"Topics":{"doc_count":2,"Topics":{"doc_count":0,"FilteredTopics":{"doc_count_error_upper_bound":0,"sum_other_doc_count":0,"buckets":[]}}},"Publisher":{"doc_count":2,"FilteredPublisher":{"doc_count_error_upper_bound":0,"sum_other_doc_count":0,"buckets":[{"key":["14d2642a-18c0-4248-829d-33928e3dacf8","Wade,
        Finley and Duncan"],"key_as_string":"14d2642a-18c0-4248-829d-33928e3dacf8|Wade,
        Finley and Duncan","doc_count":1},{"key":["69673c5f-2117-43ed-a265-1f4b884b421a","Johnson
        PLC"],"key_as_string":"69673c5f-2117-43ed-a265-1f4b884b421a|Johnson PLC","doc_count":1}]}},"ResultType":{"doc_count":2,"FilteredResultType":{"doc_count_error_upper_bound":0,"sum_other_doc_count":0,"buckets":[{"key":"document","doc_count":2}]}}}}'
    headers:
      Transfer-Encoding:
      - chunked
      X-elastic-product:
      - Elasticsearch
      content-type:
      - application/vnd.elasticsearch+json;compatible-with=8
    status:
      code: 200
      message: OK
- request:
    body: '{"query":{"function_score":{"functions":[{"gauss":{"registratiedatum":{"origin":"now","scale":"15d","offset":"7d","decay":0.5}}}],"query":{"bool":{"filter":[{"range":{"laatst_gewijzigd_datum":{"gte":null,"lt":"2022-12-31T23:59:59.999999+01:00"}}}]}},"score_mode":"multiply"}},"aggs":{"ResultType":{"filter":{"match_all":{}},"aggs":{"FilteredResultType":{"terms":{"field":"_index"}}}},"Publisher":{"filter":{"match_all":{}},"aggs":{"FilteredPublisher":{"multi_terms":{"terms":[{"field":"publisher.uuid.keyword"},{"field":"publisher.naam.keyword"}]}}}},"InformationCategories":{"filter":{"match_all":{}},"aggs":{"Categories":{"nested":{"path":"informatie_categorieen"},"aggs":{"FilteredCategories":{"multi_terms":{"terms":[{"field":"informatie_categorieen.uuid.keyword"},{"field":"informatie_categorieen.naam.keyword"}]}}}}}},"Topics":{"filter":{"match_all":{}},"aggs":{"Topics":{"nested":{"path":"onderwerpen"},"aggs":{"FilteredTopics":{"multi_terms":{"terms":[{"field":"onderwerpen.uuid.keyword"},{"field":"onderwerpen.officiele_titel.keyword"}]}}}}}}},"sort":["_score",{"laatst_gewijzigd_datum":{"order":"desc"}}],"indices_boost":[{"topic":3.0},{"publication":2.0},{"document":1.0}],"from":0,"size":10}'
    headers:
      accept:
      - application/vnd.elasticsearch+json; compatible-with=8
      connection:
      - keep-alive
      content-type:
      - application/vnd.elasticsearch+json; compatible-with=8
      user-agent:
      - elasticsearch-dsl-py/8.17.1
      x-elastic-client-meta:
      - es=8.17.1,py=3.12.10,t=8.17.0,ur=2.2.2
    method: POST
    uri: http://localhost:9201/publication,document,topic/_search
  response:
    body:
      string: '{"took":4,"timed_out":false,"_shards":{"total":3,"successful":3,"skipped":0,"failed":0},"hits":{"total":{"value":1,"relation":"eq"},"max_score":null,"hits":[{"_index":"document","_id":"62fceb92-98bd-475c-b184-49ee8a274787","_score":0.0,"_source":{"omschrijving":"Will
        number up road maybe out nation. Peace chair amount movie attack.","identifier":"","publicatie":"85ea92e1-91b3-452b-8a58-be40e712639d","officiele_titel":"Society
        enjoy west none.","informatie_categorieen":[{"naam":"Condition peace old.","uuid":"f5b6a7d7-6dd0-4d5d-af55-deb377c599d5"}],"publisher":{"naam":"Thomas,
        Dean and Wheeler","uuid":"26d07e80-2e8d-4f71-bbb5-02606a4b1587"},"creatiedatum":"2025-06-14","registratiedatum":"2025-06-24T03:42:53.856988","uuid":"62fceb92-98bd-475c-b184-49ee8a274787","verkorte_titel":"Hope
        community scene.","laatst_gewijzigd_datum":"2022-12-10T18:00:00+00:00"},"sort":[0.0,1670695200000]}]},"aggregations":{"InformationCategories":{"doc_count":1,"Categories":{"doc_count":1,"FilteredCategories":{"doc_count_error_upper_bound":0,"sum_other_doc_count":0,"buckets":[{"key":["f5b6a7d7-6dd0-4d5d-af55-deb377c599d5","Condition
        peace old."],"key_as_string":"f5b6a7d7-6dd0-4d5d-af55-deb377c599d5|Condition
        peace old.","doc_count":1}]}}},"Topics":{"doc_count":1,"Topics":{"doc_count":0,"FilteredTopics":{"doc_count_error_upper_bound":0,"sum_other_doc_count":0,"buckets":[]}}},"Publisher":{"doc_count":1,"FilteredPublisher":{"doc_count_error_upper_bound":0,"sum_other_doc_count":0,"buckets":[{"key":["26d07e80-2e8d-4f71-bbb5-02606a4b1587","Thomas,
        Dean and Wheeler"],"key_as_string":"26d07e80-2e8d-4f71-bbb5-02606a4b1587|Thomas,
        Dean and Wheeler","doc_count":1}]}},"ResultType":{"doc_count":1,"FilteredResultType":{"doc_count_error_upper_bound":0,"sum_other_doc_count":0,"buckets":[{"key":"document","doc_count":1}]}}}}'
    headers:
      Transfer-Encoding:
      - chunked
      X-elastic-product:
      - Elasticsearch
      content-type:
      - application/vnd.elasticsearch+json;compatible-with=8
    status:
      code: 200
      message: OK
- request:
    body: '{"query":{"function_score":{"functions":[{"gauss":{"registratiedatum":{"origin":"now","scale":"15d","offset":"7d","decay":0.5}}}],"query":{"bool":{"filter":[{"range":{"laatst_gewijzigd_datum":{"gte":"2024-01-01T00:00:00+01:00","lt":"2024-12-31T23:59:59.999999+01:00"}}}]}},"score_mode":"multiply"}},"aggs":{"ResultType":{"filter":{"match_all":{}},"aggs":{"FilteredResultType":{"terms":{"field":"_index"}}}},"Publisher":{"filter":{"match_all":{}},"aggs":{"FilteredPublisher":{"multi_terms":{"terms":[{"field":"publisher.uuid.keyword"},{"field":"publisher.naam.keyword"}]}}}},"InformationCategories":{"filter":{"match_all":{}},"aggs":{"Categories":{"nested":{"path":"informatie_categorieen"},"aggs":{"FilteredCategories":{"multi_terms":{"terms":[{"field":"informatie_categorieen.uuid.keyword"},{"field":"informatie_categorieen.naam.keyword"}]}}}}}},"Topics":{"filter":{"match_all":{}},"aggs":{"Topics":{"nested":{"path":"onderwerpen"},"aggs":{"FilteredTopics":{"multi_terms":{"terms":[{"field":"onderwerpen.uuid.keyword"},{"field":"onderwerpen.officiele_titel.keyword"}]}}}}}}},"sort":["_score",{"laatst_gewijzigd_datum":{"order":"desc"}}],"indices_boost":[{"topic":3.0},{"publication":2.0},{"document":1.0}],"from":0,"size":10}'
    headers:
      accept:
      - application/vnd.elasticsearch+json; compatible-with=8
      connection:
      - keep-alive
      content-type:
      - application/vnd.elasticsearch+json; compatible-with=8
      user-agent:
      - elasticsearch-dsl-py/8.17.1
      x-elastic-client-meta:
      - es=8.17.1,py=3.12.10,t=8.17.0,ur=2.2.2
    method: POST
    uri: http://localhost:9201/publication,document,topic/_search
  response:
    body:
      string: '{"took":3,"timed_out":false,"_shards":{"total":3,"successful":3,"skipped":0,"failed":0},"hits":{"total":{"value":1,"relation":"eq"},"max_score":null,"hits":[{"_index":"document","_id":"6aac4fb2-d532-490b-bd6b-87b0257c0236","_score":0.0,"_source":{"omschrijving":"Human
        subject rock appear where nice several others. Have international matter simple.
        Analysis away of pressure car.","identifier":"","publicatie":"c1adc5bc-ae27-496d-8d5d-5ac453b4269d","officiele_titel":"Itself
        child off relate week measure while.","informatie_categorieen":[{"naam":"Possible
        coach dream.","uuid":"f47442fe-b2ec-4a0d-928e-c4889012b70f"}],"publisher":{"naam":"Wade,
        Finley and Duncan","uuid":"14d2642a-18c0-4248-829d-33928e3dacf8"},"creatiedatum":"2025-06-20","registratiedatum":"2025-06-23T01:41:19.671707","uuid":"6aac4fb2-d532-490b-bd6b-87b0257c0236","verkorte_titel":"Call
        effect international realize.","laatst_gewijzigd_datum":"2024-02-11T10:00:00+00:00"},"sort":[0.0,1707645600000]}]},"aggregations":{"InformationCategories":{"doc_count":1,"Categories":{"doc_count":1,"FilteredCategories":{"doc_count_error_upper_bound":0,"sum_other_doc_count":0,"buckets":[{"key":["f47442fe-b2ec-4a0d-928e-c4889012b70f","Possible
        coach dream."],"key_as_string":"f47442fe-b2ec-4a0d-928e-c4889012b70f|Possible
        coach dream.","doc_count":1}]}}},"Topics":{"doc_count":1,"Topics":{"doc_count":0,"FilteredTopics":{"doc_count_error_upper_bound":0,"sum_other_doc_count":0,"buckets":[]}}},"Publisher":{"doc_count":1,"FilteredPublisher":{"doc_count_error_upper_bound":0,"sum_other_doc_count":0,"buckets":[{"key":["14d2642a-18c0-4248-829d-33928e3dacf8","Wade,
        Finley and Duncan"],"key_as_string":"14d2642a-18c0-4248-829d-33928e3dacf8|Wade,
        Finley and Duncan","doc_count":1}]}},"ResultType":{"doc_count":1,"FilteredResultType":{"doc_count_error_upper_bound":0,"sum_other_doc_count":0,"buckets":[{"key":"document","doc_count":1}]}}}}'
    headers:
      Transfer-Encoding:
      - chunked
      X-elastic-product:
      - Elasticsearch
      content-type:
      - application/vnd.elasticsearch+json;compatible-with=8
    status:
      code: 200
      message: OK
version: 1
