interactions:
- request:
    body: null
    headers:
      accept:
      - application/vnd.elasticsearch+json; compatible-with=8
      connection:
      - keep-alive
      user-agent:
      - elasticsearch-dsl-py/8.17.1
      x-elastic-client-meta:
      - es=8.17.1,py=3.12.8,t=8.17.0,ur=2.2.2
    method: GET
    uri: http://localhost:9201/document/_doc/dd2635a9-228f-4cda-9bec-66310ccbb6a1
  response:
    body:
      string: '{"_index":"document","_id":"dd2635a9-228f-4cda-9bec-66310ccbb6a1","found":false}'
    headers:
      X-elastic-product:
      - Elasticsearch
      content-length:
      - '80'
      content-type:
      - application/vnd.elasticsearch+json;compatible-with=8
    status:
      code: 404
      message: Not Found
- request:
    body: null
    headers:
      accept:
      - application/vnd.elasticsearch+json; compatible-with=8
      connection:
      - keep-alive
      user-agent:
      - elasticsearch-dsl-py/8.17.1
      x-elastic-client-meta:
      - es=8.17.1,py=3.12.6,t=8.17.0,ur=2.2.2
    method: GET
    uri: http://localhost:9201/document/_doc/dd2635a9-228f-4cda-9bec-66310ccbb6a1
  response:
    body:
      string: '{"_index":"document","_id":"dd2635a9-228f-4cda-9bec-66310ccbb6a1","found":false}'
    headers:
      X-elastic-product:
      - Elasticsearch
      content-length:
      - '80'
      content-type:
      - application/vnd.elasticsearch+json;compatible-with=8
    status:
      code: 404
      message: Not Found
- request:
    body: null
    headers:
      accept:
      - application/vnd.elasticsearch+json; compatible-with=8
      connection:
      - keep-alive
      user-agent:
      - elasticsearch-dsl-py/8.17.1
      x-elastic-client-meta:
      - es=8.17.1,py=3.12.6,t=8.17.0,ur=2.2.2
    method: GET
    uri: http://localhost:9201/document/_doc/dd2635a9-228f-4cda-9bec-66310ccbb6a1
  response:
    body:
      string: '{"_index":"document","_id":"dd2635a9-228f-4cda-9bec-66310ccbb6a1","found":false}'
    headers:
      X-elastic-product:
      - Elasticsearch
      content-length:
      - '80'
      content-type:
      - application/vnd.elasticsearch+json;compatible-with=8
    status:
      code: 404
      message: Not Found
- request:
    body: null
    headers:
      accept:
      - application/vnd.elasticsearch+json; compatible-with=8
      connection:
      - keep-alive
      user-agent:
      - elasticsearch-dsl-py/8.17.1
      x-elastic-client-meta:
      - es=8.17.1,py=3.12.6,t=8.17.0,ur=2.2.2
    method: GET
    uri: http://localhost:9201/document/_doc/dd2635a9-228f-4cda-9bec-66310ccbb6a1
  response:
    body:
      string: '{"_index":"document","_id":"dd2635a9-228f-4cda-9bec-66310ccbb6a1","found":false}'
    headers:
      X-elastic-product:
      - Elasticsearch
      content-length:
      - '80'
      content-type:
      - application/vnd.elasticsearch+json;compatible-with=8
    status:
      code: 404
      message: Not Found
- request:
    body: null
    headers:
      accept:
      - application/vnd.elasticsearch+json; compatible-with=8
      connection:
      - keep-alive
      user-agent:
      - elasticsearch-dsl-py/8.17.1
      x-elastic-client-meta:
      - es=8.17.1,py=3.12.6,t=8.17.0,ur=2.2.2
    method: GET
    uri: http://localhost:9201/document/_doc/dd2635a9-228f-4cda-9bec-66310ccbb6a1
  response:
    body:
      string: '{"_index":"document","_id":"dd2635a9-228f-4cda-9bec-66310ccbb6a1","found":false}'
    headers:
      X-elastic-product:
      - Elasticsearch
      content-length:
      - '80'
      content-type:
      - application/vnd.elasticsearch+json;compatible-with=8
    status:
      code: 404
      message: Not Found
- request:
    body: null
    headers:
      accept:
      - application/vnd.elasticsearch+json; compatible-with=8
      connection:
      - keep-alive
      user-agent:
      - elasticsearch-dsl-py/8.17.1
      x-elastic-client-meta:
      - es=8.17.1,py=3.12.6,t=8.17.0,ur=2.2.2
    method: GET
    uri: http://localhost:9201/document/_doc/dd2635a9-228f-4cda-9bec-66310ccbb6a1
  response:
    body:
      string: '{"_index":"document","_id":"dd2635a9-228f-4cda-9bec-66310ccbb6a1","found":false}'
    headers:
      X-elastic-product:
      - Elasticsearch
      content-length:
      - '80'
      content-type:
      - application/vnd.elasticsearch+json;compatible-with=8
    status:
      code: 404
      message: Not Found
- request:
    body: null
    headers:
      accept:
      - application/vnd.elasticsearch+json; compatible-with=8
      connection:
      - keep-alive
      user-agent:
      - elasticsearch-dsl-py/8.17.1
      x-elastic-client-meta:
      - es=8.17.1,py=3.12.6,t=8.17.0,ur=2.2.2
    method: GET
    uri: http://localhost:9201/document/_doc/dd2635a9-228f-4cda-9bec-66310ccbb6a1
  response:
    body:
      string: '{"_index":"document","_id":"dd2635a9-228f-4cda-9bec-66310ccbb6a1","found":false}'
    headers:
      X-elastic-product:
      - Elasticsearch
      content-length:
      - '80'
      content-type:
      - application/vnd.elasticsearch+json;compatible-with=8
    status:
      code: 404
      message: Not Found
- request:
    body: null
    headers:
      accept:
      - application/vnd.elasticsearch+json; compatible-with=8
      connection:
      - keep-alive
      user-agent:
      - elasticsearch-dsl-py/8.17.1
      x-elastic-client-meta:
      - es=8.17.1,py=3.12.6,t=8.17.0,ur=2.2.2
    method: GET
    uri: http://localhost:9201/document/_doc/dd2635a9-228f-4cda-9bec-66310ccbb6a1
  response:
    body:
      string: '{"_index":"document","_id":"dd2635a9-228f-4cda-9bec-66310ccbb6a1","found":false}'
    headers:
      X-elastic-product:
      - Elasticsearch
      content-length:
      - '80'
      content-type:
      - application/vnd.elasticsearch+json;compatible-with=8
    status:
      code: 404
      message: Not Found
version: 1
