interactions:
- request:
    body: '{"uuid":"ad4d66a8-1503-4743-ae55-d1765512530c","publisher":{"uuid":"27b49a82-8ae2-49e4-9c19-5e3b213ad736","naam":"Johnson
      and Sons"},"informatie_categorieen":[{"uuid":"b8405065-112a-419d-9cfe-0999aa03d0b8","naam":"Fund
      life allow."}],"officiele_titel":"Machine wind paper page.","verkorte_titel":"Near
      career.","omschrijving":"Low science Mrs former radio but law. Discover to citizen
      reduce.","registratiedatum":"2025-06-24T06:37:17.183434","laatst_gewijzigd_datum":"2025-06-01T07:11:59.521532"}'
    headers:
      accept:
      - application/vnd.elasticsearch+json; compatible-with=8
      connection:
      - keep-alive
      content-type:
      - application/vnd.elasticsearch+json; compatible-with=8
      user-agent:
      - elasticsearch-dsl-py/8.17.1
      x-elastic-client-meta:
      - es=8.17.1,py=3.12.10,t=8.17.0,ur=2.2.2
    method: PUT
    uri: http://localhost:9201/publication/_doc/ad4d66a8-1503-4743-ae55-d1765512530c?refresh=wait_for
  response:
    body:
      string: '{"_index":"publication","_id":"ad4d66a8-1503-4743-ae55-d1765512530c","_version":1,"result":"created","_shards":{"total":2,"successful":1,"failed":0},"_seq_no":0,"_primary_term":1}'
    headers:
      Location:
      - /publication/_doc/ad4d66a8-1503-4743-ae55-d1765512530c
      X-elastic-product:
      - Elasticsearch
      content-length:
      - '179'
      content-type:
      - application/vnd.elasticsearch+json;compatible-with=8
    status:
      code: 201
      message: Created
- request:
    body: null
    headers:
      accept:
      - application/vnd.elasticsearch+json; compatible-with=8
      connection:
      - keep-alive
      user-agent:
      - elasticsearch-dsl-py/8.17.1
      x-elastic-client-meta:
      - es=8.17.1,py=3.12.10,t=8.17.0,ur=2.2.2
    method: GET
    uri: http://localhost:9201/publication/_doc/ad4d66a8-1503-4743-ae55-d1765512530c
  response:
    body:
      string: '{"_index":"publication","_id":"ad4d66a8-1503-4743-ae55-d1765512530c","_version":1,"_seq_no":0,"_primary_term":1,"found":true,"_source":{"uuid":"ad4d66a8-1503-4743-ae55-d1765512530c","publisher":{"uuid":"27b49a82-8ae2-49e4-9c19-5e3b213ad736","naam":"Johnson
        and Sons"},"informatie_categorieen":[{"uuid":"b8405065-112a-419d-9cfe-0999aa03d0b8","naam":"Fund
        life allow."}],"officiele_titel":"Machine wind paper page.","verkorte_titel":"Near
        career.","omschrijving":"Low science Mrs former radio but law. Discover to
        citizen reduce.","registratiedatum":"2025-06-24T06:37:17.183434","laatst_gewijzigd_datum":"2025-06-01T07:11:59.521532"}}'
    headers:
      X-elastic-product:
      - Elasticsearch
      content-length:
      - '632'
      content-type:
      - application/vnd.elasticsearch+json;compatible-with=8
    status:
      code: 200
      message: OK
- request:
    body: null
    headers:
      accept:
      - application/vnd.elasticsearch+json; compatible-with=8
      connection:
      - keep-alive
      user-agent:
      - elasticsearch-dsl-py/8.17.1
      x-elastic-client-meta:
      - es=8.17.1,py=3.12.10,t=8.17.0,ur=2.2.2
    method: DELETE
    uri: http://localhost:9201/publication/_doc/ad4d66a8-1503-4743-ae55-d1765512530c?if_primary_term=1&if_seq_no=0
  response:
    body:
      string: '{"_index":"publication","_id":"ad4d66a8-1503-4743-ae55-d1765512530c","_version":2,"result":"deleted","_shards":{"total":2,"successful":1,"failed":0},"_seq_no":1,"_primary_term":1}'
    headers:
      X-elastic-product:
      - Elasticsearch
      content-length:
      - '179'
      content-type:
      - application/vnd.elasticsearch+json;compatible-with=8
    status:
      code: 200
      message: OK
- request:
    body: null
    headers:
      accept:
      - application/vnd.elasticsearch+json; compatible-with=8
      connection:
      - keep-alive
      user-agent:
      - elasticsearch-dsl-py/8.17.1
      x-elastic-client-meta:
      - es=8.17.1,py=3.12.10,t=8.17.0,ur=2.2.2
    method: GET
    uri: http://localhost:9201/publication/_doc/ad4d66a8-1503-4743-ae55-d1765512530c
  response:
    body:
      string: '{"_index":"publication","_id":"ad4d66a8-1503-4743-ae55-d1765512530c","found":false}'
    headers:
      X-elastic-product:
      - Elasticsearch
      content-length:
      - '83'
      content-type:
      - application/vnd.elasticsearch+json;compatible-with=8
    status:
      code: 404
      message: Not Found
version: 1
